<!doctype html public "-//w3c//dtd html 4.0 transitional//en">
<html><head>
<title>Static Call Graph - [.\_release\app_thingy_s132.axf]</title></head>
<body><HR>
<H1>Static Call Graph for image .\_release\app_thingy_s132.axf</H1><HR>
<BR><P>#&#060CALLGRAPH&#062# ARM Linker, 5060300: Last Updated: Sun Jul 23 06:58:44 2017
<BR><P>
<H3>Maximum Stack Usage =        984 bytes + Unknown(Cycles, Untraceable Function Pointers)</H3><H3>
Call chain for Maximum Stack Depth:</H3>
main &rArr; configure_gpio_for_sleep &rArr; app_error_handler_bare &rArr; app_error_fault_handler &rArr; m_ui_led_set_event &rArr; led_set &rArr; drv_ext_light_off &rArr; m_ioext_cmd_process &rArr; m_ioext_color_select_cmd_send &rArr; m_ioext_led_drv_ctrl &rArr; SEGGER_RTT_printf &rArr; SEGGER_RTT_vprintf &rArr; _PrintUnsigned &rArr; _StoreChar &rArr; SEGGER_RTT_Write &rArr; SEGGER_RTT_WriteNoLock &rArr; _WriteBlocking &rArr; __aeabi_memcpy
<P>
<H3>
Mutually Recursive functions
</H3> <LI><a href="#[4]">NMI_Handler</a>&nbsp;&nbsp;&nbsp;&rArr;&nbsp;&nbsp;&nbsp;<a href="#[4]">NMI_Handler</a><BR>
 <LI><a href="#[5]">HardFault_Handler</a>&nbsp;&nbsp;&nbsp;&rArr;&nbsp;&nbsp;&nbsp;<a href="#[5]">HardFault_Handler</a><BR>
 <LI><a href="#[6]">MemoryManagement_Handler</a>&nbsp;&nbsp;&nbsp;&rArr;&nbsp;&nbsp;&nbsp;<a href="#[6]">MemoryManagement_Handler</a><BR>
 <LI><a href="#[7]">BusFault_Handler</a>&nbsp;&nbsp;&nbsp;&rArr;&nbsp;&nbsp;&nbsp;<a href="#[7]">BusFault_Handler</a><BR>
 <LI><a href="#[8]">UsageFault_Handler</a>&nbsp;&nbsp;&nbsp;&rArr;&nbsp;&nbsp;&nbsp;<a href="#[8]">UsageFault_Handler</a><BR>
 <LI><a href="#[9]">SVC_Handler</a>&nbsp;&nbsp;&nbsp;&rArr;&nbsp;&nbsp;&nbsp;<a href="#[9]">SVC_Handler</a><BR>
 <LI><a href="#[a]">DebugMonitor_Handler</a>&nbsp;&nbsp;&nbsp;&rArr;&nbsp;&nbsp;&nbsp;<a href="#[a]">DebugMonitor_Handler</a><BR>
 <LI><a href="#[b]">PendSV_Handler</a>&nbsp;&nbsp;&nbsp;&rArr;&nbsp;&nbsp;&nbsp;<a href="#[b]">PendSV_Handler</a><BR>
 <LI><a href="#[c]">SysTick_Handler</a>&nbsp;&nbsp;&nbsp;&rArr;&nbsp;&nbsp;&nbsp;<a href="#[c]">SysTick_Handler</a><BR>
 <LI><a href="#[1c]">CCM_AAR_IRQHandler</a>&nbsp;&nbsp;&nbsp;&rArr;&nbsp;&nbsp;&nbsp;<a href="#[1c]">CCM_AAR_IRQHandler</a><BR>
 <LI><a href="#[23e]">m_ioext_osc_status_change</a>&nbsp;&nbsp;&nbsp;&rArr;&nbsp;&nbsp;&nbsp;<a href="#[15d]">app_error_handler_bare</a><BR>
 <LI><a href="#[2a2]">queue_process</a>&nbsp;&nbsp;&nbsp;&rArr;&nbsp;&nbsp;&nbsp;<a href="#[2a2]">queue_process</a><BR>
</UL>
<P>
<H3>
Function Pointers
</H3><UL>
 <LI><a href="#[7]">BusFault_Handler</a> from arm_startup_nrf52.o(.text) referenced from arm_startup_nrf52.o(RESET)
 <LI><a href="#[1c]">CCM_AAR_IRQHandler</a> from arm_startup_nrf52.o(.text) referenced from arm_startup_nrf52.o(RESET)
 <LI><a href="#[20]">COMP_LPCOMP_IRQHandler</a> from arm_startup_nrf52.o(.text) referenced from arm_startup_nrf52.o(RESET)
 <LI><a href="#[a]">DebugMonitor_Handler</a> from arm_startup_nrf52.o(.text) referenced from arm_startup_nrf52.o(RESET)
 <LI><a href="#[1b]">ECB_IRQHandler</a> from arm_startup_nrf52.o(.text) referenced from arm_startup_nrf52.o(RESET)
 <LI><a href="#[31]">FPU_IRQHandler</a> from arm_startup_nrf52.o(.text) referenced from arm_startup_nrf52.o(RESET)
 <LI><a href="#[13]">GPIOTE_IRQHandler</a> from nrf_drv_gpiote.o(i.GPIOTE_IRQHandler) referenced from arm_startup_nrf52.o(RESET)
 <LI><a href="#[5]">HardFault_Handler</a> from arm_startup_nrf52.o(.text) referenced from arm_startup_nrf52.o(RESET)
 <LI><a href="#[30]">I2S_IRQHandler</a> from arm_startup_nrf52.o(.text) referenced from arm_startup_nrf52.o(RESET)
 <LI><a href="#[2b]">MWU_IRQHandler</a> from arm_startup_nrf52.o(.text) referenced from arm_startup_nrf52.o(RESET)
 <LI><a href="#[6]">MemoryManagement_Handler</a> from arm_startup_nrf52.o(.text) referenced from arm_startup_nrf52.o(RESET)
 <LI><a href="#[12]">NFCT_IRQHandler</a> from arm_startup_nrf52.o(.text) referenced from arm_startup_nrf52.o(RESET)
 <LI><a href="#[4]">NMI_Handler</a> from arm_startup_nrf52.o(.text) referenced from arm_startup_nrf52.o(RESET)
 <LI><a href="#[2a]">PDM_IRQHandler</a> from nrf_drv_pdm.o(i.PDM_IRQHandler) referenced from arm_startup_nrf52.o(RESET)
 <LI><a href="#[d]">POWER_CLOCK_IRQHandler</a> from nrf_drv_clock.o(i.POWER_CLOCK_IRQHandler) referenced from arm_startup_nrf52.o(RESET)
 <LI><a href="#[29]">PWM0_IRQHandler</a> from nrf_drv_pwm.o(i.PWM0_IRQHandler) referenced from arm_startup_nrf52.o(RESET)
 <LI><a href="#[2c]">PWM1_IRQHandler</a> from arm_startup_nrf52.o(.text) referenced from arm_startup_nrf52.o(RESET)
 <LI><a href="#[2d]">PWM2_IRQHandler</a> from arm_startup_nrf52.o(.text) referenced from arm_startup_nrf52.o(RESET)
 <LI><a href="#[b]">PendSV_Handler</a> from arm_startup_nrf52.o(.text) referenced from arm_startup_nrf52.o(RESET)
 <LI><a href="#[1f]">QDEC_IRQHandler</a> from arm_startup_nrf52.o(.text) referenced from arm_startup_nrf52.o(RESET)
 <LI><a href="#[e]">RADIO_IRQHandler</a> from arm_startup_nrf52.o(.text) referenced from arm_startup_nrf52.o(RESET)
 <LI><a href="#[1a]">RNG_IRQHandler</a> from arm_startup_nrf52.o(.text) referenced from arm_startup_nrf52.o(RESET)
 <LI><a href="#[18]">RTC0_IRQHandler</a> from arm_startup_nrf52.o(.text) referenced from arm_startup_nrf52.o(RESET)
 <LI><a href="#[1e]">RTC1_IRQHandler</a> from app_timer.o(i.RTC1_IRQHandler) referenced from arm_startup_nrf52.o(RESET)
 <LI><a href="#[2f]">RTC2_IRQHandler</a> from arm_startup_nrf52.o(.text) referenced from arm_startup_nrf52.o(RESET)
 <LI><a href="#[3]">Reset_Handler</a> from arm_startup_nrf52.o(.text) referenced from arm_startup_nrf52.o(RESET)
 <LI><a href="#[14]">SAADC_IRQHandler</a> from nrf_drv_saadc.o(i.SAADC_IRQHandler) referenced from arm_startup_nrf52.o(RESET)
 <LI><a href="#[10]">SPIM0_SPIS0_TWIM0_TWIS0_SPI0_TWI0_IRQHandler</a> from nrf_drv_twi.o(i.SPIM0_SPIS0_TWIM0_TWIS0_SPI0_TWI0_IRQHandler) referenced from arm_startup_nrf52.o(RESET)
 <LI><a href="#[11]">SPIM1_SPIS1_TWIM1_TWIS1_SPI1_TWI1_IRQHandler</a> from arm_startup_nrf52.o(.text) referenced from arm_startup_nrf52.o(RESET)
 <LI><a href="#[2e]">SPIM2_SPIS2_SPI2_IRQHandler</a> from arm_startup_nrf52.o(.text) referenced from arm_startup_nrf52.o(RESET)
 <LI><a href="#[9]">SVC_Handler</a> from arm_startup_nrf52.o(.text) referenced from arm_startup_nrf52.o(RESET)
 <LI><a href="#[21]">SWI0_EGU0_IRQHandler</a> from app_timer.o(i.SWI0_EGU0_IRQHandler) referenced from arm_startup_nrf52.o(RESET)
 <LI><a href="#[22]">SWI1_EGU1_IRQHandler</a> from arm_startup_nrf52.o(.text) referenced from arm_startup_nrf52.o(RESET)
 <LI><a href="#[23]">SWI2_EGU2_IRQHandler</a> from softdevice_handler.o(i.SWI2_EGU2_IRQHandler) referenced from arm_startup_nrf52.o(RESET)
 <LI><a href="#[24]">SWI3_EGU3_IRQHandler</a> from arm_startup_nrf52.o(.text) referenced from arm_startup_nrf52.o(RESET)
 <LI><a href="#[25]">SWI4_EGU4_IRQHandler</a> from arm_startup_nrf52.o(.text) referenced from arm_startup_nrf52.o(RESET)
 <LI><a href="#[26]">SWI5_EGU5_IRQHandler</a> from arm_startup_nrf52.o(.text) referenced from arm_startup_nrf52.o(RESET)
 <LI><a href="#[c]">SysTick_Handler</a> from arm_startup_nrf52.o(.text) referenced from arm_startup_nrf52.o(RESET)
 <LI><a href="#[33]">SystemInit</a> from system_nrf52.o(i.SystemInit) referenced from arm_startup_nrf52.o(.text)
 <LI><a href="#[19]">TEMP_IRQHandler</a> from arm_startup_nrf52.o(.text) referenced from arm_startup_nrf52.o(RESET)
 <LI><a href="#[15]">TIMER0_IRQHandler</a> from arm_startup_nrf52.o(.text) referenced from arm_startup_nrf52.o(RESET)
 <LI><a href="#[16]">TIMER1_IRQHandler</a> from arm_startup_nrf52.o(.text) referenced from arm_startup_nrf52.o(RESET)
 <LI><a href="#[17]">TIMER2_IRQHandler</a> from arm_startup_nrf52.o(.text) referenced from arm_startup_nrf52.o(RESET)
 <LI><a href="#[27]">TIMER3_IRQHandler</a> from arm_startup_nrf52.o(.text) referenced from arm_startup_nrf52.o(RESET)
 <LI><a href="#[28]">TIMER4_IRQHandler</a> from arm_startup_nrf52.o(.text) referenced from arm_startup_nrf52.o(RESET)
 <LI><a href="#[f]">UARTE0_UART0_IRQHandler</a> from arm_startup_nrf52.o(.text) referenced from arm_startup_nrf52.o(RESET)
 <LI><a href="#[8]">UsageFault_Handler</a> from arm_startup_nrf52.o(.text) referenced from arm_startup_nrf52.o(RESET)
 <LI><a href="#[1d]">WDT_IRQHandler</a> from arm_startup_nrf52.o(.text) referenced from arm_startup_nrf52.o(RESET)
 <LI><a href="#[34]">__main</a> from entry.o(.ARM.Collect$$$$00000000) referenced from arm_startup_nrf52.o(.text)
 <LI><a href="#[39]">_sputc</a> from printfa.o(i._sputc) referenced from printfa.o(i.__0vsprintf)
 <LI><a href="#[3d]">app_timer_evt_get</a> from app_timer_appsh.o(i.app_timer_evt_get) referenced from app_timer_appsh.o(i.app_timer_evt_schedule)
 <LI><a href="#[83]">app_timer_evt_schedule</a> from app_timer_appsh.o(i.app_timer_evt_schedule) referenced from main.o(i.main)
 <LI><a href="#[5f]">app_timer_periodic_handler</a> from m_batt_meas.o(i.app_timer_periodic_handler) referenced from m_batt_meas.o(i.m_batt_meas_enable)
 <LI><a href="#[88]">batt_event_handler_adc</a> from m_batt_meas.o(i.batt_event_handler_adc) referenced from m_batt_meas.o(i.saadc_event_handler_interrupt)
 <LI><a href="#[52]">batt_event_handler_charge</a> from m_batt_meas.o(i.batt_event_handler_charge) referenced from m_batt_meas.o(i.gpiote_evt_handler)
 <LI><a href="#[60]">battery_on_ble_evt</a> from m_batt_meas.o(i.battery_on_ble_evt) referenced from m_batt_meas.o(i.m_batt_meas_init)
 <LI><a href="#[61]">battery_service_init</a> from m_batt_meas.o(i.battery_service_init) referenced from m_batt_meas.o(i.m_batt_meas_init)
 <LI><a href="#[6c]">beacon_advertiser_error_handler</a> from m_ble.o(i.beacon_advertiser_error_handler) referenced from m_ble.o(i.m_ble_init)
 <LI><a href="#[6c]">beacon_advertiser_error_handler</a> from m_ble.o(i.beacon_advertiser_error_handler) referenced from m_ble.o(i.tcs_evt_handler)
 <LI><a href="#[3f]">ble_bas_evt_handler</a> from m_batt_meas.o(i.ble_bas_evt_handler) referenced from m_batt_meas.o(i.battery_service_init)
 <LI><a href="#[68]">ble_dfu_evt_handler</a> from m_ble.o(i.ble_dfu_evt_handler) referenced from m_ble.o(i.m_ble_init)
 <LI><a href="#[65]">ble_evt_dispatch</a> from m_ble.o(i.ble_evt_dispatch) referenced from m_ble.o(i.m_ble_init)
 <LI><a href="#[51]">ble_tes_evt_handler</a> from m_environment.o(i.ble_tes_evt_handler) referenced from m_environment.o(i.environment_service_init)
 <LI><a href="#[86]">ble_tms_evt_handler</a> from m_motion.o(i.ble_tms_evt_handler) referenced from m_motion.o(i.motion_service_init)
 <LI><a href="#[8b]">ble_tss_evt_handler</a> from m_sound.o(i.ble_tss_evt_handler) referenced from m_sound.o(i.sound_service_init)
 <LI><a href="#[8c]">ble_uis_led_write_handler</a> from m_ui.o(i.ble_uis_led_write_handler) referenced from m_ui.o(i.thingy_ui_service_init)
 <LI><a href="#[8d]">ble_uis_pin_write_handler</a> from m_ui.o(i.ble_uis_pin_write_handler) referenced from m_ui.o(i.thingy_ui_service_init)
 <LI><a href="#[8f]">button_evt_handler</a> from m_ui.o(i.button_evt_handler) referenced from m_ui.o(.constdata)
 <LI><a href="#[76]">color_timeout_handler</a> from m_environment.o(i.color_timeout_handler) referenced from m_environment.o(i.m_environment_init)
 <LI><a href="#[4c]">compass_timeout_handler</a> from drv_motion.o(i.compass_timeout_handler) referenced from drv_motion.o(i.drv_motion_init)
 <LI><a href="#[6b]">conn_params_error_handler</a> from m_ble.o(i.conn_params_error_handler) referenced from m_ble.o(i.m_ble_init)
 <LI><a href="#[3c]">detection_delay_timeout_handler</a> from app_button.o(i.detection_delay_timeout_handler) referenced from app_button.o(i.app_button_init)
 <LI><a href="#[87]">dfu_settings_write_callback</a> from nrf_dfu_settings.o(i.dfu_settings_write_callback) referenced from nrf_dfu_settings.o(i.nrf_dfu_settings_init)
 <LI><a href="#[87]">dfu_settings_write_callback</a> from nrf_dfu_settings.o(i.dfu_settings_write_callback) referenced from nrf_dfu_settings.o(i.nrf_dfu_settings_write)
 <LI><a href="#[42]">drv_audio_pdm_event_handler</a> from drv_audio_pdm.o(i.drv_audio_pdm_event_handler) referenced from drv_audio_pdm.o(i.drv_audio_init)
 <LI><a href="#[72]">drv_color_data_handler</a> from m_environment.o(i.drv_color_data_handler) referenced from m_environment.o(i.m_environment_init)
 <LI><a href="#[71]">drv_gas_data_handler</a> from m_environment.o(i.drv_gas_data_handler) referenced from m_environment.o(i.m_environment_init)
 <LI><a href="#[8e]">drv_humidity_evt_handler</a> from m_environment.o(i.drv_humidity_evt_handler) referenced from m_environment.o(.constdata)
 <LI><a href="#[7f]">drv_mic_data_handler</a> from m_sound.o(i.drv_mic_data_handler) referenced from m_sound.o(i.m_sound_init)
 <LI><a href="#[7b]">drv_motion_evt_handler</a> from m_motion.o(i.drv_motion_evt_handler) referenced from m_motion.o(i.m_motion_init)
 <LI><a href="#[70]">drv_pressure_evt_handler</a> from m_environment.o(i.drv_pressure_evt_handler) referenced from m_environment.o(i.m_environment_init)
 <LI><a href="#[7e]">drv_speaker_evt_handler</a> from m_sound.o(i.drv_speaker_evt_handler) referenced from m_sound.o(i.m_sound_init)
 <LI><a href="#[6d]">env_fds_evt_handler</a> from m_environment_flash.o(i.env_fds_evt_handler) referenced from m_environment_flash.o(i.m_env_flash_init)
 <LI><a href="#[6e]">environment_on_ble_evt</a> from m_environment.o(i.environment_on_ble_evt) referenced from m_environment.o(i.m_environment_init)
 <LI><a href="#[6f]">environment_service_init</a> from m_environment.o(i.environment_service_init) referenced from m_environment.o(i.m_environment_init)
 <LI><a href="#[41]">flash_callback</a> from ble_dfu.o(i.flash_callback) referenced from ble_dfu.o(i.ble_dfu_on_ble_evt)
 <LI><a href="#[1]">fs_event_handler</a> from fds.o(i.fs_event_handler) referenced 2 times from fds.o(fs_data)
 <LI><a href="#[2]">fs_evt_handler</a> from nrf_dfu_flash_buttonless.o(i.fs_evt_handler) referenced 2 times from nrf_dfu_flash_buttonless.o(fs_data)
 <LI><a href="#[77]">gas_calib_timeout_handler</a> from m_environment.o(i.gas_calib_timeout_handler) referenced from m_environment.o(i.m_environment_init)
 <LI><a href="#[3b]">gpiote_event_handler</a> from app_button.o(i.gpiote_event_handler) referenced from app_button.o(i.app_button_init)
 <LI><a href="#[43]">gpiote_evt_handler</a> from drv_color.o(i.gpiote_evt_handler) referenced from drv_color.o(i.drv_color_start)
 <LI><a href="#[45]">gpiote_evt_handler</a> from drv_gas_sensor.o(i.gpiote_evt_handler) referenced from drv_gas_sensor.o(i.drv_gas_sensor_start)
 <LI><a href="#[46]">gpiote_evt_handler</a> from drv_humidity.o(i.gpiote_evt_handler) referenced from drv_humidity.o(i.drv_humidity_enable)
 <LI><a href="#[4e]">gpiote_evt_handler</a> from drv_mpu9250.o(i.gpiote_evt_handler) referenced from drv_mpu9250.o(i.drv_mpu9250_enable)
 <LI><a href="#[4f]">gpiote_evt_handler</a> from drv_pressure.o(i.gpiote_evt_handler) referenced from drv_pressure.o(i.drv_pressure_enable)
 <LI><a href="#[62]">gpiote_evt_handler</a> from m_batt_meas.o(i.gpiote_evt_handler) referenced from m_batt_meas.o(i.m_batt_meas_init)
 <LI><a href="#[53]">gpiote_evt_sceduled</a> from drv_gas_sensor.o(i.gpiote_evt_sceduled) referenced 5 times from drv_gas_sensor.o(i.gpiote_evt_handler)
 <LI><a href="#[75]">humidity_timeout_handler</a> from m_environment.o(i.humidity_timeout_handler) referenced from m_environment.o(i.m_environment_init)
 <LI><a href="#[b4]">inv_auto_calibrate</a> from accel_auto_cal.o(.text) referenced 3 times from accel_auto_cal.o(.text)
 <LI><a href="#[5b]">inv_db_load_func</a> from data_builder.o(i.inv_db_load_func) referenced from data_builder.o(i.inv_init_data_builder)
 <LI><a href="#[5a]">inv_db_save_func</a> from data_builder.o(i.inv_db_save_func) referenced from data_builder.o(i.inv_init_data_builder)
 <LI><a href="#[5c]">inv_generate_eMPL_outputs</a> from empl_outputs.o(i.inv_generate_eMPL_outputs) referenced from empl_outputs.o(i.inv_start_eMPL_outputs)
 <LI><a href="#[ff]">inv_generate_fast_nomot</a> from fast_no_motion.o(.text) referenced 2 times from fast_no_motion.o(.text)
 <LI><a href="#[38]">inv_generate_quaternion</a> from quaternion_supervisor.o(.text) referenced from quaternion_supervisor.o(.text)
 <LI><a href="#[5d]">inv_generate_results</a> from results_holder.o(i.inv_generate_results) referenced from results_holder.o(i.inv_start_results_holder)
 <LI><a href="#[e9]">inv_generate_vector_compass_cal</a> from compass_vec_cal.o(.text) referenced 3 times from compass_vec_cal.o(.text)
 <LI><a href="#[35]">inv_gtc_data_cb</a> from gyro_tc.o(.text) referenced from gyro_tc.o(.text)
 <LI><a href="#[37]">inv_gtc_load</a> from gyro_tc.o(.text) referenced from gyro_tc.o(.text)
 <LI><a href="#[36]">inv_gtc_store</a> from gyro_tc.o(.text) referenced from gyro_tc.o(.text)
 <LI><a href="#[136]">inv_magnetic_disturbance_process</a> from mag_disturb.o(.text) referenced 4 times from mag_disturb.o(.text)
 <LI><a href="#[116]">inv_process_9x_sensor_fusion_cb</a> from fusion_9axis.o(.text) referenced 2 times from fusion_9axis.o(.text)
 <LI><a href="#[118]">inv_start_9x_sensor_fusion</a> from fusion_9axis.o(.text) referenced 2 times from fusion_9axis.o(.text)
 <LI><a href="#[58]">inv_start_eMPL_outputs</a> from empl_outputs.o(i.inv_start_eMPL_outputs) referenced from empl_outputs.o(i.inv_enable_eMPL_outputs)
 <LI><a href="#[107]">inv_start_fast_nomot</a> from fast_no_motion.o(.text) referenced 2 times from fast_no_motion.o(.text)
 <LI><a href="#[123]">inv_start_gyro_tc</a> from gyro_tc.o(.text) referenced 2 times from gyro_tc.o(.text)
 <LI><a href="#[c2]">inv_start_in_use_auto_calibration</a> from accel_auto_cal.o(.text) referenced 2 times from accel_auto_cal.o(.text)
 <LI><a href="#[138]">inv_start_magnetic_disturbance</a> from mag_disturb.o(.text) referenced from mag_disturb.o(.text)
 <LI><a href="#[14b]">inv_start_quaternion</a> from quaternion_supervisor.o(.text) referenced 2 times from quaternion_supervisor.o(.text)
 <LI><a href="#[59]">inv_start_results_holder</a> from results_holder.o(i.inv_start_results_holder) referenced from results_holder.o(i.inv_enable_results_holder)
 <LI><a href="#[eb]">inv_start_vector_compass_cal</a> from compass_vec_cal.o(.text) referenced 2 times from compass_vec_cal.o(.text)
 <LI><a href="#[47]">m_audio_buffer_handler</a> from drv_mic.o(i.m_audio_buffer_handler) referenced from drv_mic.o(i.drv_mic_init)
 <LI><a href="#[5e]">m_audio_process</a> from drv_mic.o(i.m_audio_process) referenced from drv_mic.o(i.m_audio_buffer_handler)
 <LI><a href="#[84]">m_batt_meas_handler</a> from main.o(i.m_batt_meas_handler) referenced from main.o(i.main)
 <LI><a href="#[44]">m_light_timer_handler</a> from drv_ext_light.o(i.m_light_timer_handler) referenced from drv_ext_light.o(i.drv_ext_light_init)
 <LI><a href="#[3a]">m_timeslot_callback</a> from advertiser_beacon_timeslot.o(i.m_timeslot_callback) referenced from advertiser_beacon_timeslot.o(i.app_beacon_start)
 <LI><a href="#[32]">main</a> from main.o(i.main) referenced from entry9a.o(.ARM.Collect$$$$0000000B)
 <LI><a href="#[78]">motion_fds_evt_handler</a> from m_motion_flash.o(i.motion_fds_evt_handler) referenced from m_motion_flash.o(i.m_motion_flash_init)
 <LI><a href="#[79]">motion_on_ble_evt</a> from m_motion.o(i.motion_on_ble_evt) referenced from m_motion.o(i.m_motion_init)
 <LI><a href="#[7a]">motion_service_init</a> from m_motion.o(i.motion_service_init) referenced from m_motion.o(i.m_motion_init)
 <LI><a href="#[48]">mpulib_data_handler_cb</a> from drv_motion.o(i.mpulib_data_handler_cb) referenced from drv_motion.o(i.drv_motion_enable)
 <LI><a href="#[4a]">mpulib_orient_cb</a> from drv_motion.o(i.mpulib_orient_cb) referenced from drv_motion.o(i.drv_motion_enable)
 <LI><a href="#[49]">mpulib_tap_cb</a> from drv_motion.o(i.mpulib_tap_cb) referenced from drv_motion.o(i.drv_motion_enable)
 <LI><a href="#[69]">on_adv_evt</a> from m_ble.o(i.on_adv_evt) referenced from m_ble.o(i.m_ble_init)
 <LI><a href="#[6a]">on_conn_params_evt</a> from m_ble.o(i.on_conn_params_evt) referenced from m_ble.o(i.m_ble_init)
 <LI><a href="#[4d]">pedo_timeout_handler</a> from drv_motion.o(i.pedo_timeout_handler) referenced from drv_motion.o(i.drv_motion_init)
 <LI><a href="#[74]">pressure_timeout_handler</a> from m_environment.o(i.pressure_timeout_handler) referenced from m_environment.o(i.m_environment_init)
 <LI><a href="#[50]">pwm_handler</a> from drv_speaker.o(i.pwm_handler) referenced from drv_speaker.o(i.drv_speaker_init)
 <LI><a href="#[3e]">saadc_event_handler_interrupt</a> from m_batt_meas.o(i.saadc_event_handler_interrupt) referenced from m_batt_meas.o(i.app_timer_periodic_handler)
 <LI><a href="#[3e]">saadc_event_handler_interrupt</a> from m_batt_meas.o(i.saadc_event_handler_interrupt) referenced from m_batt_meas.o(i.m_batt_meas_init)
 <LI><a href="#[89]">softdevice_evt_get</a> from softdevice_handler_appsh.o(i.softdevice_evt_get) referenced from softdevice_handler_appsh.o(i.softdevice_evt_schedule)
 <LI><a href="#[64]">softdevice_evt_schedule</a> from softdevice_handler_appsh.o(i.softdevice_evt_schedule) referenced from m_ble.o(i.m_ble_init)
 <LI><a href="#[8a]">softdevice_fault_handler</a> from softdevice_handler.o(i.softdevice_fault_handler) referenced from softdevice_handler.o(i.softdevice_handler_init)
 <LI><a href="#[7c]">sound_on_ble_evt</a> from m_sound.o(i.sound_on_ble_evt) referenced from m_sound.o(i.m_sound_init)
 <LI><a href="#[7d]">sound_service_init</a> from m_sound.o(i.sound_service_init) referenced from m_sound.o(i.m_sound_init)
 <LI><a href="#[66]">sys_evt_dispatch</a> from m_ble.o(i.sys_evt_dispatch) referenced from m_ble.o(i.m_ble_init)
 <LI><a href="#[63]">tc_fds_evt_handler</a> from m_ble_flash.o(i.tc_fds_evt_handler) referenced from m_ble_flash.o(i.m_ble_flash_init)
 <LI><a href="#[67]">tcs_evt_handler</a> from m_ble.o(i.tcs_evt_handler) referenced from m_ble.o(i.m_ble_init)
 <LI><a href="#[4b]">temp_timeout_handler</a> from drv_motion.o(i.temp_timeout_handler) referenced from drv_motion.o(i.drv_motion_init)
 <LI><a href="#[73]">temperature_timeout_handler</a> from m_environment.o(i.temperature_timeout_handler) referenced from m_environment.o(i.m_environment_init)
 <LI><a href="#[85]">thingy_ble_evt_handler</a> from main.o(i.thingy_ble_evt_handler) referenced from main.o(i.main)
 <LI><a href="#[81]">thingy_ui_on_ble_evt</a> from m_ui.o(i.thingy_ui_on_ble_evt) referenced from m_ui.o(i.m_ui_init)
 <LI><a href="#[82]">thingy_ui_service_init</a> from m_ui.o(i.thingy_ui_service_init) referenced from m_ui.o(i.m_ui_init)
 <LI><a href="#[80]">ui_fds_evt_handler</a> from m_ui_flash.o(i.ui_fds_evt_handler) referenced from m_ui_flash.o(i.m_ui_flash_init)
 <LI><a href="#[40]">update_timeout_handler</a> from ble_conn_params.o(i.update_timeout_handler) referenced from ble_conn_params.o(i.ble_conn_params_init)
</UL>
<P>
<H3>
Global Symbols
</H3>
<P><STRONG><a name="[34]"></a>__main</STRONG> (Thumb, 0 bytes, Stack size unknown bytes, entry.o(.ARM.Collect$$$$00000000))
<BR>[Address Reference Count : 1]<UL><LI> arm_startup_nrf52.o(.text)
</UL>
<P><STRONG><a name="[318]"></a>_main_stk</STRONG> (Thumb, 0 bytes, Stack size unknown bytes, entry2.o(.ARM.Collect$$$$00000001))

<P><STRONG><a name="[90]"></a>_main_scatterload</STRONG> (Thumb, 0 bytes, Stack size unknown bytes, entry5.o(.ARM.Collect$$$$00000004))
<BR><BR>[Calls]<UL><LI><a href="#[91]">&gt;&gt;</a>&nbsp;&nbsp;&nbsp;__scatterload
</UL>

<P><STRONG><a name="[15c]"></a>__main_after_scatterload</STRONG> (Thumb, 0 bytes, Stack size unknown bytes, entry5.o(.ARM.Collect$$$$00000004))
<BR><BR>[Called By]<UL><LI><a href="#[91]">&gt;&gt;</a>&nbsp;&nbsp;&nbsp;__scatterload
</UL>

<P><STRONG><a name="[319]"></a>_main_clock</STRONG> (Thumb, 0 bytes, Stack size unknown bytes, entry7b.o(.ARM.Collect$$$$00000008))

<P><STRONG><a name="[31a]"></a>_main_cpp_init</STRONG> (Thumb, 0 bytes, Stack size unknown bytes, entry8b.o(.ARM.Collect$$$$0000000A))

<P><STRONG><a name="[31b]"></a>_main_init</STRONG> (Thumb, 0 bytes, Stack size unknown bytes, entry9a.o(.ARM.Collect$$$$0000000B))

<P><STRONG><a name="[31c]"></a>__rt_final_cpp</STRONG> (Thumb, 0 bytes, Stack size unknown bytes, entry10a.o(.ARM.Collect$$$$0000000D))

<P><STRONG><a name="[31d]"></a>__rt_final_exit</STRONG> (Thumb, 0 bytes, Stack size unknown bytes, entry11a.o(.ARM.Collect$$$$0000000F))

<P><STRONG><a name="[3]"></a>Reset_Handler</STRONG> (Thumb, 8 bytes, Stack size 0 bytes, arm_startup_nrf52.o(.text))
<BR>[Address Reference Count : 1]<UL><LI> arm_startup_nrf52.o(RESET)
</UL>
<P><STRONG><a name="[4]"></a>NMI_Handler</STRONG> (Thumb, 2 bytes, Stack size 0 bytes, arm_startup_nrf52.o(.text))
<BR><BR>[Calls]<UL><LI><a href="#[4]">&gt;&gt;</a>&nbsp;&nbsp;&nbsp;NMI_Handler
</UL>
<BR>[Called By]<UL><LI><a href="#[4]">&gt;&gt;</a>&nbsp;&nbsp;&nbsp;NMI_Handler
</UL>
<BR>[Address Reference Count : 1]<UL><LI> arm_startup_nrf52.o(RESET)
</UL>
<P><STRONG><a name="[5]"></a>HardFault_Handler</STRONG> (Thumb, 2 bytes, Stack size 0 bytes, arm_startup_nrf52.o(.text))
<BR><BR>[Calls]<UL><LI><a href="#[5]">&gt;&gt;</a>&nbsp;&nbsp;&nbsp;HardFault_Handler
</UL>
<BR>[Called By]<UL><LI><a href="#[5]">&gt;&gt;</a>&nbsp;&nbsp;&nbsp;HardFault_Handler
</UL>
<BR>[Address Reference Count : 1]<UL><LI> arm_startup_nrf52.o(RESET)
</UL>
<P><STRONG><a name="[6]"></a>MemoryManagement_Handler</STRONG> (Thumb, 2 bytes, Stack size 0 bytes, arm_startup_nrf52.o(.text))
<BR><BR>[Calls]<UL><LI><a href="#[6]">&gt;&gt;</a>&nbsp;&nbsp;&nbsp;MemoryManagement_Handler
</UL>
<BR>[Called By]<UL><LI><a href="#[6]">&gt;&gt;</a>&nbsp;&nbsp;&nbsp;MemoryManagement_Handler
</UL>
<BR>[Address Reference Count : 1]<UL><LI> arm_startup_nrf52.o(RESET)
</UL>
<P><STRONG><a name="[7]"></a>BusFault_Handler</STRONG> (Thumb, 2 bytes, Stack size 0 bytes, arm_startup_nrf52.o(.text))
<BR><BR>[Calls]<UL><LI><a href="#[7]">&gt;&gt;</a>&nbsp;&nbsp;&nbsp;BusFault_Handler
</UL>
<BR>[Called By]<UL><LI><a href="#[7]">&gt;&gt;</a>&nbsp;&nbsp;&nbsp;BusFault_Handler
</UL>
<BR>[Address Reference Count : 1]<UL><LI> arm_startup_nrf52.o(RESET)
</UL>
<P><STRONG><a name="[8]"></a>UsageFault_Handler</STRONG> (Thumb, 2 bytes, Stack size 0 bytes, arm_startup_nrf52.o(.text))
<BR><BR>[Calls]<UL><LI><a href="#[8]">&gt;&gt;</a>&nbsp;&nbsp;&nbsp;UsageFault_Handler
</UL>
<BR>[Called By]<UL><LI><a href="#[8]">&gt;&gt;</a>&nbsp;&nbsp;&nbsp;UsageFault_Handler
</UL>
<BR>[Address Reference Count : 1]<UL><LI> arm_startup_nrf52.o(RESET)
</UL>
<P><STRONG><a name="[9]"></a>SVC_Handler</STRONG> (Thumb, 2 bytes, Stack size 0 bytes, arm_startup_nrf52.o(.text))
<BR><BR>[Calls]<UL><LI><a href="#[9]">&gt;&gt;</a>&nbsp;&nbsp;&nbsp;SVC_Handler
</UL>
<BR>[Called By]<UL><LI><a href="#[9]">&gt;&gt;</a>&nbsp;&nbsp;&nbsp;SVC_Handler
</UL>
<BR>[Address Reference Count : 1]<UL><LI> arm_startup_nrf52.o(RESET)
</UL>
<P><STRONG><a name="[a]"></a>DebugMonitor_Handler</STRONG> (Thumb, 2 bytes, Stack size 0 bytes, arm_startup_nrf52.o(.text))
<BR><BR>[Calls]<UL><LI><a href="#[a]">&gt;&gt;</a>&nbsp;&nbsp;&nbsp;DebugMonitor_Handler
</UL>
<BR>[Called By]<UL><LI><a href="#[a]">&gt;&gt;</a>&nbsp;&nbsp;&nbsp;DebugMonitor_Handler
</UL>
<BR>[Address Reference Count : 1]<UL><LI> arm_startup_nrf52.o(RESET)
</UL>
<P><STRONG><a name="[b]"></a>PendSV_Handler</STRONG> (Thumb, 2 bytes, Stack size 0 bytes, arm_startup_nrf52.o(.text))
<BR><BR>[Calls]<UL><LI><a href="#[b]">&gt;&gt;</a>&nbsp;&nbsp;&nbsp;PendSV_Handler
</UL>
<BR>[Called By]<UL><LI><a href="#[b]">&gt;&gt;</a>&nbsp;&nbsp;&nbsp;PendSV_Handler
</UL>
<BR>[Address Reference Count : 1]<UL><LI> arm_startup_nrf52.o(RESET)
</UL>
<P><STRONG><a name="[c]"></a>SysTick_Handler</STRONG> (Thumb, 2 bytes, Stack size 0 bytes, arm_startup_nrf52.o(.text))
<BR><BR>[Calls]<UL><LI><a href="#[c]">&gt;&gt;</a>&nbsp;&nbsp;&nbsp;SysTick_Handler
</UL>
<BR>[Called By]<UL><LI><a href="#[c]">&gt;&gt;</a>&nbsp;&nbsp;&nbsp;SysTick_Handler
</UL>
<BR>[Address Reference Count : 1]<UL><LI> arm_startup_nrf52.o(RESET)
</UL>
<P><STRONG><a name="[1c]"></a>CCM_AAR_IRQHandler</STRONG> (Thumb, 0 bytes, Stack size 0 bytes, arm_startup_nrf52.o(.text))
<BR><BR>[Calls]<UL><LI><a href="#[1c]">&gt;&gt;</a>&nbsp;&nbsp;&nbsp;CCM_AAR_IRQHandler
</UL>
<BR>[Called By]<UL><LI><a href="#[1c]">&gt;&gt;</a>&nbsp;&nbsp;&nbsp;CCM_AAR_IRQHandler
</UL>
<BR>[Address Reference Count : 1]<UL><LI> arm_startup_nrf52.o(RESET)
</UL>
<P><STRONG><a name="[20]"></a>COMP_LPCOMP_IRQHandler</STRONG> (Thumb, 0 bytes, Stack size 0 bytes, arm_startup_nrf52.o(.text))
<BR>[Address Reference Count : 1]<UL><LI> arm_startup_nrf52.o(RESET)
</UL>
<P><STRONG><a name="[1b]"></a>ECB_IRQHandler</STRONG> (Thumb, 0 bytes, Stack size 0 bytes, arm_startup_nrf52.o(.text))
<BR>[Address Reference Count : 1]<UL><LI> arm_startup_nrf52.o(RESET)
</UL>
<P><STRONG><a name="[31]"></a>FPU_IRQHandler</STRONG> (Thumb, 0 bytes, Stack size 0 bytes, arm_startup_nrf52.o(.text))
<BR>[Address Reference Count : 1]<UL><LI> arm_startup_nrf52.o(RESET)
</UL>
<P><STRONG><a name="[30]"></a>I2S_IRQHandler</STRONG> (Thumb, 0 bytes, Stack size 0 bytes, arm_startup_nrf52.o(.text))
<BR>[Address Reference Count : 1]<UL><LI> arm_startup_nrf52.o(RESET)
</UL>
<P><STRONG><a name="[2b]"></a>MWU_IRQHandler</STRONG> (Thumb, 0 bytes, Stack size 0 bytes, arm_startup_nrf52.o(.text))
<BR>[Address Reference Count : 1]<UL><LI> arm_startup_nrf52.o(RESET)
</UL>
<P><STRONG><a name="[12]"></a>NFCT_IRQHandler</STRONG> (Thumb, 0 bytes, Stack size 0 bytes, arm_startup_nrf52.o(.text))
<BR>[Address Reference Count : 1]<UL><LI> arm_startup_nrf52.o(RESET)
</UL>
<P><STRONG><a name="[2c]"></a>PWM1_IRQHandler</STRONG> (Thumb, 0 bytes, Stack size 0 bytes, arm_startup_nrf52.o(.text))
<BR>[Address Reference Count : 1]<UL><LI> arm_startup_nrf52.o(RESET)
</UL>
<P><STRONG><a name="[2d]"></a>PWM2_IRQHandler</STRONG> (Thumb, 0 bytes, Stack size 0 bytes, arm_startup_nrf52.o(.text))
<BR>[Address Reference Count : 1]<UL><LI> arm_startup_nrf52.o(RESET)
</UL>
<P><STRONG><a name="[1f]"></a>QDEC_IRQHandler</STRONG> (Thumb, 0 bytes, Stack size 0 bytes, arm_startup_nrf52.o(.text))
<BR>[Address Reference Count : 1]<UL><LI> arm_startup_nrf52.o(RESET)
</UL>
<P><STRONG><a name="[e]"></a>RADIO_IRQHandler</STRONG> (Thumb, 0 bytes, Stack size 0 bytes, arm_startup_nrf52.o(.text))
<BR>[Address Reference Count : 1]<UL><LI> arm_startup_nrf52.o(RESET)
</UL>
<P><STRONG><a name="[1a]"></a>RNG_IRQHandler</STRONG> (Thumb, 0 bytes, Stack size 0 bytes, arm_startup_nrf52.o(.text))
<BR>[Address Reference Count : 1]<UL><LI> arm_startup_nrf52.o(RESET)
</UL>
<P><STRONG><a name="[18]"></a>RTC0_IRQHandler</STRONG> (Thumb, 0 bytes, Stack size 0 bytes, arm_startup_nrf52.o(.text))
<BR>[Address Reference Count : 1]<UL><LI> arm_startup_nrf52.o(RESET)
</UL>
<P><STRONG><a name="[2f]"></a>RTC2_IRQHandler</STRONG> (Thumb, 0 bytes, Stack size 0 bytes, arm_startup_nrf52.o(.text))
<BR>[Address Reference Count : 1]<UL><LI> arm_startup_nrf52.o(RESET)
</UL>
<P><STRONG><a name="[11]"></a>SPIM1_SPIS1_TWIM1_TWIS1_SPI1_TWI1_IRQHandler</STRONG> (Thumb, 0 bytes, Stack size 0 bytes, arm_startup_nrf52.o(.text))
<BR>[Address Reference Count : 1]<UL><LI> arm_startup_nrf52.o(RESET)
</UL>
<P><STRONG><a name="[2e]"></a>SPIM2_SPIS2_SPI2_IRQHandler</STRONG> (Thumb, 0 bytes, Stack size 0 bytes, arm_startup_nrf52.o(.text))
<BR>[Address Reference Count : 1]<UL><LI> arm_startup_nrf52.o(RESET)
</UL>
<P><STRONG><a name="[22]"></a>SWI1_EGU1_IRQHandler</STRONG> (Thumb, 0 bytes, Stack size 0 bytes, arm_startup_nrf52.o(.text))
<BR>[Address Reference Count : 1]<UL><LI> arm_startup_nrf52.o(RESET)
</UL>
<P><STRONG><a name="[24]"></a>SWI3_EGU3_IRQHandler</STRONG> (Thumb, 0 bytes, Stack size 0 bytes, arm_startup_nrf52.o(.text))
<BR>[Address Reference Count : 1]<UL><LI> arm_startup_nrf52.o(RESET)
</UL>
<P><STRONG><a name="[25]"></a>SWI4_EGU4_IRQHandler</STRONG> (Thumb, 0 bytes, Stack size 0 bytes, arm_startup_nrf52.o(.text))
<BR>[Address Reference Count : 1]<UL><LI> arm_startup_nrf52.o(RESET)
</UL>
<P><STRONG><a name="[26]"></a>SWI5_EGU5_IRQHandler</STRONG> (Thumb, 0 bytes, Stack size 0 bytes, arm_startup_nrf52.o(.text))
<BR>[Address Reference Count : 1]<UL><LI> arm_startup_nrf52.o(RESET)
</UL>
<P><STRONG><a name="[19]"></a>TEMP_IRQHandler</STRONG> (Thumb, 0 bytes, Stack size 0 bytes, arm_startup_nrf52.o(.text))
<BR>[Address Reference Count : 1]<UL><LI> arm_startup_nrf52.o(RESET)
</UL>
<P><STRONG><a name="[15]"></a>TIMER0_IRQHandler</STRONG> (Thumb, 0 bytes, Stack size 0 bytes, arm_startup_nrf52.o(.text))
<BR>[Address Reference Count : 1]<UL><LI> arm_startup_nrf52.o(RESET)
</UL>
<P><STRONG><a name="[16]"></a>TIMER1_IRQHandler</STRONG> (Thumb, 0 bytes, Stack size 0 bytes, arm_startup_nrf52.o(.text))
<BR>[Address Reference Count : 1]<UL><LI> arm_startup_nrf52.o(RESET)
</UL>
<P><STRONG><a name="[17]"></a>TIMER2_IRQHandler</STRONG> (Thumb, 0 bytes, Stack size 0 bytes, arm_startup_nrf52.o(.text))
<BR>[Address Reference Count : 1]<UL><LI> arm_startup_nrf52.o(RESET)
</UL>
<P><STRONG><a name="[27]"></a>TIMER3_IRQHandler</STRONG> (Thumb, 0 bytes, Stack size 0 bytes, arm_startup_nrf52.o(.text))
<BR>[Address Reference Count : 1]<UL><LI> arm_startup_nrf52.o(RESET)
</UL>
<P><STRONG><a name="[28]"></a>TIMER4_IRQHandler</STRONG> (Thumb, 0 bytes, Stack size 0 bytes, arm_startup_nrf52.o(.text))
<BR>[Address Reference Count : 1]<UL><LI> arm_startup_nrf52.o(RESET)
</UL>
<P><STRONG><a name="[f]"></a>UARTE0_UART0_IRQHandler</STRONG> (Thumb, 0 bytes, Stack size 0 bytes, arm_startup_nrf52.o(.text))
<BR>[Address Reference Count : 1]<UL><LI> arm_startup_nrf52.o(RESET)
</UL>
<P><STRONG><a name="[1d]"></a>WDT_IRQHandler</STRONG> (Thumb, 0 bytes, Stack size 0 bytes, arm_startup_nrf52.o(.text))
<BR>[Address Reference Count : 1]<UL><LI> arm_startup_nrf52.o(RESET)
</UL>
<P><STRONG><a name="[c0]"></a>inv_init_accel_maxmin</STRONG> (Thumb, 34 bytes, Stack size 0 bytes, accel_auto_cal.o(.text))
<BR><BR>[Called By]<UL><LI><a href="#[bf]">&gt;&gt;</a>&nbsp;&nbsp;&nbsp;inv_init_in_use_auto_calibration
</UL>

<P><STRONG><a name="[be]"></a>inv_record_good_accel_maxmin</STRONG> (Thumb, 58 bytes, Stack size 0 bytes, accel_auto_cal.o(.text))
<BR><BR>[Called By]<UL><LI><a href="#[b4]">&gt;&gt;</a>&nbsp;&nbsp;&nbsp;inv_auto_calibrate
</UL>

<P><STRONG><a name="[92]"></a>inv_get_current_calibrated_accel</STRONG> (Thumb, 70 bytes, Stack size 24 bytes, accel_auto_cal.o(.text))
<BR><BR>[Stack]<UL><LI>Max Depth = 28<LI>Call Chain = inv_get_current_calibrated_accel &rArr; inv_convert_to_body_with_scale
</UL>
<BR>[Calls]<UL><LI><a href="#[93]">&gt;&gt;</a>&nbsp;&nbsp;&nbsp;inv_convert_to_body_with_scale
</UL>
<BR>[Called By]<UL><LI><a href="#[a8]">&gt;&gt;</a>&nbsp;&nbsp;&nbsp;inv_add_accel_block_data
<LI><a href="#[94]">&gt;&gt;</a>&nbsp;&nbsp;&nbsp;inv_check_push
</UL>

<P><STRONG><a name="[b0]"></a>inv_sort_order_4_T</STRONG> (Thumb, 134 bytes, Stack size 0 bytes, accel_auto_cal.o(.text))
<BR><BR>[Called By]<UL><LI><a href="#[af]">&gt;&gt;</a>&nbsp;&nbsp;&nbsp;inv_check_sample_balance
</UL>

<P><STRONG><a name="[a7]"></a>inv_init_check_sample_balance</STRONG> (Thumb, 36 bytes, Stack size 0 bytes, accel_auto_cal.o(.text))
<BR><BR>[Called By]<UL><LI><a href="#[a6]">&gt;&gt;</a>&nbsp;&nbsp;&nbsp;inv_init_check_sample_balance_parameter
</UL>

<P><STRONG><a name="[a6]"></a>inv_init_check_sample_balance_parameter</STRONG> (Thumb, 28 bytes, Stack size 12 bytes, accel_auto_cal.o(.text))
<BR><BR>[Stack]<UL><LI>Max Depth = 12<LI>Call Chain = inv_init_check_sample_balance_parameter
</UL>
<BR>[Calls]<UL><LI><a href="#[a7]">&gt;&gt;</a>&nbsp;&nbsp;&nbsp;inv_init_check_sample_balance
</UL>
<BR>[Called By]<UL><LI><a href="#[ed]">&gt;&gt;</a>&nbsp;&nbsp;&nbsp;inv_init_vector_compass_cal
<LI><a href="#[bf]">&gt;&gt;</a>&nbsp;&nbsp;&nbsp;inv_init_in_use_auto_calibration
</UL>

<P><STRONG><a name="[a8]"></a>inv_add_accel_block_data</STRONG> (Thumb, 180 bytes, Stack size 56 bytes, accel_auto_cal.o(.text))
<BR><BR>[Stack]<UL><LI>Max Depth = 144<LI>Call Chain = inv_add_accel_block_data &rArr; __aeabi_dadd &rArr; _double_epilogue &rArr; _double_round
</UL>
<BR>[Calls]<UL><LI><a href="#[ab]">&gt;&gt;</a>&nbsp;&nbsp;&nbsp;__aeabi_ddiv
<LI><a href="#[ac]">&gt;&gt;</a>&nbsp;&nbsp;&nbsp;__aeabi_d2f
<LI><a href="#[a4]">&gt;&gt;</a>&nbsp;&nbsp;&nbsp;__aeabi_f2d
<LI><a href="#[a9]">&gt;&gt;</a>&nbsp;&nbsp;&nbsp;__aeabi_dadd
<LI><a href="#[92]">&gt;&gt;</a>&nbsp;&nbsp;&nbsp;inv_get_current_calibrated_accel
<LI><a href="#[aa]">&gt;&gt;</a>&nbsp;&nbsp;&nbsp;__hardfp_sqrt
</UL>
<BR>[Called By]<UL><LI><a href="#[b4]">&gt;&gt;</a>&nbsp;&nbsp;&nbsp;inv_auto_calibrate
</UL>

<P><STRONG><a name="[ad]"></a>inv_add_vector_block_data</STRONG> (Thumb, 152 bytes, Stack size 48 bytes, accel_auto_cal.o(.text), UNUSED)
<BR><BR>[Calls]<UL><LI><a href="#[ab]">&gt;&gt;</a>&nbsp;&nbsp;&nbsp;__aeabi_ddiv
<LI><a href="#[ac]">&gt;&gt;</a>&nbsp;&nbsp;&nbsp;__aeabi_d2f
<LI><a href="#[ae]">&gt;&gt;</a>&nbsp;&nbsp;&nbsp;inv_get_sensor_type_gravity
<LI><a href="#[a4]">&gt;&gt;</a>&nbsp;&nbsp;&nbsp;__aeabi_f2d
<LI><a href="#[a9]">&gt;&gt;</a>&nbsp;&nbsp;&nbsp;__aeabi_dadd
<LI><a href="#[aa]">&gt;&gt;</a>&nbsp;&nbsp;&nbsp;__hardfp_sqrt
</UL>

<P><STRONG><a name="[af]"></a>inv_check_sample_balance</STRONG> (Thumb, 372 bytes, Stack size 20 bytes, accel_auto_cal.o(.text))
<BR><BR>[Stack]<UL><LI>Max Depth = 20<LI>Call Chain = inv_check_sample_balance
</UL>
<BR>[Calls]<UL><LI><a href="#[b0]">&gt;&gt;</a>&nbsp;&nbsp;&nbsp;inv_sort_order_4_T
</UL>
<BR>[Called By]<UL><LI><a href="#[d7]">&gt;&gt;</a>&nbsp;&nbsp;&nbsp;inv_ignore_compass_data
<LI><a href="#[b4]">&gt;&gt;</a>&nbsp;&nbsp;&nbsp;inv_auto_calibrate
</UL>

<P><STRONG><a name="[b4]"></a>inv_auto_calibrate</STRONG> (Thumb, 828 bytes, Stack size 112 bytes, accel_auto_cal.o(.text))
<BR><BR>[Stack]<UL><LI>Max Depth = 400<LI>Call Chain = inv_auto_calibrate &rArr; inv_combine_data_calculate_bias &rArr; inv_compute_bias &rArr; __aeabi_dmul &rArr; _double_epilogue &rArr; _double_round
</UL>
<BR>[Calls]<UL><LI><a href="#[b8]">&gt;&gt;</a>&nbsp;&nbsp;&nbsp;inv_get_quaternion
<LI><a href="#[b5]">&gt;&gt;</a>&nbsp;&nbsp;&nbsp;inv_get_linear_accel_float
<LI><a href="#[a3]">&gt;&gt;</a>&nbsp;&nbsp;&nbsp;inv_q30_mult
<LI><a href="#[b9]">&gt;&gt;</a>&nbsp;&nbsp;&nbsp;inv_set_terms
<LI><a href="#[b7]">&gt;&gt;</a>&nbsp;&nbsp;&nbsp;inv_fast_nomot_store_data
<LI><a href="#[ba]">&gt;&gt;</a>&nbsp;&nbsp;&nbsp;inv_fast_nomot_parameter_3rd
<LI><a href="#[bc]">&gt;&gt;</a>&nbsp;&nbsp;&nbsp;inv_fast_nomot_parameter
<LI><a href="#[bb]">&gt;&gt;</a>&nbsp;&nbsp;&nbsp;__aeabi_l2f
<LI><a href="#[af]">&gt;&gt;</a>&nbsp;&nbsp;&nbsp;inv_check_sample_balance
<LI><a href="#[a8]">&gt;&gt;</a>&nbsp;&nbsp;&nbsp;inv_add_accel_block_data
<LI><a href="#[be]">&gt;&gt;</a>&nbsp;&nbsp;&nbsp;inv_record_good_accel_maxmin
<LI><a href="#[b1]">&gt;&gt;</a>&nbsp;&nbsp;&nbsp;set_sample_rate
<LI><a href="#[a0]">&gt;&gt;</a>&nbsp;&nbsp;&nbsp;inv_combine_data_calculate_bias
<LI><a href="#[9b]">&gt;&gt;</a>&nbsp;&nbsp;&nbsp;inv_check_coverage_set_bias
<LI><a href="#[94]">&gt;&gt;</a>&nbsp;&nbsp;&nbsp;inv_check_push
<LI><a href="#[bd]">&gt;&gt;</a>&nbsp;&nbsp;&nbsp;__aeabi_memclr4
<LI><a href="#[b6]">&gt;&gt;</a>&nbsp;&nbsp;&nbsp;__hardfp_sqrtf
</UL>
<BR>[Address Reference Count : 1]<UL><LI> accel_auto_cal.o(.text)
</UL>
<P><STRONG><a name="[bf]"></a>inv_init_in_use_auto_calibration</STRONG> (Thumb, 92 bytes, Stack size 8 bytes, accel_auto_cal.o(.text))
<BR><BR>[Stack]<UL><LI>Max Depth = 32<LI>Call Chain = inv_init_in_use_auto_calibration &rArr; inv_set_default_number_of_samples &rArr; __hardfp_sqrtf
</UL>
<BR>[Calls]<UL><LI><a href="#[c1]">&gt;&gt;</a>&nbsp;&nbsp;&nbsp;inv_set_default_number_of_samples
<LI><a href="#[a6]">&gt;&gt;</a>&nbsp;&nbsp;&nbsp;inv_init_check_sample_balance_parameter
<LI><a href="#[c0]">&gt;&gt;</a>&nbsp;&nbsp;&nbsp;inv_init_accel_maxmin
<LI><a href="#[bd]">&gt;&gt;</a>&nbsp;&nbsp;&nbsp;__aeabi_memclr4
</UL>
<BR>[Called By]<UL><LI><a href="#[c6]">&gt;&gt;</a>&nbsp;&nbsp;&nbsp;inv_enable_in_use_auto_calibration
</UL>

<P><STRONG><a name="[c2]"></a>inv_start_in_use_auto_calibration</STRONG> (Thumb, 14 bytes, Stack size 0 bytes, accel_auto_cal.o(.text))
<BR><BR>[Stack]<UL><LI>Max Depth = 440<LI>Call Chain = inv_start_in_use_auto_calibration &rArr; inv_register_data_cb &rArr; _MLPrintLog &rArr; SEGGER_RTT_Write &rArr; SEGGER_RTT_WriteNoLock &rArr; _WriteBlocking &rArr; __aeabi_memcpy
</UL>
<BR>[Calls]<UL><LI><a href="#[c3]">&gt;&gt;</a>&nbsp;&nbsp;&nbsp;inv_register_data_cb
</UL>
<BR>[Address Reference Count : 1]<UL><LI> accel_auto_cal.o(.text)
</UL>
<P><STRONG><a name="[c4]"></a>inv_stop_in_use_auto_calibration</STRONG> (Thumb, 8 bytes, Stack size 0 bytes, accel_auto_cal.o(.text), UNUSED)
<BR><BR>[Calls]<UL><LI><a href="#[c5]">&gt;&gt;</a>&nbsp;&nbsp;&nbsp;inv_unregister_data_cb
</UL>

<P><STRONG><a name="[c6]"></a>inv_enable_in_use_auto_calibration</STRONG> (Thumb, 24 bytes, Stack size 8 bytes, accel_auto_cal.o(.text))
<BR><BR>[Stack]<UL><LI>Max Depth = 40<LI>Call Chain = inv_enable_in_use_auto_calibration &rArr; inv_init_in_use_auto_calibration &rArr; inv_set_default_number_of_samples &rArr; __hardfp_sqrtf
</UL>
<BR>[Calls]<UL><LI><a href="#[c7]">&gt;&gt;</a>&nbsp;&nbsp;&nbsp;inv_register_mpl_start_notification
<LI><a href="#[bf]">&gt;&gt;</a>&nbsp;&nbsp;&nbsp;inv_init_in_use_auto_calibration
</UL>
<BR>[Called By]<UL><LI><a href="#[1d1]">&gt;&gt;</a>&nbsp;&nbsp;&nbsp;drv_motion_enable
</UL>

<P><STRONG><a name="[c8]"></a>inv_disable_in_use_auto_calibration</STRONG> (Thumb, 22 bytes, Stack size 8 bytes, accel_auto_cal.o(.text), UNUSED)
<BR><BR>[Calls]<UL><LI><a href="#[c9]">&gt;&gt;</a>&nbsp;&nbsp;&nbsp;inv_unregister_mpl_start_notification
<LI><a href="#[c5]">&gt;&gt;</a>&nbsp;&nbsp;&nbsp;inv_unregister_data_cb
</UL>

<P><STRONG><a name="[31e]"></a>inv_get_accel_bias_stage</STRONG> (Thumb, 6 bytes, Stack size 0 bytes, accel_auto_cal.o(.text), UNUSED)

<P><STRONG><a name="[31f]"></a>inv_vector_compass_cal_sensitivity</STRONG> (Thumb, 8 bytes, Stack size 0 bytes, compass_vec_cal.o(.text), UNUSED)

<P><STRONG><a name="[cd]"></a>inv_cheap_rand</STRONG> (Thumb, 42 bytes, Stack size 0 bytes, compass_vec_cal.o(.text))
<BR><BR>[Called By]<UL><LI><a href="#[cc]">&gt;&gt;</a>&nbsp;&nbsp;&nbsp;inv_cheap_gaussian
</UL>

<P><STRONG><a name="[cc]"></a>inv_cheap_gaussian</STRONG> (Thumb, 134 bytes, Stack size 24 bytes, compass_vec_cal.o(.text))
<BR><BR>[Stack]<UL><LI>Max Depth = 224<LI>Call Chain = inv_cheap_gaussian &rArr; __hardfp_log &rArr; __kernel_poly &rArr; __aeabi_dmul &rArr; _double_epilogue &rArr; _double_round
</UL>
<BR>[Calls]<UL><LI><a href="#[b3]">&gt;&gt;</a>&nbsp;&nbsp;&nbsp;__aeabi_dmul
<LI><a href="#[ac]">&gt;&gt;</a>&nbsp;&nbsp;&nbsp;__aeabi_d2f
<LI><a href="#[a4]">&gt;&gt;</a>&nbsp;&nbsp;&nbsp;__aeabi_f2d
<LI><a href="#[cf]">&gt;&gt;</a>&nbsp;&nbsp;&nbsp;__hardfp_log
<LI><a href="#[ce]">&gt;&gt;</a>&nbsp;&nbsp;&nbsp;__hardfp_cosf
<LI><a href="#[cd]">&gt;&gt;</a>&nbsp;&nbsp;&nbsp;inv_cheap_rand
<LI><a href="#[b6]">&gt;&gt;</a>&nbsp;&nbsp;&nbsp;__hardfp_sqrtf
</UL>
<BR>[Called By]<UL><LI><a href="#[dd]">&gt;&gt;</a>&nbsp;&nbsp;&nbsp;inv_check_sim
</UL>

<P><STRONG><a name="[a1]"></a>inv_combine_compass_data</STRONG> (Thumb, 416 bytes, Stack size 40 bytes, compass_vec_cal.o(.text))
<BR><BR>[Stack]<UL><LI>Max Depth = 128<LI>Call Chain = inv_combine_compass_data &rArr; __aeabi_dmul &rArr; _double_epilogue &rArr; _double_round
</UL>
<BR>[Calls]<UL><LI><a href="#[b3]">&gt;&gt;</a>&nbsp;&nbsp;&nbsp;__aeabi_dmul
<LI><a href="#[a4]">&gt;&gt;</a>&nbsp;&nbsp;&nbsp;__aeabi_f2d
<LI><a href="#[a9]">&gt;&gt;</a>&nbsp;&nbsp;&nbsp;__aeabi_dadd
</UL>
<BR>[Called By]<UL><LI><a href="#[e2]">&gt;&gt;</a>&nbsp;&nbsp;&nbsp;inv_process_compass_only_cal
<LI><a href="#[a0]">&gt;&gt;</a>&nbsp;&nbsp;&nbsp;inv_combine_data_calculate_bias
</UL>

<P><STRONG><a name="[b9]"></a>inv_set_terms</STRONG> (Thumb, 932 bytes, Stack size 72 bytes, compass_vec_cal.o(.text))
<BR><BR>[Stack]<UL><LI>Max Depth = 160<LI>Call Chain = inv_set_terms &rArr; __aeabi_dmul &rArr; _double_epilogue &rArr; _double_round
</UL>
<BR>[Calls]<UL><LI><a href="#[b3]">&gt;&gt;</a>&nbsp;&nbsp;&nbsp;__aeabi_dmul
<LI><a href="#[cb]">&gt;&gt;</a>&nbsp;&nbsp;&nbsp;__aeabi_i2d
<LI><a href="#[a9]">&gt;&gt;</a>&nbsp;&nbsp;&nbsp;__aeabi_dadd
</UL>
<BR>[Called By]<UL><LI><a href="#[e2]">&gt;&gt;</a>&nbsp;&nbsp;&nbsp;inv_process_compass_only_cal
<LI><a href="#[dd]">&gt;&gt;</a>&nbsp;&nbsp;&nbsp;inv_check_sim
<LI><a href="#[b4]">&gt;&gt;</a>&nbsp;&nbsp;&nbsp;inv_auto_calibrate
</UL>

<P><STRONG><a name="[a2]"></a>inv_compute_bias</STRONG> (Thumb, 2142 bytes, Stack size 176 bytes, compass_vec_cal.o(.text))
<BR><BR>[Stack]<UL><LI>Max Depth = 264<LI>Call Chain = inv_compute_bias &rArr; __aeabi_dmul &rArr; _double_epilogue &rArr; _double_round
</UL>
<BR>[Calls]<UL><LI><a href="#[b3]">&gt;&gt;</a>&nbsp;&nbsp;&nbsp;__aeabi_dmul
<LI><a href="#[ab]">&gt;&gt;</a>&nbsp;&nbsp;&nbsp;__aeabi_ddiv
<LI><a href="#[9c]">&gt;&gt;</a>&nbsp;&nbsp;&nbsp;__aeabi_dsub
<LI><a href="#[a9]">&gt;&gt;</a>&nbsp;&nbsp;&nbsp;__aeabi_dadd
<LI><a href="#[d0]">&gt;&gt;</a>&nbsp;&nbsp;&nbsp;__aeabi_cdcmpeq
<LI><a href="#[aa]">&gt;&gt;</a>&nbsp;&nbsp;&nbsp;__hardfp_sqrt
</UL>
<BR>[Called By]<UL><LI><a href="#[e2]">&gt;&gt;</a>&nbsp;&nbsp;&nbsp;inv_process_compass_only_cal
<LI><a href="#[dd]">&gt;&gt;</a>&nbsp;&nbsp;&nbsp;inv_check_sim
<LI><a href="#[a0]">&gt;&gt;</a>&nbsp;&nbsp;&nbsp;inv_combine_data_calculate_bias
</UL>

<P><STRONG><a name="[d1]"></a>inv_center_sum</STRONG> (Thumb, 1784 bytes, Stack size 144 bytes, compass_vec_cal.o(.text))
<BR><BR>[Stack]<UL><LI>Max Depth = 232<LI>Call Chain = inv_center_sum &rArr; __aeabi_dmul &rArr; _double_epilogue &rArr; _double_round
</UL>
<BR>[Calls]<UL><LI><a href="#[b3]">&gt;&gt;</a>&nbsp;&nbsp;&nbsp;__aeabi_dmul
<LI><a href="#[9c]">&gt;&gt;</a>&nbsp;&nbsp;&nbsp;__aeabi_dsub
<LI><a href="#[a9]">&gt;&gt;</a>&nbsp;&nbsp;&nbsp;__aeabi_dadd
<LI><a href="#[d2]">&gt;&gt;</a>&nbsp;&nbsp;&nbsp;__aeabi_drsub
</UL>
<BR>[Called By]<UL><LI><a href="#[e2]">&gt;&gt;</a>&nbsp;&nbsp;&nbsp;inv_process_compass_only_cal
</UL>

<P><STRONG><a name="[d3]"></a>inv_get_current_calibrated_compass</STRONG> (Thumb, 82 bytes, Stack size 48 bytes, compass_vec_cal.o(.text))
<BR><BR>[Stack]<UL><LI>Max Depth = 52<LI>Call Chain = inv_get_current_calibrated_compass &rArr; inv_convert_to_body_with_scale
</UL>
<BR>[Calls]<UL><LI><a href="#[93]">&gt;&gt;</a>&nbsp;&nbsp;&nbsp;inv_convert_to_body_with_scale
<LI><a href="#[d4]">&gt;&gt;</a>&nbsp;&nbsp;&nbsp;inv_get_compass_bias
</UL>
<BR>[Called By]<UL><LI><a href="#[d5]">&gt;&gt;</a>&nbsp;&nbsp;&nbsp;inv_add_compass_block_data
</UL>

<P><STRONG><a name="[d5]"></a>inv_add_compass_block_data</STRONG> (Thumb, 172 bytes, Stack size 64 bytes, compass_vec_cal.o(.text))
<BR><BR>[Stack]<UL><LI>Max Depth = 152<LI>Call Chain = inv_add_compass_block_data &rArr; __aeabi_dadd &rArr; _double_epilogue &rArr; _double_round
</UL>
<BR>[Calls]<UL><LI><a href="#[ab]">&gt;&gt;</a>&nbsp;&nbsp;&nbsp;__aeabi_ddiv
<LI><a href="#[ac]">&gt;&gt;</a>&nbsp;&nbsp;&nbsp;__aeabi_d2f
<LI><a href="#[a4]">&gt;&gt;</a>&nbsp;&nbsp;&nbsp;__aeabi_f2d
<LI><a href="#[d6]">&gt;&gt;</a>&nbsp;&nbsp;&nbsp;inv_got_compass_bias
<LI><a href="#[a9]">&gt;&gt;</a>&nbsp;&nbsp;&nbsp;__aeabi_dadd
<LI><a href="#[d3]">&gt;&gt;</a>&nbsp;&nbsp;&nbsp;inv_get_current_calibrated_compass
<LI><a href="#[aa]">&gt;&gt;</a>&nbsp;&nbsp;&nbsp;__hardfp_sqrt
</UL>
<BR>[Called By]<UL><LI><a href="#[d7]">&gt;&gt;</a>&nbsp;&nbsp;&nbsp;inv_ignore_compass_data
</UL>

<P><STRONG><a name="[dd]"></a>inv_check_sim</STRONG> (Thumb, 400 bytes, Stack size 144 bytes, compass_vec_cal.o(.text))
<BR><BR>[Stack]<UL><LI>Max Depth = 408<LI>Call Chain = inv_check_sim &rArr; inv_compute_bias &rArr; __aeabi_dmul &rArr; _double_epilogue &rArr; _double_round
</UL>
<BR>[Calls]<UL><LI><a href="#[b3]">&gt;&gt;</a>&nbsp;&nbsp;&nbsp;__aeabi_dmul
<LI><a href="#[ab]">&gt;&gt;</a>&nbsp;&nbsp;&nbsp;__aeabi_ddiv
<LI><a href="#[de]">&gt;&gt;</a>&nbsp;&nbsp;&nbsp;inv_get_6axis_quaternion
<LI><a href="#[9c]">&gt;&gt;</a>&nbsp;&nbsp;&nbsp;__aeabi_dsub
<LI><a href="#[a9]">&gt;&gt;</a>&nbsp;&nbsp;&nbsp;__aeabi_dadd
<LI><a href="#[a5]">&gt;&gt;</a>&nbsp;&nbsp;&nbsp;__aeabi_cdrcmple
<LI><a href="#[e0]">&gt;&gt;</a>&nbsp;&nbsp;&nbsp;inv_q_mult
<LI><a href="#[df]">&gt;&gt;</a>&nbsp;&nbsp;&nbsp;inv_q_invert
<LI><a href="#[cc]">&gt;&gt;</a>&nbsp;&nbsp;&nbsp;inv_cheap_gaussian
<LI><a href="#[b9]">&gt;&gt;</a>&nbsp;&nbsp;&nbsp;inv_set_terms
<LI><a href="#[a2]">&gt;&gt;</a>&nbsp;&nbsp;&nbsp;inv_compute_bias
<LI><a href="#[aa]">&gt;&gt;</a>&nbsp;&nbsp;&nbsp;__hardfp_sqrt
</UL>
<BR>[Called By]<UL><LI><a href="#[e2]">&gt;&gt;</a>&nbsp;&nbsp;&nbsp;inv_process_compass_only_cal
</UL>

<P><STRONG><a name="[e1]"></a>inv_reset_data_collection</STRONG> (Thumb, 50 bytes, Stack size 8 bytes, compass_vec_cal.o(.text))
<BR><BR>[Stack]<UL><LI>Max Depth = 8<LI>Call Chain = inv_reset_data_collection
</UL>
<BR>[Calls]<UL><LI><a href="#[bd]">&gt;&gt;</a>&nbsp;&nbsp;&nbsp;__aeabi_memclr4
</UL>
<BR>[Called By]<UL><LI><a href="#[ed]">&gt;&gt;</a>&nbsp;&nbsp;&nbsp;inv_init_vector_compass_cal
<LI><a href="#[e2]">&gt;&gt;</a>&nbsp;&nbsp;&nbsp;inv_process_compass_only_cal
</UL>

<P><STRONG><a name="[e2]"></a>inv_process_compass_only_cal</STRONG> (Thumb, 1720 bytes, Stack size 360 bytes, compass_vec_cal.o(.text))
<BR><BR>[Stack]<UL><LI>Max Depth = 768<LI>Call Chain = inv_process_compass_only_cal &rArr; inv_check_sim &rArr; inv_compute_bias &rArr; __aeabi_dmul &rArr; _double_epilogue &rArr; _double_round
</UL>
<BR>[Calls]<UL><LI><a href="#[b3]">&gt;&gt;</a>&nbsp;&nbsp;&nbsp;__aeabi_dmul
<LI><a href="#[ab]">&gt;&gt;</a>&nbsp;&nbsp;&nbsp;__aeabi_ddiv
<LI><a href="#[a4]">&gt;&gt;</a>&nbsp;&nbsp;&nbsp;__aeabi_f2d
<LI><a href="#[cb]">&gt;&gt;</a>&nbsp;&nbsp;&nbsp;__aeabi_i2d
<LI><a href="#[e5]">&gt;&gt;</a>&nbsp;&nbsp;&nbsp;inv_set_compass_state
<LI><a href="#[e8]">&gt;&gt;</a>&nbsp;&nbsp;&nbsp;inv_set_compass_bias_error
<LI><a href="#[9c]">&gt;&gt;</a>&nbsp;&nbsp;&nbsp;__aeabi_dsub
<LI><a href="#[a9]">&gt;&gt;</a>&nbsp;&nbsp;&nbsp;__aeabi_dadd
<LI><a href="#[9f]">&gt;&gt;</a>&nbsp;&nbsp;&nbsp;__aeabi_d2iz
<LI><a href="#[a5]">&gt;&gt;</a>&nbsp;&nbsp;&nbsp;__aeabi_cdrcmple
<LI><a href="#[9e]">&gt;&gt;</a>&nbsp;&nbsp;&nbsp;__aeabi_cdcmple
<LI><a href="#[e7]">&gt;&gt;</a>&nbsp;&nbsp;&nbsp;inv_set_compass_bias_found
<LI><a href="#[e6]">&gt;&gt;</a>&nbsp;&nbsp;&nbsp;inv_set_compass_bias
<LI><a href="#[e4]">&gt;&gt;</a>&nbsp;&nbsp;&nbsp;inv_set_magnetic_disturbance
<LI><a href="#[d0]">&gt;&gt;</a>&nbsp;&nbsp;&nbsp;__aeabi_cdcmpeq
<LI><a href="#[e1]">&gt;&gt;</a>&nbsp;&nbsp;&nbsp;inv_reset_data_collection
<LI><a href="#[dd]">&gt;&gt;</a>&nbsp;&nbsp;&nbsp;inv_check_sim
<LI><a href="#[d1]">&gt;&gt;</a>&nbsp;&nbsp;&nbsp;inv_center_sum
<LI><a href="#[e3]">&gt;&gt;</a>&nbsp;&nbsp;&nbsp;inv_set_peaks
<LI><a href="#[db]">&gt;&gt;</a>&nbsp;&nbsp;&nbsp;inv_bias_stability
<LI><a href="#[d7]">&gt;&gt;</a>&nbsp;&nbsp;&nbsp;inv_ignore_compass_data
<LI><a href="#[ca]">&gt;&gt;</a>&nbsp;&nbsp;&nbsp;inv_check_peaks
<LI><a href="#[b9]">&gt;&gt;</a>&nbsp;&nbsp;&nbsp;inv_set_terms
<LI><a href="#[a2]">&gt;&gt;</a>&nbsp;&nbsp;&nbsp;inv_compute_bias
<LI><a href="#[a1]">&gt;&gt;</a>&nbsp;&nbsp;&nbsp;inv_combine_compass_data
<LI><a href="#[dc]">&gt;&gt;</a>&nbsp;&nbsp;&nbsp;__aeabi_memcpy4
<LI><a href="#[aa]">&gt;&gt;</a>&nbsp;&nbsp;&nbsp;__hardfp_sqrt
</UL>
<BR>[Called By]<UL><LI><a href="#[e9]">&gt;&gt;</a>&nbsp;&nbsp;&nbsp;inv_generate_vector_compass_cal
</UL>

<P><STRONG><a name="[e9]"></a>inv_generate_vector_compass_cal</STRONG> (Thumb, 62 bytes, Stack size 16 bytes, compass_vec_cal.o(.text))
<BR><BR>[Stack]<UL><LI>Max Depth = 784<LI>Call Chain = inv_generate_vector_compass_cal &rArr; inv_process_compass_only_cal &rArr; inv_check_sim &rArr; inv_compute_bias &rArr; __aeabi_dmul &rArr; _double_epilogue &rArr; _double_round
</UL>
<BR>[Calls]<UL><LI><a href="#[e2]">&gt;&gt;</a>&nbsp;&nbsp;&nbsp;inv_process_compass_only_cal
<LI><a href="#[ea]">&gt;&gt;</a>&nbsp;&nbsp;&nbsp;inv_init_sensitivity_const
</UL>
<BR>[Address Reference Count : 1]<UL><LI> compass_vec_cal.o(.text)
</UL>
<P><STRONG><a name="[eb]"></a>inv_start_vector_compass_cal</STRONG> (Thumb, 14 bytes, Stack size 0 bytes, compass_vec_cal.o(.text))
<BR><BR>[Stack]<UL><LI>Max Depth = 440<LI>Call Chain = inv_start_vector_compass_cal &rArr; inv_register_data_cb &rArr; _MLPrintLog &rArr; SEGGER_RTT_Write &rArr; SEGGER_RTT_WriteNoLock &rArr; _WriteBlocking &rArr; __aeabi_memcpy
</UL>
<BR>[Calls]<UL><LI><a href="#[c3]">&gt;&gt;</a>&nbsp;&nbsp;&nbsp;inv_register_data_cb
</UL>
<BR>[Address Reference Count : 1]<UL><LI> compass_vec_cal.o(.text)
</UL>
<P><STRONG><a name="[ec]"></a>inv_stop_vector_compass_cal</STRONG> (Thumb, 8 bytes, Stack size 0 bytes, compass_vec_cal.o(.text), UNUSED)
<BR><BR>[Calls]<UL><LI><a href="#[c5]">&gt;&gt;</a>&nbsp;&nbsp;&nbsp;inv_unregister_data_cb
</UL>

<P><STRONG><a name="[ed]"></a>inv_init_vector_compass_cal</STRONG> (Thumb, 92 bytes, Stack size 8 bytes, compass_vec_cal.o(.text))
<BR><BR>[Stack]<UL><LI>Max Depth = 20<LI>Call Chain = inv_init_vector_compass_cal &rArr; inv_init_check_sample_balance_parameter
</UL>
<BR>[Calls]<UL><LI><a href="#[e1]">&gt;&gt;</a>&nbsp;&nbsp;&nbsp;inv_reset_data_collection
<LI><a href="#[a6]">&gt;&gt;</a>&nbsp;&nbsp;&nbsp;inv_init_check_sample_balance_parameter
<LI><a href="#[bd]">&gt;&gt;</a>&nbsp;&nbsp;&nbsp;__aeabi_memclr4
</UL>
<BR>[Called By]<UL><LI><a href="#[ee]">&gt;&gt;</a>&nbsp;&nbsp;&nbsp;inv_enable_vector_compass_cal
</UL>

<P><STRONG><a name="[ee]"></a>inv_enable_vector_compass_cal</STRONG> (Thumb, 24 bytes, Stack size 8 bytes, compass_vec_cal.o(.text))
<BR><BR>[Stack]<UL><LI>Max Depth = 28<LI>Call Chain = inv_enable_vector_compass_cal &rArr; inv_init_vector_compass_cal &rArr; inv_init_check_sample_balance_parameter
</UL>
<BR>[Calls]<UL><LI><a href="#[c7]">&gt;&gt;</a>&nbsp;&nbsp;&nbsp;inv_register_mpl_start_notification
<LI><a href="#[ed]">&gt;&gt;</a>&nbsp;&nbsp;&nbsp;inv_init_vector_compass_cal
</UL>
<BR>[Called By]<UL><LI><a href="#[1d1]">&gt;&gt;</a>&nbsp;&nbsp;&nbsp;drv_motion_enable
</UL>

<P><STRONG><a name="[ef]"></a>inv_disable_vector_compass_cal</STRONG> (Thumb, 22 bytes, Stack size 8 bytes, compass_vec_cal.o(.text), UNUSED)
<BR><BR>[Calls]<UL><LI><a href="#[c9]">&gt;&gt;</a>&nbsp;&nbsp;&nbsp;inv_unregister_mpl_start_notification
<LI><a href="#[c5]">&gt;&gt;</a>&nbsp;&nbsp;&nbsp;inv_unregister_data_cb
</UL>

<P><STRONG><a name="[f5]"></a>inv_init_maxmin</STRONG> (Thumb, 78 bytes, Stack size 8 bytes, fast_no_motion.o(.text))
<BR><BR>[Stack]<UL><LI>Max Depth = 8<LI>Call Chain = inv_init_maxmin
</UL>
<BR>[Called By]<UL><LI><a href="#[107]">&gt;&gt;</a>&nbsp;&nbsp;&nbsp;inv_start_fast_nomot
<LI><a href="#[106]">&gt;&gt;</a>&nbsp;&nbsp;&nbsp;inv_init_fast_nomot
<LI><a href="#[f9]">&gt;&gt;</a>&nbsp;&nbsp;&nbsp;inv_detect_motion_by_gyro_accel
<LI><a href="#[f3]">&gt;&gt;</a>&nbsp;&nbsp;&nbsp;inv_fast_nomot_set_gyro_bias
<LI><a href="#[fa]">&gt;&gt;</a>&nbsp;&nbsp;&nbsp;inv_reset_packet
</UL>

<P><STRONG><a name="[bc]"></a>inv_fast_nomot_parameter</STRONG> (Thumb, 332 bytes, Stack size 48 bytes, fast_no_motion.o(.text))
<BR><BR>[Stack]<UL><LI>Max Depth = 68<LI>Call Chain = inv_fast_nomot_parameter &rArr; __aeabi_l2f &rArr; _float_epilogue
</UL>
<BR>[Calls]<UL><LI><a href="#[f1]">&gt;&gt;</a>&nbsp;&nbsp;&nbsp;__aeabi_f2lz
<LI><a href="#[bb]">&gt;&gt;</a>&nbsp;&nbsp;&nbsp;__aeabi_l2f
<LI><a href="#[f2]">&gt;&gt;</a>&nbsp;&nbsp;&nbsp;__aeabi_lasr
</UL>
<BR>[Called By]<UL><LI><a href="#[f9]">&gt;&gt;</a>&nbsp;&nbsp;&nbsp;inv_detect_motion_by_gyro_accel
<LI><a href="#[b4]">&gt;&gt;</a>&nbsp;&nbsp;&nbsp;inv_auto_calibrate
</UL>

<P><STRONG><a name="[ba]"></a>inv_fast_nomot_parameter_3rd</STRONG> (Thumb, 190 bytes, Stack size 40 bytes, fast_no_motion.o(.text))
<BR><BR>[Stack]<UL><LI>Max Depth = 60<LI>Call Chain = inv_fast_nomot_parameter_3rd &rArr; __aeabi_l2f &rArr; _float_epilogue
</UL>
<BR>[Calls]<UL><LI><a href="#[f1]">&gt;&gt;</a>&nbsp;&nbsp;&nbsp;__aeabi_f2lz
<LI><a href="#[bb]">&gt;&gt;</a>&nbsp;&nbsp;&nbsp;__aeabi_l2f
<LI><a href="#[f2]">&gt;&gt;</a>&nbsp;&nbsp;&nbsp;__aeabi_lasr
</UL>
<BR>[Called By]<UL><LI><a href="#[b4]">&gt;&gt;</a>&nbsp;&nbsp;&nbsp;inv_auto_calibrate
</UL>

<P><STRONG><a name="[f3]"></a>inv_fast_nomot_set_gyro_bias</STRONG> (Thumb, 232 bytes, Stack size 40 bytes, fast_no_motion.o(.text))
<BR><BR>[Stack]<UL><LI>Max Depth = 84<LI>Call Chain = inv_fast_nomot_set_gyro_bias &rArr; inv_set_gyro_bias &rArr; inv_apply_calibration &rArr; inv_convert_to_body_with_scale
</UL>
<BR>[Calls]<UL><LI><a href="#[f7]">&gt;&gt;</a>&nbsp;&nbsp;&nbsp;inv_set_motion_state
<LI><a href="#[a3]">&gt;&gt;</a>&nbsp;&nbsp;&nbsp;inv_q30_mult
<LI><a href="#[f6]">&gt;&gt;</a>&nbsp;&nbsp;&nbsp;inv_set_gyro_bias
<LI><a href="#[f5]">&gt;&gt;</a>&nbsp;&nbsp;&nbsp;inv_init_maxmin
<LI><a href="#[bd]">&gt;&gt;</a>&nbsp;&nbsp;&nbsp;__aeabi_memclr4
<LI><a href="#[f4]">&gt;&gt;</a>&nbsp;&nbsp;&nbsp;__aeabi_llsl
</UL>
<BR>[Called By]<UL><LI><a href="#[ff]">&gt;&gt;</a>&nbsp;&nbsp;&nbsp;inv_generate_fast_nomot
</UL>

<P><STRONG><a name="[320]"></a>inv_set_fast_nomot_compass_threshold</STRONG> (Thumb, 8 bytes, Stack size 0 bytes, fast_no_motion.o(.text), UNUSED)

<P><STRONG><a name="[321]"></a>int_set_fast_nomot_gyro_threshold</STRONG> (Thumb, 8 bytes, Stack size 0 bytes, fast_no_motion.o(.text), UNUSED)

<P><STRONG><a name="[322]"></a>inv_set_fast_nomot_accel_threshold</STRONG> (Thumb, 8 bytes, Stack size 0 bytes, fast_no_motion.o(.text), UNUSED)

<P><STRONG><a name="[323]"></a>inv_get_fast_nomot_compass_param</STRONG> (Thumb, 18 bytes, Stack size 0 bytes, fast_no_motion.o(.text), UNUSED)

<P><STRONG><a name="[324]"></a>inv_get_fast_nomot_accel_param</STRONG> (Thumb, 18 bytes, Stack size 0 bytes, fast_no_motion.o(.text), UNUSED)

<P><STRONG><a name="[b7]"></a>inv_fast_nomot_store_data</STRONG> (Thumb, 140 bytes, Stack size 44 bytes, fast_no_motion.o(.text))
<BR><BR>[Stack]<UL><LI>Max Depth = 44<LI>Call Chain = inv_fast_nomot_store_data
</UL>
<BR>[Called By]<UL><LI><a href="#[fd]">&gt;&gt;</a>&nbsp;&nbsp;&nbsp;inv_sensor_data_preprocess
<LI><a href="#[b4]">&gt;&gt;</a>&nbsp;&nbsp;&nbsp;inv_auto_calibrate
</UL>

<P><STRONG><a name="[fe]"></a>inv_fast_nomot_store_data_compass</STRONG> (Thumb, 74 bytes, Stack size 12 bytes, fast_no_motion.o(.text))
<BR><BR>[Stack]<UL><LI>Max Depth = 12<LI>Call Chain = inv_fast_nomot_store_data_compass
</UL>
<BR>[Called By]<UL><LI><a href="#[fd]">&gt;&gt;</a>&nbsp;&nbsp;&nbsp;inv_sensor_data_preprocess
</UL>

<P><STRONG><a name="[100]"></a>inv_fast_nomot_reset_data_compass</STRONG> (Thumb, 36 bytes, Stack size 8 bytes, fast_no_motion.o(.text))
<BR><BR>[Stack]<UL><LI>Max Depth = 8<LI>Call Chain = inv_fast_nomot_reset_data_compass
</UL>
<BR>[Called By]<UL><LI><a href="#[ff]">&gt;&gt;</a>&nbsp;&nbsp;&nbsp;inv_generate_fast_nomot
</UL>

<P><STRONG><a name="[103]"></a>inv_fast_nomot_get_time_elaps</STRONG> (Thumb, 8 bytes, Stack size 0 bytes, fast_no_motion.o(.text))
<BR><BR>[Called By]<UL><LI><a href="#[ff]">&gt;&gt;</a>&nbsp;&nbsp;&nbsp;inv_generate_fast_nomot
</UL>

<P><STRONG><a name="[102]"></a>inv_fast_nomot_parameter_compass</STRONG> (Thumb, 22 bytes, Stack size 0 bytes, fast_no_motion.o(.text))
<BR><BR>[Called By]<UL><LI><a href="#[ff]">&gt;&gt;</a>&nbsp;&nbsp;&nbsp;inv_generate_fast_nomot
</UL>

<P><STRONG><a name="[f8]"></a>inv_get_right_shift_by_rounding</STRONG> (Thumb, 76 bytes, Stack size 32 bytes, fast_no_motion.o(.text), UNUSED)
<BR><BR>[Calls]<UL><LI><a href="#[f2]">&gt;&gt;</a>&nbsp;&nbsp;&nbsp;__aeabi_lasr
<LI><a href="#[f4]">&gt;&gt;</a>&nbsp;&nbsp;&nbsp;__aeabi_llsl
</UL>

<P><STRONG><a name="[101]"></a>inv_reset_min_max_gyro_accel_statistics</STRONG> (Thumb, 38 bytes, Stack size 0 bytes, fast_no_motion.o(.text))
<BR><BR>[Called By]<UL><LI><a href="#[ff]">&gt;&gt;</a>&nbsp;&nbsp;&nbsp;inv_generate_fast_nomot
</UL>

<P><STRONG><a name="[105]"></a>inv_record_max_moment_in_no_motion_gyro</STRONG> (Thumb, 32 bytes, Stack size 12 bytes, fast_no_motion.o(.text))
<BR><BR>[Stack]<UL><LI>Max Depth = 12<LI>Call Chain = inv_record_max_moment_in_no_motion_gyro
</UL>
<BR>[Called By]<UL><LI><a href="#[ff]">&gt;&gt;</a>&nbsp;&nbsp;&nbsp;inv_generate_fast_nomot
</UL>

<P><STRONG><a name="[104]"></a>inv_record_max_moment_in_no_motion_accel</STRONG> (Thumb, 32 bytes, Stack size 12 bytes, fast_no_motion.o(.text))
<BR><BR>[Stack]<UL><LI>Max Depth = 12<LI>Call Chain = inv_record_max_moment_in_no_motion_accel
</UL>
<BR>[Called By]<UL><LI><a href="#[ff]">&gt;&gt;</a>&nbsp;&nbsp;&nbsp;inv_generate_fast_nomot
</UL>

<P><STRONG><a name="[fc]"></a>inv_record_min_moment_in_motion_gyro</STRONG> (Thumb, 34 bytes, Stack size 12 bytes, fast_no_motion.o(.text))
<BR><BR>[Stack]<UL><LI>Max Depth = 12<LI>Call Chain = inv_record_min_moment_in_motion_gyro
</UL>
<BR>[Called By]<UL><LI><a href="#[f9]">&gt;&gt;</a>&nbsp;&nbsp;&nbsp;inv_detect_motion_by_gyro_accel
</UL>

<P><STRONG><a name="[fb]"></a>inv_record_min_moment_in_motion_accel</STRONG> (Thumb, 34 bytes, Stack size 12 bytes, fast_no_motion.o(.text))
<BR><BR>[Stack]<UL><LI>Max Depth = 12<LI>Call Chain = inv_record_min_moment_in_motion_accel
</UL>
<BR>[Called By]<UL><LI><a href="#[f9]">&gt;&gt;</a>&nbsp;&nbsp;&nbsp;inv_detect_motion_by_gyro_accel
</UL>

<P><STRONG><a name="[f9]"></a>inv_detect_motion_by_gyro_accel</STRONG> (Thumb, 214 bytes, Stack size 32 bytes, fast_no_motion.o(.text))
<BR><BR>[Stack]<UL><LI>Max Depth = 100<LI>Call Chain = inv_detect_motion_by_gyro_accel &rArr; inv_fast_nomot_parameter &rArr; __aeabi_l2f &rArr; _float_epilogue
</UL>
<BR>[Calls]<UL><LI><a href="#[fb]">&gt;&gt;</a>&nbsp;&nbsp;&nbsp;inv_record_min_moment_in_motion_accel
<LI><a href="#[fc]">&gt;&gt;</a>&nbsp;&nbsp;&nbsp;inv_record_min_moment_in_motion_gyro
<LI><a href="#[f5]">&gt;&gt;</a>&nbsp;&nbsp;&nbsp;inv_init_maxmin
<LI><a href="#[fa]">&gt;&gt;</a>&nbsp;&nbsp;&nbsp;inv_reset_packet
<LI><a href="#[bc]">&gt;&gt;</a>&nbsp;&nbsp;&nbsp;inv_fast_nomot_parameter
<LI><a href="#[bd]">&gt;&gt;</a>&nbsp;&nbsp;&nbsp;__aeabi_memclr4
</UL>
<BR>[Called By]<UL><LI><a href="#[ff]">&gt;&gt;</a>&nbsp;&nbsp;&nbsp;inv_generate_fast_nomot
</UL>

<P><STRONG><a name="[fd]"></a>inv_sensor_data_preprocess</STRONG> (Thumb, 132 bytes, Stack size 20 bytes, fast_no_motion.o(.text))
<BR><BR>[Stack]<UL><LI>Max Depth = 64<LI>Call Chain = inv_sensor_data_preprocess &rArr; inv_fast_nomot_store_data
</UL>
<BR>[Calls]<UL><LI><a href="#[fe]">&gt;&gt;</a>&nbsp;&nbsp;&nbsp;inv_fast_nomot_store_data_compass
<LI><a href="#[b7]">&gt;&gt;</a>&nbsp;&nbsp;&nbsp;inv_fast_nomot_store_data
</UL>
<BR>[Called By]<UL><LI><a href="#[ff]">&gt;&gt;</a>&nbsp;&nbsp;&nbsp;inv_generate_fast_nomot
</UL>

<P><STRONG><a name="[ff]"></a>inv_generate_fast_nomot</STRONG> (Thumb, 504 bytes, Stack size 32 bytes, fast_no_motion.o(.text))
<BR><BR>[Stack]<UL><LI>Max Depth = 132<LI>Call Chain = inv_generate_fast_nomot &rArr; inv_detect_motion_by_gyro_accel &rArr; inv_fast_nomot_parameter &rArr; __aeabi_l2f &rArr; _float_epilogue
</UL>
<BR>[Calls]<UL><LI><a href="#[f7]">&gt;&gt;</a>&nbsp;&nbsp;&nbsp;inv_set_motion_state
<LI><a href="#[fd]">&gt;&gt;</a>&nbsp;&nbsp;&nbsp;inv_sensor_data_preprocess
<LI><a href="#[f9]">&gt;&gt;</a>&nbsp;&nbsp;&nbsp;inv_detect_motion_by_gyro_accel
<LI><a href="#[104]">&gt;&gt;</a>&nbsp;&nbsp;&nbsp;inv_record_max_moment_in_no_motion_accel
<LI><a href="#[105]">&gt;&gt;</a>&nbsp;&nbsp;&nbsp;inv_record_max_moment_in_no_motion_gyro
<LI><a href="#[101]">&gt;&gt;</a>&nbsp;&nbsp;&nbsp;inv_reset_min_max_gyro_accel_statistics
<LI><a href="#[102]">&gt;&gt;</a>&nbsp;&nbsp;&nbsp;inv_fast_nomot_parameter_compass
<LI><a href="#[103]">&gt;&gt;</a>&nbsp;&nbsp;&nbsp;inv_fast_nomot_get_time_elaps
<LI><a href="#[100]">&gt;&gt;</a>&nbsp;&nbsp;&nbsp;inv_fast_nomot_reset_data_compass
<LI><a href="#[f3]">&gt;&gt;</a>&nbsp;&nbsp;&nbsp;inv_fast_nomot_set_gyro_bias
<LI><a href="#[fa]">&gt;&gt;</a>&nbsp;&nbsp;&nbsp;inv_reset_packet
<LI><a href="#[b6]">&gt;&gt;</a>&nbsp;&nbsp;&nbsp;__hardfp_sqrtf
</UL>
<BR>[Address Reference Count : 1]<UL><LI> fast_no_motion.o(.text)
</UL>
<P><STRONG><a name="[c1]"></a>inv_set_default_number_of_samples</STRONG> (Thumb, 62 bytes, Stack size 8 bytes, fast_no_motion.o(.text))
<BR><BR>[Stack]<UL><LI>Max Depth = 24<LI>Call Chain = inv_set_default_number_of_samples &rArr; __hardfp_sqrtf
</UL>
<BR>[Calls]<UL><LI><a href="#[b6]">&gt;&gt;</a>&nbsp;&nbsp;&nbsp;__hardfp_sqrtf
</UL>
<BR>[Called By]<UL><LI><a href="#[106]">&gt;&gt;</a>&nbsp;&nbsp;&nbsp;inv_init_fast_nomot
<LI><a href="#[bf]">&gt;&gt;</a>&nbsp;&nbsp;&nbsp;inv_init_in_use_auto_calibration
</UL>

<P><STRONG><a name="[106]"></a>inv_init_fast_nomot</STRONG> (Thumb, 78 bytes, Stack size 8 bytes, fast_no_motion.o(.text))
<BR><BR>[Stack]<UL><LI>Max Depth = 32<LI>Call Chain = inv_init_fast_nomot &rArr; inv_set_default_number_of_samples &rArr; __hardfp_sqrtf
</UL>
<BR>[Calls]<UL><LI><a href="#[f5]">&gt;&gt;</a>&nbsp;&nbsp;&nbsp;inv_init_maxmin
<LI><a href="#[c1]">&gt;&gt;</a>&nbsp;&nbsp;&nbsp;inv_set_default_number_of_samples
<LI><a href="#[bd]">&gt;&gt;</a>&nbsp;&nbsp;&nbsp;__aeabi_memclr4
</UL>
<BR>[Called By]<UL><LI><a href="#[10a]">&gt;&gt;</a>&nbsp;&nbsp;&nbsp;inv_enable_fast_nomot
</UL>

<P><STRONG><a name="[107]"></a>inv_start_fast_nomot</STRONG> (Thumb, 56 bytes, Stack size 8 bytes, fast_no_motion.o(.text))
<BR><BR>[Stack]<UL><LI>Max Depth = 448<LI>Call Chain = inv_start_fast_nomot &rArr; inv_register_data_cb &rArr; _MLPrintLog &rArr; SEGGER_RTT_Write &rArr; SEGGER_RTT_WriteNoLock &rArr; _WriteBlocking &rArr; __aeabi_memcpy
</UL>
<BR>[Calls]<UL><LI><a href="#[108]">&gt;&gt;</a>&nbsp;&nbsp;&nbsp;inv_set_message
<LI><a href="#[c3]">&gt;&gt;</a>&nbsp;&nbsp;&nbsp;inv_register_data_cb
<LI><a href="#[f5]">&gt;&gt;</a>&nbsp;&nbsp;&nbsp;inv_init_maxmin
<LI><a href="#[bd]">&gt;&gt;</a>&nbsp;&nbsp;&nbsp;__aeabi_memclr4
</UL>
<BR>[Address Reference Count : 1]<UL><LI> fast_no_motion.o(.text)
</UL>
<P><STRONG><a name="[109]"></a>inv_stop_fast_nomot</STRONG> (Thumb, 20 bytes, Stack size 8 bytes, fast_no_motion.o(.text), UNUSED)
<BR><BR>[Calls]<UL><LI><a href="#[f7]">&gt;&gt;</a>&nbsp;&nbsp;&nbsp;inv_set_motion_state
<LI><a href="#[c5]">&gt;&gt;</a>&nbsp;&nbsp;&nbsp;inv_unregister_data_cb
</UL>
<BR>[Called By]<UL><LI><a href="#[10b]">&gt;&gt;</a>&nbsp;&nbsp;&nbsp;inv_disable_fast_nomot
</UL>

<P><STRONG><a name="[10a]"></a>inv_enable_fast_nomot</STRONG> (Thumb, 24 bytes, Stack size 8 bytes, fast_no_motion.o(.text))
<BR><BR>[Stack]<UL><LI>Max Depth = 40<LI>Call Chain = inv_enable_fast_nomot &rArr; inv_init_fast_nomot &rArr; inv_set_default_number_of_samples &rArr; __hardfp_sqrtf
</UL>
<BR>[Calls]<UL><LI><a href="#[c7]">&gt;&gt;</a>&nbsp;&nbsp;&nbsp;inv_register_mpl_start_notification
<LI><a href="#[106]">&gt;&gt;</a>&nbsp;&nbsp;&nbsp;inv_init_fast_nomot
</UL>
<BR>[Called By]<UL><LI><a href="#[1d1]">&gt;&gt;</a>&nbsp;&nbsp;&nbsp;drv_motion_enable
</UL>

<P><STRONG><a name="[10b]"></a>inv_disable_fast_nomot</STRONG> (Thumb, 18 bytes, Stack size 8 bytes, fast_no_motion.o(.text), UNUSED)
<BR><BR>[Calls]<UL><LI><a href="#[c9]">&gt;&gt;</a>&nbsp;&nbsp;&nbsp;inv_unregister_mpl_start_notification
<LI><a href="#[109]">&gt;&gt;</a>&nbsp;&nbsp;&nbsp;inv_stop_fast_nomot
</UL>

<P><STRONG><a name="[325]"></a>inv_get_fnm_gyro_no_motion_param</STRONG> (Thumb, 8 bytes, Stack size 0 bytes, fast_no_motion.o(.text), UNUSED)

<P><STRONG><a name="[326]"></a>inv_fnm_debug_print</STRONG> (Thumb, 2 bytes, Stack size 0 bytes, fast_no_motion.o(.text), UNUSED)

<P><STRONG><a name="[10e]"></a>inv_filter_correction_angle</STRONG> (Thumb, 374 bytes, Stack size 32 bytes, fusion_9axis.o(.text))
<BR><BR>[Stack]<UL><LI>Max Depth = 120<LI>Call Chain = inv_filter_correction_angle &rArr; __aeabi_dmul &rArr; _double_epilogue &rArr; _double_round
</UL>
<BR>[Calls]<UL><LI><a href="#[b3]">&gt;&gt;</a>&nbsp;&nbsp;&nbsp;__aeabi_dmul
<LI><a href="#[ab]">&gt;&gt;</a>&nbsp;&nbsp;&nbsp;__aeabi_ddiv
<LI><a href="#[ac]">&gt;&gt;</a>&nbsp;&nbsp;&nbsp;__aeabi_d2f
<LI><a href="#[a4]">&gt;&gt;</a>&nbsp;&nbsp;&nbsp;__aeabi_f2d
<LI><a href="#[cb]">&gt;&gt;</a>&nbsp;&nbsp;&nbsp;__aeabi_i2d
<LI><a href="#[96]">&gt;&gt;</a>&nbsp;&nbsp;&nbsp;__aeabi_memmove4
</UL>
<BR>[Called By]<UL><LI><a href="#[10f]">&gt;&gt;</a>&nbsp;&nbsp;&nbsp;inv_perform_9x_fusion
</UL>

<P><STRONG><a name="[10f]"></a>inv_perform_9x_fusion</STRONG> (Thumb, 894 bytes, Stack size 216 bytes, fusion_9axis.o(.text))
<BR><BR>[Stack]<UL><LI>Max Depth = 352<LI>Call Chain = inv_perform_9x_fusion &rArr; inv_find_synchronized_compass_angle &rArr; inv_compass_angle &rArr; __hardfp_atan2f
</UL>
<BR>[Calls]<UL><LI><a href="#[115]">&gt;&gt;</a>&nbsp;&nbsp;&nbsp;inv_set_compass_correction
<LI><a href="#[de]">&gt;&gt;</a>&nbsp;&nbsp;&nbsp;inv_get_6axis_quaternion
<LI><a href="#[114]">&gt;&gt;</a>&nbsp;&nbsp;&nbsp;inv_q_normalizef
<LI><a href="#[112]">&gt;&gt;</a>&nbsp;&nbsp;&nbsp;inv_q_multf
<LI><a href="#[e0]">&gt;&gt;</a>&nbsp;&nbsp;&nbsp;inv_q_mult
<LI><a href="#[df]">&gt;&gt;</a>&nbsp;&nbsp;&nbsp;inv_q_invert
<LI><a href="#[da]">&gt;&gt;</a>&nbsp;&nbsp;&nbsp;inv_get_gyro_sum_of_sqr
<LI><a href="#[110]">&gt;&gt;</a>&nbsp;&nbsp;&nbsp;inv_quaternion_to_rotation
<LI><a href="#[95]">&gt;&gt;</a>&nbsp;&nbsp;&nbsp;inv_get_gravity
<LI><a href="#[ce]">&gt;&gt;</a>&nbsp;&nbsp;&nbsp;__hardfp_cosf
<LI><a href="#[113]">&gt;&gt;</a>&nbsp;&nbsp;&nbsp;inv_get_magnetic_disturbance_state
<LI><a href="#[10e]">&gt;&gt;</a>&nbsp;&nbsp;&nbsp;inv_filter_correction_angle
<LI><a href="#[10c]">&gt;&gt;</a>&nbsp;&nbsp;&nbsp;inv_find_synchronized_compass_angle
<LI><a href="#[111]">&gt;&gt;</a>&nbsp;&nbsp;&nbsp;__hardfp_sinf
</UL>
<BR>[Called By]<UL><LI><a href="#[116]">&gt;&gt;</a>&nbsp;&nbsp;&nbsp;inv_process_9x_sensor_fusion_cb
</UL>

<P><STRONG><a name="[116]"></a>inv_process_9x_sensor_fusion_cb</STRONG> (Thumb, 120 bytes, Stack size 16 bytes, fusion_9axis.o(.text))
<BR><BR>[Stack]<UL><LI>Max Depth = 368<LI>Call Chain = inv_process_9x_sensor_fusion_cb &rArr; inv_perform_9x_fusion &rArr; inv_find_synchronized_compass_angle &rArr; inv_compass_angle &rArr; __hardfp_atan2f
</UL>
<BR>[Calls]<UL><LI><a href="#[10f]">&gt;&gt;</a>&nbsp;&nbsp;&nbsp;inv_perform_9x_fusion
</UL>
<BR>[Address Reference Count : 1]<UL><LI> fusion_9axis.o(.text)
</UL>
<P><STRONG><a name="[117]"></a>inv_init_9x_fusion</STRONG> (Thumb, 52 bytes, Stack size 8 bytes, fusion_9axis.o(.text))
<BR><BR>[Stack]<UL><LI>Max Depth = 12<LI>Call Chain = inv_init_9x_fusion &rArr; inv_set_compass_correction
</UL>
<BR>[Calls]<UL><LI><a href="#[115]">&gt;&gt;</a>&nbsp;&nbsp;&nbsp;inv_set_compass_correction
<LI><a href="#[bd]">&gt;&gt;</a>&nbsp;&nbsp;&nbsp;__aeabi_memclr4
</UL>
<BR>[Called By]<UL><LI><a href="#[11a]">&gt;&gt;</a>&nbsp;&nbsp;&nbsp;inv_enable_9x_sensor_fusion
</UL>

<P><STRONG><a name="[327]"></a>inv_9x_fusion_set_mag_fb</STRONG> (Thumb, 10 bytes, Stack size 0 bytes, fusion_9axis.o(.text), UNUSED)

<P><STRONG><a name="[328]"></a>inv_9x_fusion_enable_jitter_reduction</STRONG> (Thumb, 10 bytes, Stack size 0 bytes, fusion_9axis.o(.text), UNUSED)

<P><STRONG><a name="[329]"></a>inv_9x_fusion_use_timestamps</STRONG> (Thumb, 10 bytes, Stack size 0 bytes, fusion_9axis.o(.text), UNUSED)

<P><STRONG><a name="[118]"></a>inv_start_9x_sensor_fusion</STRONG> (Thumb, 14 bytes, Stack size 0 bytes, fusion_9axis.o(.text))
<BR><BR>[Stack]<UL><LI>Max Depth = 440<LI>Call Chain = inv_start_9x_sensor_fusion &rArr; inv_register_data_cb &rArr; _MLPrintLog &rArr; SEGGER_RTT_Write &rArr; SEGGER_RTT_WriteNoLock &rArr; _WriteBlocking &rArr; __aeabi_memcpy
</UL>
<BR>[Calls]<UL><LI><a href="#[c3]">&gt;&gt;</a>&nbsp;&nbsp;&nbsp;inv_register_data_cb
</UL>
<BR>[Address Reference Count : 1]<UL><LI> fusion_9axis.o(.text)
</UL>
<P><STRONG><a name="[119]"></a>inv_stop_9x_sensor_fusion</STRONG> (Thumb, 8 bytes, Stack size 0 bytes, fusion_9axis.o(.text), UNUSED)
<BR><BR>[Calls]<UL><LI><a href="#[c5]">&gt;&gt;</a>&nbsp;&nbsp;&nbsp;inv_unregister_data_cb
</UL>

<P><STRONG><a name="[11a]"></a>inv_enable_9x_sensor_fusion</STRONG> (Thumb, 30 bytes, Stack size 8 bytes, fusion_9axis.o(.text))
<BR><BR>[Stack]<UL><LI>Max Depth = 20<LI>Call Chain = inv_enable_9x_sensor_fusion &rArr; inv_init_9x_fusion &rArr; inv_set_compass_correction
</UL>
<BR>[Calls]<UL><LI><a href="#[c7]">&gt;&gt;</a>&nbsp;&nbsp;&nbsp;inv_register_mpl_start_notification
<LI><a href="#[117]">&gt;&gt;</a>&nbsp;&nbsp;&nbsp;inv_init_9x_fusion
</UL>
<BR>[Called By]<UL><LI><a href="#[1d1]">&gt;&gt;</a>&nbsp;&nbsp;&nbsp;drv_motion_enable
</UL>

<P><STRONG><a name="[11b]"></a>inv_disable_9x_sensor_fusion</STRONG> (Thumb, 8 bytes, Stack size 0 bytes, fusion_9axis.o(.text), UNUSED)
<BR><BR>[Calls]<UL><LI><a href="#[c9]">&gt;&gt;</a>&nbsp;&nbsp;&nbsp;inv_unregister_mpl_start_notification
</UL>

<P><STRONG><a name="[122]"></a>inv_init_gyro_ts</STRONG> (Thumb, 46 bytes, Stack size 8 bytes, gyro_tc.o(.text))
<BR><BR>[Stack]<UL><LI>Max Depth = 8<LI>Call Chain = inv_init_gyro_ts
</UL>
<BR>[Calls]<UL><LI><a href="#[bd]">&gt;&gt;</a>&nbsp;&nbsp;&nbsp;__aeabi_memclr4
</UL>
<BR>[Called By]<UL><LI><a href="#[125]">&gt;&gt;</a>&nbsp;&nbsp;&nbsp;inv_enable_gyro_tc
</UL>

<P><STRONG><a name="[32a]"></a>inv_set_gtc_max_temp</STRONG> (Thumb, 10 bytes, Stack size 0 bytes, gyro_tc.o(.text), UNUSED)

<P><STRONG><a name="[32b]"></a>inv_set_gtc_min_temp</STRONG> (Thumb, 10 bytes, Stack size 0 bytes, gyro_tc.o(.text), UNUSED)

<P><STRONG><a name="[32c]"></a>inv_set_gtc_min_diff</STRONG> (Thumb, 10 bytes, Stack size 0 bytes, gyro_tc.o(.text), UNUSED)

<P><STRONG><a name="[32d]"></a>inv_get_gyro_ts</STRONG> (Thumb, 44 bytes, Stack size 0 bytes, gyro_tc.o(.text), UNUSED)

<P><STRONG><a name="[32e]"></a>inv_set_gyro_ts</STRONG> (Thumb, 4 bytes, Stack size 0 bytes, gyro_tc.o(.text), UNUSED)

<P><STRONG><a name="[32f]"></a>inv_set_gtc_order</STRONG> (Thumb, 16 bytes, Stack size 0 bytes, gyro_tc.o(.text), UNUSED)

<P><STRONG><a name="[330]"></a>inv_print_gtc_data</STRONG> (Thumb, 62 bytes, Stack size 0 bytes, gyro_tc.o(.text), UNUSED)

<P><STRONG><a name="[123]"></a>inv_start_gyro_tc</STRONG> (Thumb, 10 bytes, Stack size 0 bytes, gyro_tc.o(.text))
<BR><BR>[Stack]<UL><LI>Max Depth = 440<LI>Call Chain = inv_start_gyro_tc &rArr; inv_register_data_cb &rArr; _MLPrintLog &rArr; SEGGER_RTT_Write &rArr; SEGGER_RTT_WriteNoLock &rArr; _WriteBlocking &rArr; __aeabi_memcpy
</UL>
<BR>[Calls]<UL><LI><a href="#[c3]">&gt;&gt;</a>&nbsp;&nbsp;&nbsp;inv_register_data_cb
</UL>
<BR>[Address Reference Count : 1]<UL><LI> gyro_tc.o(.text)
</UL>
<P><STRONG><a name="[124]"></a>inv_stop_gyro_tc</STRONG> (Thumb, 6 bytes, Stack size 0 bytes, gyro_tc.o(.text), UNUSED)
<BR><BR>[Calls]<UL><LI><a href="#[c5]">&gt;&gt;</a>&nbsp;&nbsp;&nbsp;inv_unregister_data_cb
</UL>

<P><STRONG><a name="[125]"></a>inv_enable_gyro_tc</STRONG> (Thumb, 48 bytes, Stack size 8 bytes, gyro_tc.o(.text))
<BR><BR>[Stack]<UL><LI>Max Depth = 28<LI>Call Chain = inv_enable_gyro_tc &rArr; inv_register_load_store
</UL>
<BR>[Calls]<UL><LI><a href="#[c7]">&gt;&gt;</a>&nbsp;&nbsp;&nbsp;inv_register_mpl_start_notification
<LI><a href="#[126]">&gt;&gt;</a>&nbsp;&nbsp;&nbsp;inv_register_load_store
<LI><a href="#[122]">&gt;&gt;</a>&nbsp;&nbsp;&nbsp;inv_init_gyro_ts
</UL>
<BR>[Called By]<UL><LI><a href="#[1d1]">&gt;&gt;</a>&nbsp;&nbsp;&nbsp;drv_motion_enable
</UL>

<P><STRONG><a name="[127]"></a>inv_disable_gyro_tc</STRONG> (Thumb, 40 bytes, Stack size 8 bytes, gyro_tc.o(.text), UNUSED)
<BR><BR>[Calls]<UL><LI><a href="#[c9]">&gt;&gt;</a>&nbsp;&nbsp;&nbsp;inv_unregister_mpl_start_notification
<LI><a href="#[c5]">&gt;&gt;</a>&nbsp;&nbsp;&nbsp;inv_unregister_data_cb
</UL>

<P><STRONG><a name="[e4]"></a>inv_set_magnetic_disturbance</STRONG> (Thumb, 16 bytes, Stack size 0 bytes, mag_disturb.o(.text))
<BR><BR>[Called By]<UL><LI><a href="#[e2]">&gt;&gt;</a>&nbsp;&nbsp;&nbsp;inv_process_compass_only_cal
</UL>

<P><STRONG><a name="[128]"></a>inv_init_magnetic_disturbance</STRONG> (Thumb, 68 bytes, Stack size 8 bytes, mag_disturb.o(.text))
<BR><BR>[Stack]<UL><LI>Max Depth = 8<LI>Call Chain = inv_init_magnetic_disturbance
</UL>
<BR>[Calls]<UL><LI><a href="#[bd]">&gt;&gt;</a>&nbsp;&nbsp;&nbsp;__aeabi_memclr4
</UL>
<BR>[Called By]<UL><LI><a href="#[13a]">&gt;&gt;</a>&nbsp;&nbsp;&nbsp;inv_enable_magnetic_disturbance
</UL>

<P><STRONG><a name="[129]"></a>MagDisturbSetDisturbance</STRONG> (Thumb, 108 bytes, Stack size 16 bytes, mag_disturb.o(.text))
<BR><BR>[Stack]<UL><LI>Max Depth = 20<LI>Call Chain = MagDisturbSetDisturbance &rArr; inv_set_compass_correction
</UL>
<BR>[Calls]<UL><LI><a href="#[115]">&gt;&gt;</a>&nbsp;&nbsp;&nbsp;inv_set_compass_correction
</UL>
<BR>[Called By]<UL><LI><a href="#[12e]">&gt;&gt;</a>&nbsp;&nbsp;&nbsp;inv_check_magnetic_disturbance
</UL>

<P><STRONG><a name="[12a]"></a>MagDisturbCheckSettling</STRONG> (Thumb, 68 bytes, Stack size 16 bytes, mag_disturb.o(.text))
<BR><BR>[Stack]<UL><LI>Max Depth = 16<LI>Call Chain = MagDisturbCheckSettling
</UL>
<BR>[Calls]<UL><LI><a href="#[12b]">&gt;&gt;</a>&nbsp;&nbsp;&nbsp;inv_get_acc_state
</UL>
<BR>[Called By]<UL><LI><a href="#[12e]">&gt;&gt;</a>&nbsp;&nbsp;&nbsp;inv_check_magnetic_disturbance
</UL>

<P><STRONG><a name="[12c]"></a>ComputeAngleVelocity</STRONG> (Thumb, 94 bytes, Stack size 72 bytes, mag_disturb.o(.text))
<BR><BR>[Stack]<UL><LI>Max Depth = 76<LI>Call Chain = ComputeAngleVelocity &rArr; inv_q_mult
</UL>
<BR>[Calls]<UL><LI><a href="#[e0]">&gt;&gt;</a>&nbsp;&nbsp;&nbsp;inv_q_mult
<LI><a href="#[df]">&gt;&gt;</a>&nbsp;&nbsp;&nbsp;inv_q_invert
<LI><a href="#[110]">&gt;&gt;</a>&nbsp;&nbsp;&nbsp;inv_quaternion_to_rotation
</UL>
<BR>[Called By]<UL><LI><a href="#[12e]">&gt;&gt;</a>&nbsp;&nbsp;&nbsp;inv_check_magnetic_disturbance
</UL>

<P><STRONG><a name="[331]"></a>inv_disable_dip_tracking</STRONG> (Thumb, 10 bytes, Stack size 0 bytes, mag_disturb.o(.text), UNUSED)

<P><STRONG><a name="[12d]"></a>Mag3ofNormalizedLong</STRONG> (Thumb, 60 bytes, Stack size 8 bytes, mag_disturb.o(.text))
<BR><BR>[Stack]<UL><LI>Max Depth = 24<LI>Call Chain = Mag3ofNormalizedLong &rArr; __hardfp_sqrtf
</UL>
<BR>[Calls]<UL><LI><a href="#[b6]">&gt;&gt;</a>&nbsp;&nbsp;&nbsp;__hardfp_sqrtf
</UL>
<BR>[Called By]<UL><LI><a href="#[12e]">&gt;&gt;</a>&nbsp;&nbsp;&nbsp;inv_check_magnetic_disturbance
</UL>

<P><STRONG><a name="[132]"></a>inv_track_dip_angle</STRONG> (Thumb, 126 bytes, Stack size 0 bytes, mag_disturb.o(.text))
<BR><BR>[Called By]<UL><LI><a href="#[12e]">&gt;&gt;</a>&nbsp;&nbsp;&nbsp;inv_check_magnetic_disturbance
</UL>

<P><STRONG><a name="[12e]"></a>inv_check_magnetic_disturbance</STRONG> (Thumb, 758 bytes, Stack size 104 bytes, mag_disturb.o(.text))
<BR><BR>[Stack]<UL><LI>Max Depth = 180<LI>Call Chain = inv_check_magnetic_disturbance &rArr; ComputeAngleVelocity &rArr; inv_q_mult
</UL>
<BR>[Calls]<UL><LI><a href="#[d6]">&gt;&gt;</a>&nbsp;&nbsp;&nbsp;inv_got_compass_bias
<LI><a href="#[133]">&gt;&gt;</a>&nbsp;&nbsp;&nbsp;inv_get_local_field
<LI><a href="#[135]">&gt;&gt;</a>&nbsp;&nbsp;&nbsp;inv_get_compass_correction
<LI><a href="#[df]">&gt;&gt;</a>&nbsp;&nbsp;&nbsp;inv_q_invert
<LI><a href="#[da]">&gt;&gt;</a>&nbsp;&nbsp;&nbsp;inv_get_gyro_sum_of_sqr
<LI><a href="#[12f]">&gt;&gt;</a>&nbsp;&nbsp;&nbsp;inv_get_gyro_on
<LI><a href="#[130]">&gt;&gt;</a>&nbsp;&nbsp;&nbsp;inv_get_gyro
<LI><a href="#[131]">&gt;&gt;</a>&nbsp;&nbsp;&nbsp;__hardfp_acosf
<LI><a href="#[132]">&gt;&gt;</a>&nbsp;&nbsp;&nbsp;inv_track_dip_angle
<LI><a href="#[12d]">&gt;&gt;</a>&nbsp;&nbsp;&nbsp;Mag3ofNormalizedLong
<LI><a href="#[12c]">&gt;&gt;</a>&nbsp;&nbsp;&nbsp;ComputeAngleVelocity
<LI><a href="#[12a]">&gt;&gt;</a>&nbsp;&nbsp;&nbsp;MagDisturbCheckSettling
<LI><a href="#[129]">&gt;&gt;</a>&nbsp;&nbsp;&nbsp;MagDisturbSetDisturbance
<LI><a href="#[134]">&gt;&gt;</a>&nbsp;&nbsp;&nbsp;memcmp
<LI><a href="#[96]">&gt;&gt;</a>&nbsp;&nbsp;&nbsp;__aeabi_memmove4
<LI><a href="#[b6]">&gt;&gt;</a>&nbsp;&nbsp;&nbsp;__hardfp_sqrtf
</UL>
<BR>[Called By]<UL><LI><a href="#[136]">&gt;&gt;</a>&nbsp;&nbsp;&nbsp;inv_magnetic_disturbance_process
</UL>

<P><STRONG><a name="[136]"></a>inv_magnetic_disturbance_process</STRONG> (Thumb, 50 bytes, Stack size 48 bytes, mag_disturb.o(.text))
<BR><BR>[Stack]<UL><LI>Max Depth = 228<LI>Call Chain = inv_magnetic_disturbance_process &rArr; inv_check_magnetic_disturbance &rArr; ComputeAngleVelocity &rArr; inv_q_mult
</UL>
<BR>[Calls]<UL><LI><a href="#[de]">&gt;&gt;</a>&nbsp;&nbsp;&nbsp;inv_get_6axis_quaternion
<LI><a href="#[95]">&gt;&gt;</a>&nbsp;&nbsp;&nbsp;inv_get_gravity
[...]
<LI><a href="#[2ad]">&gt;&gt;</a>&nbsp;&nbsp;&nbsp;fs_erase
</UL>
<BR>[Called By]<UL><LI><a href="#[2a3]">&gt;&gt;</a>&nbsp;&nbsp;&nbsp;fds_init
<LI><a href="#[2a0]">&gt;&gt;</a>&nbsp;&nbsp;&nbsp;fds_gc
<LI><a href="#[2ab]">&gt;&gt;</a>&nbsp;&nbsp;&nbsp;write_enqueue
<LI><a href="#[2a2]">&gt;&gt;</a>&nbsp;&nbsp;&nbsp;queue_process
<LI><a href="#[1]">&gt;&gt;</a>&nbsp;&nbsp;&nbsp;fs_event_handler
</UL>

<P><STRONG><a name="[2a8]"></a>record_find</STRONG> (Thumb, 350 bytes, Stack size 28 bytes, fds.o(i.record_find))
<BR><BR>[Stack]<UL><LI>Max Depth = 28<LI>Call Chain = record_find
</UL>
<BR>[Called By]<UL><LI><a href="#[2a7]">&gt;&gt;</a>&nbsp;&nbsp;&nbsp;fds_record_find
<LI><a href="#[2a2]">&gt;&gt;</a>&nbsp;&nbsp;&nbsp;queue_process
</UL>

<P><STRONG><a name="[2a6]"></a>record_find_by_desc</STRONG> (Thumb, 336 bytes, Stack size 24 bytes, fds.o(i.record_find_by_desc))
<BR><BR>[Stack]<UL><LI>Max Depth = 24<LI>Call Chain = record_find_by_desc
</UL>
<BR>[Called By]<UL><LI><a href="#[2a9]">&gt;&gt;</a>&nbsp;&nbsp;&nbsp;fds_record_open
<LI><a href="#[2a5]">&gt;&gt;</a>&nbsp;&nbsp;&nbsp;fds_record_close
<LI><a href="#[2a2]">&gt;&gt;</a>&nbsp;&nbsp;&nbsp;queue_process
</UL>

<P><STRONG><a name="[2ab]"></a>write_enqueue</STRONG> (Thumb, 474 bytes, Stack size 72 bytes, fds.o(i.write_enqueue))
<BR><BR>[Stack]<UL><LI>Max Depth = 208<LI>Call Chain = write_enqueue &rArr; queue_process &rArr;  queue_process (Cycle)
</UL>
<BR>[Calls]<UL><LI><a href="#[2a2]">&gt;&gt;</a>&nbsp;&nbsp;&nbsp;queue_process
<LI><a href="#[2a1]">&gt;&gt;</a>&nbsp;&nbsp;&nbsp;op_enqueue
</UL>
<BR>[Called By]<UL><LI><a href="#[2ac]">&gt;&gt;</a>&nbsp;&nbsp;&nbsp;fds_record_write
<LI><a href="#[2aa]">&gt;&gt;</a>&nbsp;&nbsp;&nbsp;fds_record_update
</UL>

<P><STRONG><a name="[87]"></a>dfu_settings_write_callback</STRONG> (Thumb, 20 bytes, Stack size 0 bytes, nrf_dfu_settings.o(i.dfu_settings_write_callback))
<BR>[Address Reference Count : 2]<UL><LI> nrf_dfu_settings.o(i.nrf_dfu_settings_init)
<LI> nrf_dfu_settings.o(i.nrf_dfu_settings_write)
</UL>
<P><STRONG><a name="[2]"></a>fs_evt_handler</STRONG> (Thumb, 34 bytes, Stack size 0 bytes, nrf_dfu_flash_buttonless.o(i.fs_evt_handler))
<BR>[Address Reference Count : 1]<UL><LI> nrf_dfu_flash_buttonless.o(fs_data)
</UL>
<P><STRONG><a name="[1e1]"></a>buf_prealloc</STRONG> (Thumb, 92 bytes, Stack size 16 bytes, nrf_log_frontend.o(i.buf_prealloc))
<BR><BR>[Stack]<UL><LI>Max Depth = 20<LI>Call Chain = buf_prealloc &rArr; app_util_critical_region_enter
</UL>
<BR>[Calls]<UL><LI><a href="#[19d]">&gt;&gt;</a>&nbsp;&nbsp;&nbsp;app_util_critical_region_exit
<LI><a href="#[19c]">&gt;&gt;</a>&nbsp;&nbsp;&nbsp;app_util_critical_region_enter
</UL>
<BR>[Called By]<UL><LI><a href="#[311]">&gt;&gt;</a>&nbsp;&nbsp;&nbsp;nrf_log_frontend_std_1
</UL>

<P><STRONG><a name="[15f]"></a>_DoInit</STRONG> (Thumb, 76 bytes, Stack size 8 bytes, segger_rtt.o(i._DoInit))
<BR><BR>[Stack]<UL><LI>Max Depth = 8<LI>Call Chain = _DoInit
</UL>
<BR>[Calls]<UL><LI><a href="#[16d]">&gt;&gt;</a>&nbsp;&nbsp;&nbsp;__ARM_common_memcpy4_7
</UL>
<BR>[Called By]<UL><LI><a href="#[162]">&gt;&gt;</a>&nbsp;&nbsp;&nbsp;SEGGER_RTT_WriteString
<LI><a href="#[15e]">&gt;&gt;</a>&nbsp;&nbsp;&nbsp;SEGGER_RTT_Write
</UL>

<P><STRONG><a name="[161]"></a>_WriteBlocking</STRONG> (Thumb, 88 bytes, Stack size 32 bytes, segger_rtt.o(i._WriteBlocking))
<BR><BR>[Stack]<UL><LI>Max Depth = 40<LI>Call Chain = _WriteBlocking &rArr; __aeabi_memcpy
</UL>
<BR>[Calls]<UL><LI><a href="#[11c]">&gt;&gt;</a>&nbsp;&nbsp;&nbsp;__aeabi_memcpy
</UL>
<BR>[Called By]<UL><LI><a href="#[160]">&gt;&gt;</a>&nbsp;&nbsp;&nbsp;SEGGER_RTT_WriteNoLock
</UL>

<P><STRONG><a name="[167]"></a>_PrintUnsigned</STRONG> (Thumb, 230 bytes, Stack size 40 bytes, segger_rtt_printf.o(i._PrintUnsigned))
<BR><BR>[Stack]<UL><LI>Max Depth = 128<LI>Call Chain = _PrintUnsigned &rArr; _StoreChar &rArr; SEGGER_RTT_Write &rArr; SEGGER_RTT_WriteNoLock &rArr; _WriteBlocking &rArr; __aeabi_memcpy
</UL>
<BR>[Calls]<UL><LI><a href="#[166]">&gt;&gt;</a>&nbsp;&nbsp;&nbsp;_StoreChar
</UL>
<BR>[Called By]<UL><LI><a href="#[165]">&gt;&gt;</a>&nbsp;&nbsp;&nbsp;SEGGER_RTT_vprintf
</UL>

<P><STRONG><a name="[166]"></a>_StoreChar</STRONG> (Thumb, 62 bytes, Stack size 8 bytes, segger_rtt_printf.o(i._StoreChar))
<BR><BR>[Stack]<UL><LI>Max Depth = 88<LI>Call Chain = _StoreChar &rArr; SEGGER_RTT_Write &rArr; SEGGER_RTT_WriteNoLock &rArr; _WriteBlocking &rArr; __aeabi_memcpy
</UL>
<BR>[Calls]<UL><LI><a href="#[15e]">&gt;&gt;</a>&nbsp;&nbsp;&nbsp;SEGGER_RTT_Write
</UL>
<BR>[Called By]<UL><LI><a href="#[165]">&gt;&gt;</a>&nbsp;&nbsp;&nbsp;SEGGER_RTT_vprintf
<LI><a href="#[167]">&gt;&gt;</a>&nbsp;&nbsp;&nbsp;_PrintUnsigned
</UL>

<P><STRONG><a name="[42]"></a>drv_audio_pdm_event_handler</STRONG> (Thumb, 18 bytes, Stack size 0 bytes, drv_audio_pdm.o(i.drv_audio_pdm_event_handler))
<BR>[Address Reference Count : 1]<UL><LI> drv_audio_pdm.o(i.drv_audio_init)
</UL>
<P><STRONG><a name="[94]"></a>inv_check_push</STRONG> (Thumb, 352 bytes, Stack size 72 bytes, accel_auto_cal.o(.text))
<BR><BR>[Stack]<UL><LI>Max Depth = 116<LI>Call Chain = inv_check_push &rArr; inv_set_accel_bias_mask &rArr; inv_apply_calibration &rArr; inv_convert_to_body_with_scale
</UL>
<BR>[Calls]<UL><LI><a href="#[99]">&gt;&gt;</a>&nbsp;&nbsp;&nbsp;inv_set_accel_bias_found
<LI><a href="#[97]">&gt;&gt;</a>&nbsp;&nbsp;&nbsp;inv_get_linear_accel
<LI><a href="#[95]">&gt;&gt;</a>&nbsp;&nbsp;&nbsp;inv_get_gravity
<LI><a href="#[98]">&gt;&gt;</a>&nbsp;&nbsp;&nbsp;inv_set_accel_bias_mask
<LI><a href="#[9a]">&gt;&gt;</a>&nbsp;&nbsp;&nbsp;inv_set_accel_accuracy
<LI><a href="#[92]">&gt;&gt;</a>&nbsp;&nbsp;&nbsp;inv_get_current_calibrated_accel
<LI><a href="#[96]">&gt;&gt;</a>&nbsp;&nbsp;&nbsp;__aeabi_memmove4
</UL>
<BR>[Called By]<UL><LI><a href="#[b4]">&gt;&gt;</a>&nbsp;&nbsp;&nbsp;inv_auto_calibrate
</UL>

<P><STRONG><a name="[9b]"></a>inv_check_coverage_set_bias</STRONG> (Thumb, 318 bytes, Stack size 40 bytes, accel_auto_cal.o(.text))
<BR><BR>[Stack]<UL><LI>Max Depth = 128<LI>Call Chain = inv_check_coverage_set_bias &rArr; __aeabi_dsub &rArr; __aeabi_dadd &rArr; _double_epilogue &rArr; _double_round
</UL>
<BR>[Calls]<UL><LI><a href="#[9c]">&gt;&gt;</a>&nbsp;&nbsp;&nbsp;__aeabi_dsub
<LI><a href="#[9f]">&gt;&gt;</a>&nbsp;&nbsp;&nbsp;__aeabi_d2iz
<LI><a href="#[9e]">&gt;&gt;</a>&nbsp;&nbsp;&nbsp;__aeabi_cdcmple
<LI><a href="#[9d]">&gt;&gt;</a>&nbsp;&nbsp;&nbsp;__hardfp_fabs
</UL>
<BR>[Called By]<UL><LI><a href="#[b4]">&gt;&gt;</a>&nbsp;&nbsp;&nbsp;inv_auto_calibrate
</UL>

<P><STRONG><a name="[a0]"></a>inv_combine_data_calculate_bias</STRONG> (Thumb, 268 bytes, Stack size 24 bytes, accel_auto_cal.o(.text))
<BR><BR>[Stack]<UL><LI>Max Depth = 288<LI>Call Chain = inv_combine_data_calculate_bias &rArr; inv_compute_bias &rArr; __aeabi_dmul &rArr; _double_epilogue &rArr; _double_round
</UL>
<BR>[Calls]<UL><LI><a href="#[a4]">&gt;&gt;</a>&nbsp;&nbsp;&nbsp;__aeabi_f2d
<LI><a href="#[9f]">&gt;&gt;</a>&nbsp;&nbsp;&nbsp;__aeabi_d2iz
<LI><a href="#[a5]">&gt;&gt;</a>&nbsp;&nbsp;&nbsp;__aeabi_cdrcmple
<LI><a href="#[a3]">&gt;&gt;</a>&nbsp;&nbsp;&nbsp;inv_q30_mult
<LI><a href="#[a2]">&gt;&gt;</a>&nbsp;&nbsp;&nbsp;inv_compute_bias
<LI><a href="#[a1]">&gt;&gt;</a>&nbsp;&nbsp;&nbsp;inv_combine_compass_data
</UL>
<BR>[Called By]<UL><LI><a href="#[b4]">&gt;&gt;</a>&nbsp;&nbsp;&nbsp;inv_auto_calibrate
</UL>

<P><STRONG><a name="[b1]"></a>set_sample_rate</STRONG> (Thumb, 82 bytes, Stack size 8 bytes, accel_auto_cal.o(.text))
<BR><BR>[Stack]<UL><LI>Max Depth = 248<LI>Call Chain = set_sample_rate &rArr; __hardfp_cos &rArr; __ieee754_rem_pio2 &rArr; __aeabi_dmul &rArr; _double_epilogue &rArr; _double_round
</UL>
<BR>[Calls]<UL><LI><a href="#[b3]">&gt;&gt;</a>&nbsp;&nbsp;&nbsp;__aeabi_dmul
<LI><a href="#[a4]">&gt;&gt;</a>&nbsp;&nbsp;&nbsp;__aeabi_f2d
<LI><a href="#[9f]">&gt;&gt;</a>&nbsp;&nbsp;&nbsp;__aeabi_d2iz
<LI><a href="#[b2]">&gt;&gt;</a>&nbsp;&nbsp;&nbsp;__hardfp_cos
</UL>
<BR>[Called By]<UL><LI><a href="#[b4]">&gt;&gt;</a>&nbsp;&nbsp;&nbsp;inv_auto_calibrate
</UL>

<P><STRONG><a name="[ca]"></a>inv_check_peaks</STRONG> (Thumb, 486 bytes, Stack size 72 bytes, compass_vec_cal.o(.text))
<BR><BR>[Stack]<UL><LI>Max Depth = 160<LI>Call Chain = inv_check_peaks &rArr; __aeabi_dmul &rArr; _double_epilogue &rArr; _double_round
</UL>
<BR>[Calls]<UL><LI><a href="#[b3]">&gt;&gt;</a>&nbsp;&nbsp;&nbsp;__aeabi_dmul
<LI><a href="#[cb]">&gt;&gt;</a>&nbsp;&nbsp;&nbsp;__aeabi_i2d
<LI><a href="#[9c]">&gt;&gt;</a>&nbsp;&nbsp;&nbsp;__aeabi_dsub
<LI><a href="#[a9]">&gt;&gt;</a>&nbsp;&nbsp;&nbsp;__aeabi_dadd
<LI><a href="#[a5]">&gt;&gt;</a>&nbsp;&nbsp;&nbsp;__aeabi_cdrcmple
<LI><a href="#[9e]">&gt;&gt;</a>&nbsp;&nbsp;&nbsp;__aeabi_cdcmple
</UL>
<BR>[Called By]<UL><LI><a href="#[e2]">&gt;&gt;</a>&nbsp;&nbsp;&nbsp;inv_process_compass_only_cal
</UL>

<P><STRONG><a name="[d7]"></a>inv_ignore_compass_data</STRONG> (Thumb, 252 bytes, Stack size 24 bytes, compass_vec_cal.o(.text))
<BR><BR>[Stack]<UL><LI>Max Depth = 176<LI>Call Chain = inv_ignore_compass_data &rArr; inv_add_compass_block_data &rArr; __aeabi_dadd &rArr; _double_epilogue &rArr; _double_round
</UL>
<BR>[Calls]<UL><LI><a href="#[d8]">&gt;&gt;</a>&nbsp;&nbsp;&nbsp;inv_get_large_mag_field
<LI><a href="#[d9]">&gt;&gt;</a>&nbsp;&nbsp;&nbsp;inv_get_compass_state
<LI><a href="#[da]">&gt;&gt;</a>&nbsp;&nbsp;&nbsp;inv_get_gyro_sum_of_sqr
<LI><a href="#[d5]">&gt;&gt;</a>&nbsp;&nbsp;&nbsp;inv_add_compass_block_data
<LI><a href="#[af]">&gt;&gt;</a>&nbsp;&nbsp;&nbsp;inv_check_sample_balance
</UL>
<BR>[Called By]<UL><LI><a href="#[e2]">&gt;&gt;</a>&nbsp;&nbsp;&nbsp;inv_process_compass_only_cal
</UL>

<P><STRONG><a name="[db]"></a>inv_bias_stability</STRONG> (Thumb, 368 bytes, Stack size 120 bytes, compass_vec_cal.o(.text))
<BR><BR>[Stack]<UL><LI>Max Depth = 208<LI>Call Chain = inv_bias_stability &rArr; __aeabi_dsub &rArr; __aeabi_dadd &rArr; _double_epilogue &rArr; _double_round
</UL>
<BR>[Calls]<UL><LI><a href="#[9c]">&gt;&gt;</a>&nbsp;&nbsp;&nbsp;__aeabi_dsub
<LI><a href="#[a5]">&gt;&gt;</a>&nbsp;&nbsp;&nbsp;__aeabi_cdrcmple
<LI><a href="#[9e]">&gt;&gt;</a>&nbsp;&nbsp;&nbsp;__aeabi_cdcmple
<LI><a href="#[dc]">&gt;&gt;</a>&nbsp;&nbsp;&nbsp;__aeabi_memcpy4
</UL>
<BR>[Called By]<UL><LI><a href="#[e2]">&gt;&gt;</a>&nbsp;&nbsp;&nbsp;inv_process_compass_only_cal
</UL>

<P><STRONG><a name="[e3]"></a>inv_set_peaks</STRONG> (Thumb, 86 bytes, Stack size 12 bytes, compass_vec_cal.o(.text))
<BR><BR>[Stack]<UL><LI>Max Depth = 12<LI>Call Chain = inv_set_peaks
</UL>
<BR>[Called By]<UL><LI><a href="#[e2]">&gt;&gt;</a>&nbsp;&nbsp;&nbsp;inv_process_compass_only_cal
</UL>

<P><STRONG><a name="[ea]"></a>inv_init_sensitivity_const</STRONG> (Thumb, 94 bytes, Stack size 16 bytes, compass_vec_cal.o(.text))
<BR><BR>[Stack]<UL><LI>Max Depth = 80<LI>Call Chain = inv_init_sensitivity_const &rArr; __aeabi_ldivmod &rArr; __aeabi_uldivmod
</UL>
<BR>[Calls]<UL><LI><a href="#[cb]">&gt;&gt;</a>&nbsp;&nbsp;&nbsp;__aeabi_i2d
<LI><a href="#[f0]">&gt;&gt;</a>&nbsp;&nbsp;&nbsp;__aeabi_ldivmod
</UL>
<BR>[Called By]<UL><LI><a href="#[e9]">&gt;&gt;</a>&nbsp;&nbsp;&nbsp;inv_generate_vector_compass_cal
</UL>

<P><STRONG><a name="[fa]"></a>inv_reset_packet</STRONG> (Thumb, 30 bytes, Stack size 8 bytes, fast_no_motion.o(.text))
<BR><BR>[Stack]<UL><LI>Max Depth = 16<LI>Call Chain = inv_reset_packet &rArr; inv_init_maxmin
</UL>
<BR>[Calls]<UL><LI><a href="#[f5]">&gt;&gt;</a>&nbsp;&nbsp;&nbsp;inv_init_maxmin
<LI><a href="#[bd]">&gt;&gt;</a>&nbsp;&nbsp;&nbsp;__aeabi_memclr4
</UL>
<BR>[Called By]<UL><LI><a href="#[ff]">&gt;&gt;</a>&nbsp;&nbsp;&nbsp;inv_generate_fast_nomot
<LI><a href="#[f9]">&gt;&gt;</a>&nbsp;&nbsp;&nbsp;inv_detect_motion_by_gyro_accel
</UL>

<P><STRONG><a name="[10c]"></a>inv_find_synchronized_compass_angle</STRONG> (Thumb, 172 bytes, Stack size 48 bytes, fusion_9axis.o(.text))
<BR><BR>[Stack]<UL><LI>Max Depth = 136<LI>Call Chain = inv_find_synchronized_compass_angle &rArr; inv_compass_angle &rArr; __hardfp_atan2f
</UL>
<BR>[Calls]<UL><LI><a href="#[e0]">&gt;&gt;</a>&nbsp;&nbsp;&nbsp;inv_q_mult
<LI><a href="#[10d]">&gt;&gt;</a>&nbsp;&nbsp;&nbsp;inv_compass_angle
<LI><a href="#[96]">&gt;&gt;</a>&nbsp;&nbsp;&nbsp;__aeabi_memmove4
</UL>
<BR>[Called By]<UL><LI><a href="#[10f]">&gt;&gt;</a>&nbsp;&nbsp;&nbsp;inv_perform_9x_fusion
</UL>

<P><STRONG><a name="[37]"></a>inv_gtc_load</STRONG> (Thumb, 38 bytes, Stack size 24 bytes, gyro_tc.o(.text))
<BR><BR>[Stack]<UL><LI>Max Depth = 32<LI>Call Chain = inv_gtc_load &rArr; __aeabi_memcpy
</UL>
<BR>[Calls]<UL><LI><a href="#[11c]">&gt;&gt;</a>&nbsp;&nbsp;&nbsp;__aeabi_memcpy
</UL>
<BR>[Address Reference Count : 1]<UL><LI> gyro_tc.o(.text)
</UL>
<P><STRONG><a name="[36]"></a>inv_gtc_store</STRONG> (Thumb, 32 bytes, Stack size 24 bytes, gyro_tc.o(.text))
<BR><BR>[Stack]<UL><LI>Max Depth = 32<LI>Call Chain = inv_gtc_store &rArr; __aeabi_memcpy
</UL>
<BR>[Calls]<UL><LI><a href="#[11c]">&gt;&gt;</a>&nbsp;&nbsp;&nbsp;__aeabi_memcpy
</UL>
<BR>[Address Reference Count : 1]<UL><LI> gyro_tc.o(.text)
</UL>
<P><STRONG><a name="[11d]"></a>inv_gtc_compute_slope</STRONG> (Thumb, 478 bytes, Stack size 104 bytes, gyro_tc.o(.text))
<BR><BR>[Stack]<UL><LI>Max Depth = 168<LI>Call Chain = inv_gtc_compute_slope &rArr; __aeabi_ldivmod &rArr; __aeabi_uldivmod
</UL>
<BR>[Calls]<UL><LI><a href="#[bd]">&gt;&gt;</a>&nbsp;&nbsp;&nbsp;__aeabi_memclr4
<LI><a href="#[f0]">&gt;&gt;</a>&nbsp;&nbsp;&nbsp;__aeabi_ldivmod
</UL>
<BR>[Called By]<UL><LI><a href="#[35]">&gt;&gt;</a>&nbsp;&nbsp;&nbsp;inv_gtc_data_cb
</UL>

<P><STRONG><a name="[11e]"></a>inv_gtc_add_data</STRONG> (Thumb, 204 bytes, Stack size 24 bytes, gyro_tc.o(.text))
<BR><BR>[Stack]<UL><LI>Max Depth = 32<LI>Call Chain = inv_gtc_add_data &rArr; __aeabi_memmove4
</UL>
<BR>[Calls]<UL><LI><a href="#[96]">&gt;&gt;</a>&nbsp;&nbsp;&nbsp;__aeabi_memmove4
</UL>
<BR>[Called By]<UL><LI><a href="#[35]">&gt;&gt;</a>&nbsp;&nbsp;&nbsp;inv_gtc_data_cb
</UL>

<P><STRONG><a name="[35]"></a>inv_gtc_data_cb</STRONG> (Thumb, 144 bytes, Stack size 32 bytes, gyro_tc.o(.text))
<BR><BR>[Stack]<UL><LI>Max Depth = 200<LI>Call Chain = inv_gtc_data_cb &rArr; inv_gtc_compute_slope &rArr; __aeabi_ldivmod &rArr; __aeabi_uldivmod
</UL>
<BR>[Calls]<UL><LI><a href="#[120]">&gt;&gt;</a>&nbsp;&nbsp;&nbsp;inv_get_motion_state
<LI><a href="#[f6]">&gt;&gt;</a>&nbsp;&nbsp;&nbsp;inv_set_gyro_bias
<LI><a href="#[121]">&gt;&gt;</a>&nbsp;&nbsp;&nbsp;inv_get_gyro_bias_tc_set
<LI><a href="#[11f]">&gt;&gt;</a>&nbsp;&nbsp;&nbsp;inv_get_gyro_bias
<LI><a href="#[11e]">&gt;&gt;</a>&nbsp;&nbsp;&nbsp;inv_gtc_add_data
<LI><a href="#[11d]">&gt;&gt;</a>&nbsp;&nbsp;&nbsp;inv_gtc_compute_slope
</UL>
<BR>[Address Reference Count : 1]<UL><LI> gyro_tc.o(.text)
</UL>
<P><STRONG><a name="[13c]"></a>accel_fusion</STRONG> (Thumb, 458 bytes, Stack size 128 bytes, quaternion_supervisor.o(.text))
<BR><BR>[Stack]<UL><LI>Max Depth = 152<LI>Call Chain = accel_fusion &rArr; inv_q_norm4 &rArr; __hardfp_sqrtf
</UL>
<BR>[Calls]<UL><LI><a href="#[13f]">&gt;&gt;</a>&nbsp;&nbsp;&nbsp;inv_q_norm4
<LI><a href="#[112]">&gt;&gt;</a>&nbsp;&nbsp;&nbsp;inv_q_multf
<LI><a href="#[13d]">&gt;&gt;</a>&nbsp;&nbsp;&nbsp;inv_q_invertf
<LI><a href="#[13e]">&gt;&gt;</a>&nbsp;&nbsp;&nbsp;inv_q_addf
<LI><a href="#[b6]">&gt;&gt;</a>&nbsp;&nbsp;&nbsp;__hardfp_sqrtf
</UL>
<BR>[Called By]<UL><LI><a href="#[146]">&gt;&gt;</a>&nbsp;&nbsp;&nbsp;inv_generate_accel_gyro_quaternion
</UL>

<P><STRONG><a name="[140]"></a>inv_compute_quat_from_accel</STRONG> (Thumb, 300 bytes, Stack size 48 bytes, quaternion_supervisor.o(.text))
<BR><BR>[Stack]<UL><LI>Max Depth = 64<LI>Call Chain = inv_compute_quat_from_accel &rArr; __hardfp_sqrtf
</UL>
<BR>[Calls]<UL><LI><a href="#[b6]">&gt;&gt;</a>&nbsp;&nbsp;&nbsp;__hardfp_sqrtf
</UL>
<BR>[Called By]<UL><LI><a href="#[146]">&gt;&gt;</a>&nbsp;&nbsp;&nbsp;inv_generate_accel_gyro_quaternion
</UL>

<P><STRONG><a name="[141]"></a>inv_normalize_quat</STRONG> (Thumb, 194 bytes, Stack size 16 bytes, quaternion_supervisor.o(.text))
<BR><BR>[Stack]<UL><LI>Max Depth = 32<LI>Call Chain = inv_normalize_quat &rArr; __hardfp_sqrtf
</UL>
<BR>[Calls]<UL><LI><a href="#[b6]">&gt;&gt;</a>&nbsp;&nbsp;&nbsp;__hardfp_sqrtf
</UL>
<BR>[Called By]<UL><LI><a href="#[146]">&gt;&gt;</a>&nbsp;&nbsp;&nbsp;inv_generate_accel_gyro_quaternion
<LI><a href="#[142]">&gt;&gt;</a>&nbsp;&nbsp;&nbsp;inv_generate_gyro_quaternion
<LI><a href="#[144]">&gt;&gt;</a>&nbsp;&nbsp;&nbsp;inv_process_dmp_quaternion
</UL>

<P><STRONG><a name="[144]"></a>inv_process_dmp_quaternion</STRONG> (Thumb, 438 bytes, Stack size 88 bytes, quaternion_supervisor.o(.text))
<BR><BR>[Stack]<UL><LI>Max Depth = 124<LI>Call Chain = inv_process_dmp_quaternion &rArr; __hardfp_sinf &rArr; __mathlib_rredf2
</UL>
<BR>[Calls]<UL><LI><a href="#[e0]">&gt;&gt;</a>&nbsp;&nbsp;&nbsp;inv_q_mult
<LI><a href="#[df]">&gt;&gt;</a>&nbsp;&nbsp;&nbsp;inv_q_invert
<LI><a href="#[93]">&gt;&gt;</a>&nbsp;&nbsp;&nbsp;inv_convert_to_body_with_scale
<LI><a href="#[11f]">&gt;&gt;</a>&nbsp;&nbsp;&nbsp;inv_get_gyro_bias
<LI><a href="#[ce]">&gt;&gt;</a>&nbsp;&nbsp;&nbsp;__hardfp_cosf
<LI><a href="#[141]">&gt;&gt;</a>&nbsp;&nbsp;&nbsp;inv_normalize_quat
<LI><a href="#[134]">&gt;&gt;</a>&nbsp;&nbsp;&nbsp;memcmp
<LI><a href="#[b6]">&gt;&gt;</a>&nbsp;&nbsp;&nbsp;__hardfp_sqrtf
<LI><a href="#[111]">&gt;&gt;</a>&nbsp;&nbsp;&nbsp;__hardfp_sinf
</UL>
<BR>[Called By]<UL><LI><a href="#[146]">&gt;&gt;</a>&nbsp;&nbsp;&nbsp;inv_generate_accel_gyro_quaternion
</UL>

<P><STRONG><a name="[38]"></a>inv_generate_quaternion</STRONG> (Thumb, 68 bytes, Stack size 16 bytes, quaternion_supervisor.o(.text))
<BR><BR>[Stack]<UL><LI>Max Depth = 272<LI>Call Chain = inv_generate_quaternion &rArr; inv_generate_accel_gyro_quaternion &rArr; accel_fusion &rArr; inv_q_norm4 &rArr; __hardfp_sqrtf
</UL>
<BR>[Calls]<UL><LI><a href="#[148]">&gt;&gt;</a>&nbsp;&nbsp;&nbsp;inv_store_gaming_quaternion
<LI><a href="#[146]">&gt;&gt;</a>&nbsp;&nbsp;&nbsp;inv_generate_accel_gyro_quaternion
</UL>
<BR>[Address Reference Count : 1]<UL><LI> quaternion_supervisor.o(.text)
</UL>
<P><STRONG><a name="[18b]"></a>_fp_digits</STRONG> (Thumb, 366 bytes, Stack size 64 bytes, printfa.o(i._fp_digits), UNUSED)
<BR><BR>[Calls]<UL><LI><a href="#[b3]">&gt;&gt;</a>&nbsp;&nbsp;&nbsp;__aeabi_dmul
<LI><a href="#[ab]">&gt;&gt;</a>&nbsp;&nbsp;&nbsp;__aeabi_ddiv
<LI><a href="#[a9]">&gt;&gt;</a>&nbsp;&nbsp;&nbsp;__aeabi_dadd
<LI><a href="#[a5]">&gt;&gt;</a>&nbsp;&nbsp;&nbsp;__aeabi_cdrcmple
<LI><a href="#[15b]">&gt;&gt;</a>&nbsp;&nbsp;&nbsp;__aeabi_d2ulz
<LI><a href="#[14e]">&gt;&gt;</a>&nbsp;&nbsp;&nbsp;__aeabi_uldivmod
</UL>
<BR>[Called By]<UL><LI><a href="#[171]">&gt;&gt;</a>&nbsp;&nbsp;&nbsp;_printf_core
</UL>

<P><STRONG><a name="[171]"></a>_printf_core</STRONG> (Thumb, 1744 bytes, Stack size 136 bytes, printfa.o(i._printf_core), UNUSED)
<BR><BR>[Calls]<UL><LI><a href="#[18c]">&gt;&gt;</a>&nbsp;&nbsp;&nbsp;_printf_pre_padding
<LI><a href="#[18d]">&gt;&gt;</a>&nbsp;&nbsp;&nbsp;_printf_post_padding
<LI><a href="#[18b]">&gt;&gt;</a>&nbsp;&nbsp;&nbsp;_fp_digits
<LI><a href="#[14e]">&gt;&gt;</a>&nbsp;&nbsp;&nbsp;__aeabi_uldivmod
<LI><a href="#[18e]">&gt;&gt;</a>&nbsp;&nbsp;&nbsp;__aeabi_uidivmod
</UL>
<BR>[Called By]<UL><LI><a href="#[170]">&gt;&gt;</a>&nbsp;&nbsp;&nbsp;__0vsprintf
</UL>

<P><STRONG><a name="[18d]"></a>_printf_post_padding</STRONG> (Thumb, 36 bytes, Stack size 24 bytes, printfa.o(i._printf_post_padding), UNUSED)
<BR><BR>[Called By]<UL><LI><a href="#[171]">&gt;&gt;</a>&nbsp;&nbsp;&nbsp;_printf_core
</UL>

<P><STRONG><a name="[18c]"></a>_printf_pre_padding</STRONG> (Thumb, 46 bytes, Stack size 24 bytes, printfa.o(i._printf_pre_padding), UNUSED)
<BR><BR>[Called By]<UL><LI><a href="#[171]">&gt;&gt;</a>&nbsp;&nbsp;&nbsp;_printf_core
</UL>

<P><STRONG><a name="[39]"></a>_sputc</STRONG> (Thumb, 10 bytes, Stack size 0 bytes, printfa.o(i._sputc))
<BR><BR>[Called By]<UL><LI><a href="#[170]">&gt;&gt;</a>&nbsp;&nbsp;&nbsp;__0vsprintf
</UL>
<BR>[Address Reference Count : 1]<UL><LI> printfa.o(i.__0vsprintf)
</UL><P>
<H3>
Undefined Global Symbols
</H3><HR></body></html>
