Component: ARM Compiler 5.06 update 3 (build 300) Tool: armlink [4d35c9]

==============================================================================

Section Cross References

    main.o(i.app_error_fault_handler) refers to segger_rtt_printf.o(i.SEGGER_RTT_printf) for SEGGER_RTT_printf
    main.o(i.app_error_fault_handler) refers to m_ui.o(i.m_ui_led_set_event) for m_ui_led_set_event
    main.o(i.app_error_fault_handler) refers to main.o(i.nrf_delay_us) for nrf_delay_us
    main.o(i.app_error_fault_handler) refers to main.o(.conststring) for .conststring
    main.o(i.assert_nrf_callback) refers to app_error.o(i.app_error_handler) for app_error_handler
    main.o(i.configure_gpio_for_sleep) refers to memmovea.o(.text) for __aeabi_memcpy4
    main.o(i.configure_gpio_for_sleep) refers to drv_ext_gpio.o(i.drv_ext_gpio_reset) for drv_ext_gpio_reset
    main.o(i.configure_gpio_for_sleep) refers to app_error.o(i.app_error_handler_bare) for app_error_handler_bare
    main.o(i.configure_gpio_for_sleep) refers to drv_ext_gpio.o(i.drv_ext_gpio_cfg) for drv_ext_gpio_cfg
    main.o(i.configure_gpio_for_sleep) refers to drv_ext_gpio.o(i.drv_ext_gpio_pin_clear) for drv_ext_gpio_pin_clear
    main.o(i.configure_gpio_for_sleep) refers to drv_ext_gpio.o(i.drv_ext_gpio_pin_set) for drv_ext_gpio_pin_set
    main.o(i.configure_gpio_for_sleep) refers to main.o(.constdata) for .constdata
    main.o(i.m_batt_meas_handler) refers to segger_rtt_printf.o(i.SEGGER_RTT_printf) for SEGGER_RTT_printf
    main.o(i.m_batt_meas_handler) refers to main.o(i.configure_gpio_for_sleep) for configure_gpio_for_sleep
    main.o(i.m_batt_meas_handler) refers to app_error.o(i.app_error_handler_bare) for app_error_handler_bare
    main.o(i.m_batt_meas_handler) refers to main.o(.conststring) for .conststring
    main.o(i.main) refers to segger_rtt.o(i.SEGGER_RTT_WriteString) for SEGGER_RTT_WriteString
    main.o(i.main) refers to app_scheduler.o(i.app_sched_init) for app_sched_init
    main.o(i.main) refers to app_error.o(i.app_error_handler_bare) for app_error_handler_bare
    main.o(i.main) refers to app_timer.o(i.app_timer_init) for app_timer_init
    main.o(i.main) refers to main.o(i.nrf_delay_us) for nrf_delay_us
    main.o(i.main) refers to drv_ext_gpio.o(i.drv_ext_gpio_init) for drv_ext_gpio_init
    main.o(i.main) refers to main.o(i.configure_gpio_for_sleep) for configure_gpio_for_sleep
    main.o(i.main) refers to drv_ext_gpio.o(i.drv_ext_gpio_cfg_output) for drv_ext_gpio_cfg_output
    main.o(i.main) refers to drv_ext_gpio.o(i.drv_ext_gpio_pin_set) for drv_ext_gpio_pin_set
    main.o(i.main) refers to twi_manager.o(i.twi_manager_init) for twi_manager_init
    main.o(i.main) refers to m_ui.o(i.m_ui_init) for m_ui_init
    main.o(i.main) refers to m_environment.o(i.m_environment_init) for m_environment_init
    main.o(i.main) refers to m_motion.o(i.m_motion_init) for m_motion_init
    main.o(i.main) refers to m_sound.o(i.m_sound_init) for m_sound_init
    main.o(i.main) refers to m_batt_meas.o(i.m_batt_meas_init) for m_batt_meas_init
    main.o(i.main) refers to m_batt_meas.o(i.m_batt_meas_enable) for m_batt_meas_enable
    main.o(i.main) refers to m_ble.o(i.m_ble_init) for m_ble_init
    main.o(i.main) refers to m_ui.o(i.m_ui_led_set_event) for m_ui_led_set_event
    main.o(i.main) refers to support_func.o(i.support_func_ble_mac_address_print_rtt) for support_func_ble_mac_address_print_rtt
    main.o(i.main) refers to app_scheduler.o(i.app_sched_execute) for app_sched_execute
    main.o(i.main) refers to main.o(.bss) for .bss
    main.o(i.main) refers to app_timer_appsh.o(i.app_timer_evt_schedule) for app_timer_evt_schedule
    main.o(i.main) refers to main.o(.constdata) for .constdata
    main.o(i.main) refers to main.o(i.m_batt_meas_handler) for m_batt_meas_handler
    main.o(i.main) refers to main.o(i.thingy_ble_evt_handler) for thingy_ble_evt_handler
    main.o(i.nrf_delay_us) refers to system_nrf52.o(.data) for SystemCoreClock
    main.o(i.thingy_ble_evt_handler) refers to segger_rtt.o(i.SEGGER_RTT_WriteString) for SEGGER_RTT_WriteString
    main.o(i.thingy_ble_evt_handler) refers to main.o(i.nrf_delay_us) for nrf_delay_us
    main.o(i.thingy_ble_evt_handler) refers to segger_rtt_printf.o(i.SEGGER_RTT_printf) for SEGGER_RTT_printf
    main.o(i.thingy_ble_evt_handler) refers to m_motion.o(i.m_motion_sleep_prepare) for m_motion_sleep_prepare
    main.o(i.thingy_ble_evt_handler) refers to app_error.o(i.app_error_handler_bare) for app_error_handler_bare
    main.o(i.thingy_ble_evt_handler) refers to main.o(i.configure_gpio_for_sleep) for configure_gpio_for_sleep
    main.o(i.thingy_ble_evt_handler) refers to main.o(.conststring) for .conststring
    main.o(.constdata) refers to main.o(.constdata) for twi_config
    m_ble.o(i.beacon_advertiser_error_handler) refers to app_error.o(i.app_error_handler_bare) for app_error_handler_bare
[...]
    0x0001f408   0x00000000   Code   RO         9509    .ARM.Collect$$$$0000000A  mc_w.l(entry8b.o)
    0x0001f408   0x00000008   Code   RO         9510    .ARM.Collect$$$$0000000B  mc_w.l(entry9a.o)
    0x0001f410   0x00000000   Code   RO         9512    .ARM.Collect$$$$0000000D  mc_w.l(entry10a.o)
    0x0001f410   0x00000000   Code   RO         9514    .ARM.Collect$$$$0000000F  mc_w.l(entry11a.o)
    0x0001f410   0x00000004   Code   RO         9503    .ARM.Collect$$$$00002712  mc_w.l(entry2.o)
    0x0001f414   0x00000024   Code   RO         8453    .text               arm_startup_nrf52.o
    0x0001f438   0x00000c44   Code   RO         8493    .text               libmpllib.lib(accel_auto_cal.o)
    0x0002007c   0x000024f0   Code   RO         8591    .text               libmpllib.lib(compass_vec_cal.o)
    0x0002256c   0x00000a18   Code   RO         8621    .text               libmpllib.lib(fast_no_motion.o)
    0x00022f84   0x000006b0   Code   RO         8645    .text               libmpllib.lib(fusion_9axis.o)
    0x00023634   0x000004c4   Code   RO         8667    .text               libmpllib.lib(gyro_tc.o)
    0x00023af8   0x000005c0   Code   RO         8685    .text               libmpllib.lib(mag_disturb.o)
    0x000240b8   0x00000994   Code   RO         8707    .text               libmpllib.lib(quaternion_supervisor.o)
    0x00024a4c   0x00000084   Code   RO         8728    .text               arm_cortexM4lf_math.lib(arm_sin_f32.o)
    0x00024ad0   0x00000062   Code   RO         9111    .text               mc_w.l(uldiv.o)
    0x00024b32   0x00000062   Code   RO         9113    .text               mc_w.l(ldiv.o)
    0x00024b94   0x0000001e   Code   RO         9115    .text               mc_w.l(llshl.o)
    0x00024bb2   0x00000024   Code   RO         9117    .text               mc_w.l(llsshr.o)
    0x00024bd6   0x00000040   Code   RO         9121    .text               mc_w.l(memmovea.o)
    0x00024c16   0x00000024   Code   RO         9123    .text               mc_w.l(memseta.o)
    0x00024c3a   0x0000000e   Code   RO         9125    .text               mc_w.l(strlen.o)
    0x00024c48   0x0000001a   Code   RO         9129    .text               mc_w.l(memcmp.o)
    0x00024c62   0x0000014e   Code   RO         9424    .text               mf_w.l(dadd.o)
    0x00024db0   0x000000e4   Code   RO         9426    .text               mf_w.l(dmul.o)
    0x00024e94   0x000000de   Code   RO         9428    .text               mf_w.l(ddiv.o)
    0x00024f72   0x0000002c   Code   RO         9430    .text               mf_w.l(ffltl.o)
    0x00024f9e   0x00000022   Code   RO         9432    .text               mf_w.l(dflti.o)
    0x00024fc0   0x0000001a   Code   RO         9434    .text               mf_w.l(dfltui.o)
    0x00024fda   0x00000042   Code   RO         9436    .text               mf_w.l(ffixl.o)
    0x0002501c   0x0000003e   Code   RO         9438    .text               mf_w.l(dfixi.o)
    0x0002505a   0x00000032   Code   RO         9440    .text               mf_w.l(dfixui.o)
    0x0002508c   0x00000026   Code   RO         9442    .text               mf_w.l(f2d.o)
    0x000250b2   0x00000002   PAD
    0x000250b4   0x00000030   Code   RO         9444    .text               mf_w.l(cdcmple.o)
    0x000250e4   0x00000030   Code   RO         9446    .text               mf_w.l(cdrcmple.o)
    0x00025114   0x00000038   Code   RO         9448    .text               mf_w.l(d2f.o)
    0x0002514c   0x0000002c   Code   RO         9517    .text               mc_w.l(uidiv.o)
    0x00025178   0x00000020   Code   RO         9519    .text               mc_w.l(llushr.o)
    0x00025198   0x00000000   Code   RO         9530    .text               mc_w.l(iusefp.o)
    0x00025198   0x0000006e   Code   RO         9532    .text               mf_w.l(fepilogue.o)
    0x00025206   0x000000ba   Code   RO         9534    .text               mf_w.l(depilogue.o)
    0x000252c0   0x0000002e   Code   RO         9538    .text               mf_w.l(dscalb.o)
    0x000252ee   0x000000a2   Code   RO         9540    .text               mf_w.l(dsqrt.o)
    0x00025390   0x00000088   Code   RO         9542    .text               mf_w.l(drnd.o)
    0x00025418   0x00000030   Code   RO         9544    .text               mf_w.l(dfixul.o)
    0x00025448   0x00000024   Code   RO         9548    .text               mc_w.l(init.o)
    0x0002546c   0x00000056   Code   RO         9558    .text               mc_w.l(__dczerorl2.o)
    0x000254c2   0x00000002   PAD
    0x000254c4   0x00000180   Code   RO         5806    i.GPIOTE_IRQHandler  nrf_drv_gpiote.o
    0x00025644   0x000000a4   Code   RO         6413    i.PDM_IRQHandler    nrf_drv_pdm.o
    0x000256e8   0x00000088   Code   RO         6168    i.POWER_CLOCK_IRQHandler  nrf_drv_clock.o
    0x00025770   0x000000a0   Code   RO         6100    i.PWM0_IRQHandler   nrf_drv_pwm.o
    0x00025810   0x000000b0   Code   RO         6618    i.RTC1_IRQHandler   app_timer.o
    0x000258c0   0x000001a8   Code   RO         6283    i.SAADC_IRQHandler  nrf_drv_saadc.o
    0x00025a68   0x00000028   Code   RO         7753    i.SEGGER_RTT_Write  segger_rtt.o
    0x00025a90   0x000000ac   Code   RO         7754    i.SEGGER_RTT_WriteNoLock  segger_rtt.o
    0x00025b3c   0x0000002c   Code   RO         7756    i.SEGGER_RTT_WriteString  segger_rtt.o
    0x00025b68   0x00000016   Code   RO         7863    i.SEGGER_RTT_printf  segger_rtt_printf.o
    0x00025b7e   0x00000002   PAD
    0x00025b80   0x00000280   Code   RO         7864    i.SEGGER_RTT_vprintf  segger_rtt_printf.o
    0x00025e00   0x000000e4   Code   RO         5981    i.SPIM0_SPIS0_TWIM0_TWIS0_SPI0_TWI0_IRQHandler  nrf_drv_twi.o
    0x00025ee4   0x00000004   Code   RO         6619    i.SWI0_EGU0_IRQHandler  app_timer.o
    0x00025ee8   0x00000094   Code   RO         7340    i.SWI2_EGU2_IRQHandler  softdevice_handler.o
    0x00025f7c   0x00000270   Code   RO         8461    i.SystemInit        system_nrf52.o
    0x000261ec   0x00000068   Code   RO         7757    i._DoInit           segger_rtt.o
    0x00026254   0x000000aa   Code   RO         5014    i._MLPrintLog       log_nrf52.o
    0x000262fe   0x00000002   PAD
    0x00026300   0x000000ec   Code   RO         7865    i._PrintUnsigned    segger_rtt_printf.o
    0x000263ec   0x0000003e   Code   RO         7866    i._StoreChar        segger_rtt_printf.o
    0x0002642a   0x00000058   Code   RO         7758    i._WriteBlocking    segger_rtt.o
    0x00026482   0x00000002   PAD
    0x00026484   0x00000024   Code   RO         9374    i.__0vsprintf       mc_w.l(printfa.o)
    0x000264a8   0x0000000a   Code   RO         5152    i.__ARM_common_memclr4_7  ble_advertising.o
    0x000264b2   0x0000000a   Code   RO          901    i.__ARM_common_memcpy4_5  m_ui.o
    0x000264bc   0x00000012   Code   RO         7854    i.__ARM_common_memcpy4_7  segger_rtt.o
    0x000264ce   0x00000030   Code   RO         9467    i.__ARM_fpclassify  m_wm.l(fpclassify.o)
    0x000264fe   0x00000026   Code   RO         9469    i.__ARM_fpclassifyf  m_wm.l(fpclassifyf.o)
    0x00026524   0x00000118   Code   RO         8877    i.__hardfp_acosf    m_wm.l(acosf.o)
    0x0002663c   0x00000250   Code   RO         8941    i.__hardfp_atan2f   m_wm.l(atan2f.o)
    0x0002688c   0x00000004   PAD
    0x00026890   0x000000c8   Code   RO         8959    i.__hardfp_cos      m_wm.l(cos.o)
    0x00026958   0x00000150   Code   RO         8971    i.__hardfp_cosf     m_wm.l(cosf.o)
    0x00026aa8   0x00000014   Code   RO         8983    i.__hardfp_fabs     m_wm.l(fabs.o)
    0x00026abc   0x00000004   PAD
    0x00026ac0   0x000003c4   Code   RO         8995    i.__hardfp_log      m_wm.l(log.o)
    0x00026e84   0x00000004   PAD
    0x00026e88   0x00000c50   Code   RO         9023    i.__hardfp_pow      m_wm.l(pow.o)
    0x00027ad8   0x000000e0   Code   RO         9051    i.__hardfp_round    m_wm.l(round.o)
    0x00027bb8   0x00000190   Code   RO         9067    i.__hardfp_sinf     m_wm.l(sinf.o)
    0x00027d48   0x0000007a   Code   RO         9079    i.__hardfp_sqrt     m_wm.l(sqrt_full.o)
    0x00027dc2   0x0000003a   Code   RO         9085    i.__hardfp_sqrtf    m_wm.l(sqrtf_full.o)
    0x00027dfc   0x00000004   PAD
    0x00027e00   0x00000438   Code   RO         9488    i.__ieee754_rem_pio2  m_wm.l(rred.o)
    0x00028238   0x00000170   Code   RO         9450    i.__kernel_cos      m_wm.l(cos_i.o)
    0x000283a8   0x000000f8   Code   RO         9485    i.__kernel_poly     m_wm.l(poly.o)
    0x000284a0   0x00000130   Code   RO         9496    i.__kernel_sin      m_wm.l(sin_i.o)
    0x000285d0   0x00000030   Code   RO         9453    i.__mathlib_dbl_divzero  m_wm.l(dunder.o)
    0x00028600   0x00000014   Code   RO         9454    i.__mathlib_dbl_infnan  m_wm.l(dunder.o)
    0x00028614   0x00000014   Code   RO         9455    i.__mathlib_dbl_infnan2  m_wm.l(dunder.o)
    0x00028628   0x00000020   Code   RO         9456    i.__mathlib_dbl_invalid  m_wm.l(dunder.o)
    0x00028648   0x00000020   Code   RO         9457    i.__mathlib_dbl_overflow  m_wm.l(dunder.o)
    0x00028668   0x00000020   Code   RO         9459    i.__mathlib_dbl_underflow  m_wm.l(dunder.o)
    0x00028688   0x00000006   Code   RO         9472    i.__mathlib_flt_infnan  m_wm.l(funder.o)
    0x0002868e   0x00000006   Code   RO         9473    i.__mathlib_flt_infnan2  m_wm.l(funder.o)
    0x00028694   0x00000010   Code   RO         9474    i.__mathlib_flt_invalid  m_wm.l(funder.o)
    0x000286a4   0x00000010   Code   RO         9477    i.__mathlib_flt_underflow  m_wm.l(funder.o)
    0x000286b4   0x00000154   Code   RO         9493    i.__mathlib_rredf2  m_wm.l(rredf.o)
    0x00028808   0x0000000e   Code   RO         9552    i.__scatterload_copy  mc_w.l(handlers.o)
    0x00028816   0x00000002   Code   RO         9553    i.__scatterload_null  mc_w.l(handlers.o)
    0x00028818   0x0000000e   Code   RO         9554    i.__scatterload_zeroinit  mc_w.l(handlers.o)
    0x00028826   0x00000002   PAD
    0x00028828   0x0000000c   Code   RO         9525    i.__set_errno       mc_w.l(errno.o)
    0x00028834   0x00000184   Code   RO         9375    i._fp_digits        mc_w.l(printfa.o)
    0x000289b8   0x000006dc   Code   RO         9376    i._printf_core      mc_w.l(printfa.o)
    0x00029094   0x00000024   Code   RO         9377    i._printf_post_padding  mc_w.l(printfa.o)
    0x000290b8   0x0000002e   Code   RO         9378    i._printf_pre_padding  mc_w.l(printfa.o)
    0x000290e6   0x0000000a   Code   RO         9380    i._sputc            mc_w.l(printfa.o)
    0x000290f0   0x000003c0   Code   RO         5044    i.adv_data_encode   ble_advdata.o
    0x000294b0   0x00000034   Code   RO         1043    i.app_beacon_init   advertiser_beacon_timeslot.o
    0x000294e4   0x00000068   Code   RO         1044    i.app_beacon_on_sys_evt  advertiser_beacon_timeslot.o
    0x0002954c   0x00000058   Code   RO         1045    i.app_beacon_start  advertiser_beacon_timeslot.o
    0x000295a4   0x0000000c   Code   RO         1046    i.app_beacon_stop   advertiser_beacon_timeslot.o
    0x000295b0   0x00000028   Code   RO         6470    i.app_button_enable  app_button.o
    0x000295d8   0x0000007c   Code   RO         6471    i.app_button_init   app_button.o
    0x00029654   0x00000054   Code   RO            4    i.app_error_fault_handler  main.o
    0x000296a8   0x0000001a   Code   RO         6529    i.app_error_handler_bare  app_error.o
    0x000296c2   0x00000002   PAD
    0x000296c4   0x000000a0   Code   RO         6574    i.app_sched_event_put  app_scheduler.o
    0x00029764   0x00000044   Code   RO         6575    i.app_sched_execute  app_scheduler.o
    0x000297a8   0x0000002c   Code   RO         6576    i.app_sched_init    app_scheduler.o
    0x000297d4   0x0000000c   Code   RO         6621    i.app_timer_cnt_get  app_timer.o
    0x000297e0   0x00000028   Code   RO         6622    i.app_timer_create  app_timer.o
    0x00029808   0x00000018   Code   RO         6706    i.app_timer_evt_get  app_timer_appsh.o
    0x00029820   0x0000001c   Code   RO         6707    i.app_timer_evt_schedule  app_timer_appsh.o
    0x0002983c   0x000000ac   Code   RO         6623    i.app_timer_init    app_timer.o
    0x000298e8   0x000000d8   Code   RO         1189    i.app_timer_periodic_handler  m_batt_meas.o
    0x000299c0   0x000000b0   Code   RO         6624    i.app_timer_start   app_timer.o
    0x00029a70   0x00000078   Code   RO         6625    i.app_timer_stop    app_timer.o
    0x00029ae8   0x0000005c   Code   RO         6893    i.app_util_critical_region_enter  app_util_platform.o
    0x00029b44   0x00000038   Code   RO         6894    i.app_util_critical_region_exit  app_util_platform.o
    0x00029b7c   0x000000a0   Code   RO         1190    i.batt_event_handler_adc  m_batt_meas.o
    0x00029c1c   0x00000028   Code   RO         1191    i.batt_event_handler_charge  m_batt_meas.o
    0x00029c44   0x0000000c   Code   RO         1192    i.battery_on_ble_evt  m_batt_meas.o
    0x00029c50   0x000000c8   Code   RO         1193    i.battery_service_init  m_batt_meas.o
    0x00029d18   0x00000004   Code   RO          311    i.beacon_advertiser_error_handler  m_ble.o
    0x00029d1c   0x00000078   Code   RO         5045    i.ble_advdata_set   ble_advdata.o
    0x00029d94   0x00000170   Code   RO         5095    i.ble_advertising_init  ble_advertising.o
    0x00029f04   0x00000078   Code   RO         5096    i.ble_advertising_on_ble_evt  ble_advertising.o
    0x00029f7c   0x00000034   Code   RO         5097    i.ble_advertising_on_sys_evt  ble_advertising.o
    0x00029fb0   0x00000200   Code   RO         5100    i.ble_advertising_start  ble_advertising.o
    0x0002a1b0   0x00000090   Code   RO         5739    i.ble_bas_battery_level_update  ble_bas.o
    0x0002a240   0x00000002   Code   RO         1194    i.ble_bas_evt_handler  m_batt_meas.o
    0x0002a242   0x0000018a   Code   RO         5740    i.ble_bas_init      ble_bas.o
    0x0002a3cc   0x00000068   Code   RO         5741    i.ble_bas_on_ble_evt  ble_bas.o
    0x0002a434   0x00000058   Code   RO         5169    i.ble_conn_params_change_conn_params  ble_conn_params.o
    0x0002a48c   0x0000005c   Code   RO         5170    i.ble_conn_params_init  ble_conn_params.o
    0x0002a4e8   0x000000b4   Code   RO         5171    i.ble_conn_params_on_ble_evt  ble_conn_params.o
    0x0002a59c   0x00000118   Code   RO         5235    i.ble_conn_state_on_ble_evt  ble_conn_state.o
    0x0002a6b4   0x00000002   Code   RO          312    i.ble_dfu_evt_handler  m_ble.o
    0x0002a6b6   0x00000002   PAD
    0x0002a6b8   0x00000148   Code   RO         5633    i.ble_dfu_init      ble_dfu.o
    0x0002a800   0x000001c4   Code   RO         5634    i.ble_dfu_on_ble_evt  ble_dfu.o
    0x0002a9c4   0x00000110   Code   RO          313    i.ble_evt_dispatch  m_ble.o
    0x0002aad4   0x00000008   Code   RO         5356    i.ble_srv_is_notification_enabled  ble_srv_common.o
    0x0002aadc   0x0000000c   Code   RO         5357    i.ble_srv_report_ref_encode  ble_srv_common.o
    0x0002aae8   0x000004ce   Code   RO         5474    i.ble_tcs_init      ble_tcs.o
    0x0002afb6   0x00000036   Code   RO         5475    i.ble_tcs_mtu_set   ble_tcs.o
    0x0002afec   0x000001c0   Code   RO         5476    i.ble_tcs_on_ble_evt  ble_tcs.o
    0x0002b1ac   0x00000050   Code   RO         5413    i.ble_tes_color_set  ble_tes.o
    0x0002b1fc   0x00000350   Code   RO          509    i.ble_tes_evt_handler  m_environment.o
    0x0002b54c   0x00000050   Code   RO         5414    i.ble_tes_gas_set   ble_tes.o
    0x0002b59c   0x00000050   Code   RO         5415    i.ble_tes_humidity_set  ble_tes.o
    0x0002b5ec   0x000004e0   Code   RO         5416    i.ble_tes_init      ble_tes.o
    0x0002bacc   0x0000025a   Code   RO         5417    i.ble_tes_on_ble_evt  ble_tes.o
    0x0002bd26   0x00000050   Code   RO         5418    i.ble_tes_pressure_set  ble_tes.o
    0x0002bd76   0x00000050   Code   RO         5419    i.ble_tes_temperature_set  ble_tes.o
    0x0002bdc6   0x00000054   Code   RO         5548    i.ble_tms_euler_set  ble_tms.o
    0x0002be1a   0x000001c6   Code   RO          719    i.ble_tms_evt_handler  m_motion.o
    0x0002bfe0   0x00000056   Code   RO         5549    i.ble_tms_gravity_set  ble_tms.o
    0x0002c036   0x00000056   Code   RO         5550    i.ble_tms_heading_set  ble_tms.o
    0x0002c08c   0x0000084a   Code   RO         5551    i.ble_tms_init      ble_tms.o
    0x0002c8d6   0x0000038c   Code   RO         5552    i.ble_tms_on_ble_evt  ble_tms.o
    0x0002cc62   0x00000054   Code   RO         5553    i.ble_tms_orientation_set  ble_tms.o
    0x0002ccb6   0x00000054   Code   RO         5554    i.ble_tms_pedo_set  ble_tms.o
    0x0002cd0a   0x00000054   Code   RO         5555    i.ble_tms_quat_set  ble_tms.o
    0x0002cd5e   0x00000054   Code   RO         5556    i.ble_tms_raw_set   ble_tms.o
    0x0002cdb2   0x00000054   Code   RO         5557    i.ble_tms_rot_mat_set  ble_tms.o
    0x0002ce06   0x00000054   Code   RO         5558    i.ble_tms_tap_set   ble_tms.o
    0x0002ce5a   0x00000002   PAD
    0x0002ce5c   0x000000ac   Code   RO          979    i.ble_tss_evt_handler  m_sound.o
    0x0002cf08   0x00000328   Code   RO         5696    i.ble_tss_init      ble_tss.o
    0x0002d230   0x0000005a   Code   RO         5697    i.ble_tss_mic_set   ble_tss.o
    0x0002d28a   0x0000018e   Code   RO         5698    i.ble_tss_on_ble_evt  ble_tss.o
    0x0002d418   0x00000052   Code   RO         5699    i.ble_tss_spkr_stat_set  ble_tss.o
    0x0002d46a   0x00000002   PAD
    0x0002d46c   0x00000258   Code   RO         5511    i.ble_uis_init      ble_uis.o
    0x0002d6c4   0x0000002c   Code   RO          831    i.ble_uis_led_write_handler  m_ui.o
    0x0002d6f0   0x000001ee   Code   RO         5512    i.ble_uis_on_ble_evt  ble_uis.o
    0x0002d8de   0x00000050   Code   RO         5513    i.ble_uis_on_button_change  ble_uis.o
    0x0002d92e   0x00000002   PAD
    0x0002d930   0x00000050   Code   RO          832    i.ble_uis_pin_write_handler  m_ui.o
    0x0002d980   0x00000068   Code   RO         7468    i.buf_prealloc      nrf_log_frontend.o
    0x0002d9e8   0x00000030   Code   RO          833    i.button_evt_handler  m_ui.o
    0x0002da18   0x00000044   Code   RO         1584    i.ccs811_close      drv_gas_sensor.o
    0x0002da5c   0x00000034   Code   RO          510    i.color_timeout_handler  m_environment.o
    0x0002da90   0x0000000c   Code   RO         2023    i.compass_timeout_handler  drv_motion.o
    0x0002da9c   0x00000280   Code   RO          511    i.config_apply      m_environment.o
    0x0002dd1c   0x00000118   Code   RO            6    i.configure_gpio_for_sleep  main.o
    0x0002de34   0x00000004   Code   RO          314    i.conn_params_error_handler  m_ble.o
    0x0002de38   0x0000006c   Code   RO         5173    i.conn_params_negotiation  ble_conn_params.o
    0x0002dea4   0x0000004c   Code   RO         7233    i.crc32_compute     crc32.o
    0x0002def0   0x0000006c   Code   RO         6473    i.detection_delay_timeout_handler  app_button.o
    0x0002df5c   0x00000018   Code   RO         7180    i.dfu_settings_write_callback  nrf_dfu_settings.o
    0x0002df74   0x00000054   Code   RO         3132    i.diff_above_limit  sx150x_led_drv_calc.o
    0x0002dfc8   0x000002f4   Code   RO         3544    i.dmp_enable_feature  inv_mpu_dmp_motion_driver.o
    0x0002e2bc   0x0000005c   Code   RO         3545    i.dmp_enable_gyro_cal  inv_mpu_dmp_motion_driver.o
    0x0002e318   0x00000038   Code   RO         3549    i.dmp_get_pedometer_step_count  inv_mpu_dmp_motion_driver.o
    0x0002e350   0x0000003e   Code   RO         3550    i.dmp_get_pedometer_walk_time  inv_mpu_dmp_motion_driver.o
    0x0002e38e   0x00000002   PAD
    0x0002e390   0x00000014   Code   RO         3551    i.dmp_load_motion_driver_firmware  inv_mpu_dmp_motion_driver.o
    0x0002e3a4   0x0000016c   Code   RO         3552    i.dmp_read_fifo     inv_mpu_dmp_motion_driver.o
    0x0002e510   0x0000000c   Code   RO         3553    i.dmp_register_android_orient_cb  inv_mpu_dmp_motion_driver.o
    0x0002e51c   0x0000000c   Code   RO         3554    i.dmp_register_tap_cb  inv_mpu_dmp_motion_driver.o
    0x0002e528   0x00000068   Code   RO         3556    i.dmp_set_fifo_rate  inv_mpu_dmp_motion_driver.o
    0x0002e590   0x0000010c   Code   RO         3559    i.dmp_set_orientation  inv_mpu_dmp_motion_driver.o
    0x0002e69c   0x00000194   Code   RO         3567    i.dmp_set_tap_thresh  inv_mpu_dmp_motion_driver.o
    0x0002e830   0x00000264   Code   RO         2200    i.drv_acc_init      drv_acc_lis3dh.o
    0x0002ea94   0x00000364   Code   RO         2201    i.drv_acc_wakeup_prepare  drv_acc_lis3dh.o
    0x0002edf8   0x00000028   Code   RO         8334    i.drv_audio_coder_encode  drv_audio_coder_adpcm.o
    0x0002ee20   0x00000004   Code   RO         8402    i.drv_audio_disable  drv_audio_pdm.o
    0x0002ee24   0x00000010   Code   RO         8403    i.drv_audio_enable  drv_audio_pdm.o
    0x0002ee34   0x0000004c   Code   RO         8404    i.drv_audio_init    drv_audio_pdm.o
    0x0002ee80   0x00000018   Code   RO         8405    i.drv_audio_pdm_event_handler  drv_audio_pdm.o
    0x0002ee98   0x00000020   Code   RO         1671    i.drv_bh1745_close  drv_bh1745.o
    0x0002eeb8   0x000000d4   Code   RO         1672    i.drv_bh1745_data_get  drv_bh1745.o
    0x0002ef8c   0x00000090   Code   RO         1673    i.drv_bh1745_gain_set  drv_bh1745.o
    0x0002f01c   0x0000000c   Code   RO         1674    i.drv_bh1745_init   drv_bh1745.o
    0x0002f028   0x00000018   Code   RO         1675    i.drv_bh1745_int_get  drv_bh1745.o
    0x0002f040   0x00000024   Code   RO         1677    i.drv_bh1745_int_set  drv_bh1745.o
    0x0002f064   0x00000018   Code   RO         1678    i.drv_bh1745_manu_id_get  drv_bh1745.o
    0x0002f07c   0x000000a8   Code   RO         1679    i.drv_bh1745_meas_enable  drv_bh1745.o
    0x0002f124   0x00000024   Code   RO         1680    i.drv_bh1745_meas_time_set  drv_bh1745.o
    0x0002f148   0x00000064   Code   RO         1681    i.drv_bh1745_open   drv_bh1745.o
    0x0002f1ac   0x00000074   Code   RO         1682    i.drv_bh1745_part_id_get  drv_bh1745.o
    0x0002f220   0x00000018   Code   RO         1683    i.drv_bh1745_persistance_get  drv_bh1745.o
    0x0002f238   0x00000024   Code   RO         1684    i.drv_bh1745_persistance_set  drv_bh1745.o
    0x0002f25c   0x00000078   Code   RO         1685    i.drv_bh1745_sw_reset  drv_bh1745.o
    0x0002f2d4   0x000000ec   Code   RO         1425    i.drv_ccs811_alg_result_data_get  drv_ccs811.o
    0x0002f3c0   0x0000004c   Code   RO         1426    i.drv_ccs811_app_start  drv_ccs811.o
    0x0002f40c   0x00000030   Code   RO         1427    i.drv_ccs811_baseline_get  drv_ccs811.o
    0x0002f43c   0x00000040   Code   RO         1428    i.drv_ccs811_baseline_set  drv_ccs811.o
    0x0002f47c   0x00000028   Code   RO         1429    i.drv_ccs811_close  drv_ccs811.o
    0x0002f4a4   0x000000dc   Code   RO         1430    i.drv_ccs811_env_data_set  drv_ccs811.o
    0x0002f580   0x00000014   Code   RO         1431    i.drv_ccs811_err_id_get  drv_ccs811.o
    0x0002f594   0x0000001c   Code   RO         1434    i.drv_ccs811_hw_id_get  drv_ccs811.o
    0x0002f5b0   0x0000000c   Code   RO         1436    i.drv_ccs811_init   drv_ccs811.o
    0x0002f5bc   0x00000014   Code   RO         1437    i.drv_ccs811_meas_mode_get  drv_ccs811.o
    0x0002f5d0   0x00000074   Code   RO         1438    i.drv_ccs811_meas_mode_modify  drv_ccs811.o
    0x0002f644   0x0000002c   Code   RO         1440    i.drv_ccs811_open   drv_ccs811.o
    0x0002f670   0x00000014   Code   RO         1442    i.drv_ccs811_status_get  drv_ccs811.o
    0x0002f684   0x0000003c   Code   RO          512    i.drv_color_data_handler  m_environment.o
    0x0002f6c0   0x0000018c   Code   RO         1804    i.drv_color_init    drv_color.o
    0x0002f84c   0x000000b4   Code   RO         1805    i.drv_color_sample  drv_color.o
    0x0002f900   0x000001ac   Code   RO         1806    i.drv_color_start   drv_color.o
    0x0002faac   0x000000b0   Code   RO         1807    i.drv_color_stop    drv_color.o
    0x0002fb5c   0x00000340   Code   RO         3006    i.drv_ext_gpio_cfg  drv_ext_gpio.o
    0x0002fe9c   0x000000a4   Code   RO         3008    i.drv_ext_gpio_cfg_output  drv_ext_gpio.o
    0x0002ff40   0x00000084   Code   RO         3009    i.drv_ext_gpio_init  drv_ext_gpio.o
    0x0002ffc4   0x000000ac   Code   RO         3010    i.drv_ext_gpio_pin_clear  drv_ext_gpio.o
    0x00030070   0x000000ac   Code   RO         3015    i.drv_ext_gpio_pin_set  drv_ext_gpio.o
    0x0003011c   0x00000094   Code   RO         3023    i.drv_ext_gpio_reset  drv_ext_gpio.o
    0x000301b0   0x000003a8   Code   RO         1325    i.drv_ext_light_init  drv_ext_light.o
    0x00030558   0x00000088   Code   RO         1327    i.drv_ext_light_off  drv_ext_light.o
    0x000305e0   0x00000200   Code   RO         1330    i.drv_ext_light_rgb_intensity_set  drv_ext_light.o
    0x000307e0   0x00000078   Code   RO         1331    i.drv_ext_light_rgb_sequence  drv_ext_light.o
    0x00030858   0x00000024   Code   RO          513    i.drv_gas_data_handler  m_environment.o
    0x0003087c   0x000000c4   Code   RO         1585    i.drv_gas_sensor_baseline_get  drv_gas_sensor.o
    0x00030940   0x000000c4   Code   RO         1586    i.drv_gas_sensor_baseline_set  drv_gas_sensor.o
    0x00030a04   0x000000c8   Code   RO         1587    i.drv_gas_sensor_calibrate_humid_temp  drv_gas_sensor.o
    0x00030acc   0x0000028c   Code   RO         1588    i.drv_gas_sensor_init  drv_gas_sensor.o
    0x00030d58   0x00000210   Code   RO         1590    i.drv_gas_sensor_start  drv_gas_sensor.o
    0x00030f68   0x0000017c   Code   RO         1591    i.drv_gas_sensor_stop  drv_gas_sensor.o
    0x000310e4   0x00000110   Code   RO         2823    i.drv_hts221_calib_get  drv_hts221.o
    0x000311f4   0x000000e4   Code   RO         2825    i.drv_hts221_cfg_set  drv_hts221.o
    0x000312d8   0x00000020   Code   RO         2826    i.drv_hts221_close  drv_hts221.o
    0x000312f8   0x000000a8   Code   RO         2827    i.drv_hts221_humidity_get  drv_hts221.o
    0x000313a0   0x0000009c   Code   RO         2829    i.drv_hts221_one_shot  drv_hts221.o
    0x0003143c   0x00000064   Code   RO         2830    i.drv_hts221_open   drv_hts221.o
    0x000314a0   0x00000068   Code   RO         2832    i.drv_hts221_status_get  drv_hts221.o
    0x00031508   0x000000a8   Code   RO         2833    i.drv_hts221_temperature_get  drv_hts221.o
    0x000315b0   0x00000070   Code   RO         2834    i.drv_hts221_verify  drv_hts221.o
    0x00031620   0x000000a8   Code   RO         2929    i.drv_humidity_disable  drv_humidity.o
    0x000316c8   0x00000140   Code   RO         2930    i.drv_humidity_enable  drv_humidity.o
    0x00031808   0x00000120   Code   RO          514    i.drv_humidity_evt_handler  m_environment.o
    0x00031928   0x000000f0   Code   RO         2931    i.drv_humidity_get  drv_humidity.o
    0x00031a18   0x00000170   Code   RO         2932    i.drv_humidity_init  drv_humidity.o
    0x00031b88   0x0000008c   Code   RO         2934    i.drv_humidity_sample  drv_humidity.o
    0x00031c14   0x00000004   PAD
    0x00031c18   0x000000f0   Code   RO         2935    i.drv_humidity_temp_get  drv_humidity.o
    0x00031d08   0x0000019c   Code   RO         2326    i.drv_lps22hb_cfg_set  drv_lps22hb.o
    0x00031ea4   0x00000020   Code   RO         2327    i.drv_lps22hb_close  drv_lps22hb.o
    0x00031ec4   0x000000a0   Code   RO         2332    i.drv_lps22hb_odr_set  drv_lps22hb.o
    0x00031f64   0x000000a0   Code   RO         2333    i.drv_lps22hb_one_shot  drv_lps22hb.o
    0x00032004   0x00000064   Code   RO         2334    i.drv_lps22hb_open  drv_lps22hb.o
    0x00032068   0x000000d0   Code   RO         2335    i.drv_lps22hb_pressure_get  drv_lps22hb.o
    0x00032138   0x00000068   Code   RO         2341    i.drv_lps22hb_status_get  drv_lps22hb.o
    0x000321a0   0x000000a8   Code   RO         2343    i.drv_lps22hb_temperature_get  drv_lps22hb.o
    0x00032248   0x0000006c   Code   RO         2344    i.drv_lps22hb_verify  drv_lps22hb.o
    0x000322b4   0x00000018   Code   RO          980    i.drv_mic_data_handler  m_sound.o
    0x000322cc   0x00000088   Code   RO         3167    i.drv_mic_init      drv_mic.o
    0x00032354   0x00000030   Code   RO         3168    i.drv_mic_start     drv_mic.o
    0x00032384   0x0000002c   Code   RO         3169    i.drv_mic_stop      drv_mic.o
    0x000323b0   0x00000048   Code   RO         2024    i.drv_motion_config  drv_motion.o
    0x000323f8   0x000000c0   Code   RO         2025    i.drv_motion_disable  drv_motion.o
    0x000324b8   0x000002bc   Code   RO         2026    i.drv_motion_enable  drv_motion.o
    0x00032774   0x000001e0   Code   RO          720    i.drv_motion_evt_handler  m_motion.o
    0x00032954   0x000001b0   Code   RO         2027    i.drv_motion_init   drv_motion.o
    0x00032b04   0x00000004   Code   RO         2028    i.drv_motion_sleep_prepare  drv_motion.o
    0x00032b08   0x00000064   Code   RO         1939    i.drv_mpu9250_enable  drv_mpu9250.o
    0x00032b6c   0x00000024   Code   RO         1940    i.drv_mpu9250_init  drv_mpu9250.o
    0x00032b90   0x00000018   Code   RO         1941    i.drv_mpu9250_int_register  drv_mpu9250.o
    0x00032ba8   0x00000016   Code   RO         1942    i.drv_mpu9250_ms_get  drv_mpu9250.o
    0x00032bbe   0x00000002   PAD
    0x00032bc0   0x00000058   Code   RO         1943    i.drv_mpu9250_read  drv_mpu9250.o
    0x00032c18   0x0000006c   Code   RO         1944    i.drv_mpu9250_write  drv_mpu9250.o
    0x00032c84   0x0000009c   Code   RO         2242    i.drv_pressure_disable  drv_pressure.o
    0x00032d20   0x00000184   Code   RO         2243    i.drv_pressure_enable  drv_pressure.o
    0x00032ea4   0x00000064   Code   RO          515    i.drv_pressure_evt_handler  m_environment.o
    0x00032f08   0x0000008c   Code   RO         2244    i.drv_pressure_get  drv_pressure.o
    0x00032f94   0x000000e8   Code   RO         2245    i.drv_pressure_init  drv_pressure.o
    0x0003307c   0x00000030   Code   RO         2248    i.drv_pressure_sample  drv_pressure.o
    0x000330ac   0x000001a8   Code   RO         1860    i.drv_speaker_ble_pcm_play  drv_speaker.o
    0x00033254   0x0000002c   Code   RO          981    i.drv_speaker_evt_handler  m_sound.o
    0x00033280   0x0000007c   Code   RO         1862    i.drv_speaker_init  drv_speaker.o
    0x000332fc   0x000000d4   Code   RO         1863    i.drv_speaker_sample_play  drv_speaker.o
    0x000333d0   0x00000134   Code   RO         1864    i.drv_speaker_tone_start  drv_speaker.o
    0x00033504   0x00000036   Code   RO         2477    i.drv_sx1509_clock_modify  drv_sx1509.o
    0x0003353a   0x00000002   PAD
    0x0003353c   0x00000028   Code   RO         2478    i.drv_sx1509_close  drv_sx1509.o
    0x00033564   0x00000030   Code   RO         2480    i.drv_sx1509_data_modify  drv_sx1509.o
    0x00033594   0x00000030   Code   RO         2486    i.drv_sx1509_dir_modify  drv_sx1509.o
    0x000335c4   0x0000000c   Code   RO         2491    i.drv_sx1509_init   drv_sx1509.o
    0x000335d0   0x00000030   Code   RO         2493    i.drv_sx1509_inpbufdisable_modify  drv_sx1509.o
    0x00033600   0x00000030   Code   RO         2502    i.drv_sx1509_leddriverenable_modify  drv_sx1509.o
    0x00033630   0x00000030   Code   RO         2506    i.drv_sx1509_longslewrate_modify  drv_sx1509.o
    0x00033660   0x00000020   Code   RO         2510    i.drv_sx1509_misc_modify  drv_sx1509.o
    0x00033680   0x0000008c   Code   RO         2512    i.drv_sx1509_onoffcfgx_modify  drv_sx1509.o
    0x0003370c   0x0000002c   Code   RO         2513    i.drv_sx1509_open   drv_sx1509.o
    0x00033738   0x00000030   Code   RO         2515    i.drv_sx1509_opendrain_modify  drv_sx1509.o
    0x00033768   0x00000030   Code   RO         2519    i.drv_sx1509_pulldown_modify  drv_sx1509.o
    0x00033798   0x00000030   Code   RO         2521    i.drv_sx1509_pullup_modify  drv_sx1509.o
    0x000337c8   0x000000d4   Code   RO         2523    i.drv_sx1509_reset  drv_sx1509.o
    0x0003389c   0x00000066   Code   RO         2525    i.drv_sx1509_risefallcfgx_modify  drv_sx1509.o
    0x00033902   0x00000002   PAD
    0x00033904   0x0000011c   Code   RO         8308    i.dvi_adpcm_encode  dvi_adpcm.o
    0x00033a20   0x00000050   Code   RO          663    i.env_fds_evt_handler  m_environment_flash.o
    0x00033a70   0x0000002c   Code   RO          516    i.environment_on_ble_evt  m_environment.o
    0x00033a9c   0x00000114   Code   RO          517    i.environment_service_init  m_environment.o
    0x00033bb0   0x00000018   Code   RO         8985    i.fabs              m_wm.l(fabs.o)
    0x00033bc8   0x0000005c   Code   RO         6948    i.fds_gc            fds.o
    0x00033c24   0x00000274   Code   RO         6949    i.fds_init          fds.o
    0x00033e98   0x00000040   Code   RO         6950    i.fds_record_close  fds.o
    0x00033ed8   0x0000000e   Code   RO         6952    i.fds_record_find   fds.o
    0x00033ee6   0x00000002   PAD
    0x00033ee8   0x00000044   Code   RO         6957    i.fds_record_open   fds.o
    0x00033f2c   0x00000010   Code   RO         6958    i.fds_record_update  fds.o
    0x00033f3c   0x00000008   Code   RO         6959    i.fds_record_write  fds.o
    0x00033f44   0x00000024   Code   RO         6961    i.fds_register      fds.o
    0x00033f68   0x00000020   Code   RO         5635    i.flash_callback    ble_dfu.o
    0x00033f88   0x00000050   Code   RO         9396    i.free              mc_w.l(malloc.o)
    0x00033fd8   0x000000e0   Code   RO         6827    i.fs_erase          fstorage.o
    0x000340b8   0x00000006   Code   RO         6965    i.fs_event_handler  fds.o
    0x000340be   0x00000002   PAD
    0x000340c0   0x00000028   Code   RO         7248    i.fs_evt_handler    nrf_dfu_flash_buttonless.o
    0x000340e8   0x000000c8   Code   RO         6829    i.fs_init           fstorage.o
    0x000341b0   0x00000018   Code   RO         6830    i.fs_queued_op_count_get  fstorage.o
    0x000341c8   0x000000e4   Code   RO         6831    i.fs_store          fstorage.o
    0x000342ac   0x000001f0   Code   RO         6832    i.fs_sys_event_handler  fstorage.o
    0x0003449c   0x00000060   Code   RO          518    i.gas_calib_timeout_handler  m_environment.o
    0x000344fc   0x000000ec   Code   RO          519    i.gas_stop          m_environment.o
    0x000345e8   0x000000bc   Code   RO         6966    i.gc_record_find_next  fds.o
    0x000346a4   0x0000005c   Code   RO         6474    i.gpiote_event_handler  app_button.o
    0x00034700   0x00000054   Code   RO         1195    i.gpiote_evt_handler  m_batt_meas.o
    0x00034754   0x00000034   Code   RO         1592    i.gpiote_evt_handler  drv_gas_sensor.o
    0x00034788   0x00000034   Code   RO         1808    i.gpiote_evt_handler  drv_color.o
    0x000347bc   0x00000058   Code   RO         1945    i.gpiote_evt_handler  drv_mpu9250.o
    0x00034814   0x00000040   Code   RO         2250    i.gpiote_evt_handler  drv_pressure.o
    0x00034854   0x00000040   Code   RO         2936    i.gpiote_evt_handler  drv_humidity.o
    0x00034894   0x000000a4   Code   RO         1593    i.gpiote_evt_sceduled  drv_gas_sensor.o
    0x00034938   0x0000006c   Code   RO         1809    i.gpiote_evt_sceduled  drv_color.o
    0x000349a4   0x00000024   Code   RO         1946    i.gpiote_evt_sceduled  drv_mpu9250.o
    0x000349c8   0x0000001c   Code   RO         2251    i.gpiote_evt_sceduled  drv_pressure.o
    0x000349e4   0x0000000c   Code   RO         2937    i.gpiote_evt_sceduled  drv_humidity.o
    0x000349f0   0x00000020   Code   RO          520    i.humidity_timeout_handler  m_environment.o
    0x00034a10   0x00000080   Code   RO         7341    i.intern_softdevice_events_execute  softdevice_handler.o
    0x00034a90   0x0000006e   Code   RO         3720    i.inv_apply_calibration  data_builder.o
    0x00034afe   0x00000002   PAD
    0x00034b00   0x0000006c   Code   RO         3721    i.inv_build_accel   data_builder.o
    0x00034b6c   0x000000c4   Code   RO         3722    i.inv_build_compass  data_builder.o
    0x00034c30   0x00000034   Code   RO         3723    i.inv_build_gyro    data_builder.o
    0x00034c64   0x00000030   Code   RO         3724    i.inv_build_quat    data_builder.o
    0x00034c94   0x00000024   Code   RO         3725    i.inv_build_temp    data_builder.o
    0x00034cb8   0x000000dc   Code   RO         4285    i.inv_compass_angle  ml_math_func.o
    0x00034d94   0x00000076   Code   RO         4287    i.inv_convert_to_body_with_scale  ml_math_func.o
    0x00034e0a   0x00000002   PAD
    0x00034e0c   0x0000003c   Code   RO         3727    i.inv_db_load_func  data_builder.o
    0x00034e48   0x00000014   Code   RO         3728    i.inv_db_save_func  data_builder.o
    0x00034e5c   0x00000028   Code   RO         4943    i.inv_enable_eMPL_outputs  empl_outputs.o
    0x00034e84   0x0000003c   Code   RO         4646    i.inv_enable_results_holder  results_holder.o
    0x00034ec0   0x00000030   Code   RO         4872    i.inv_execute_mpl_start_notification  start_manager.o
    0x00034ef0   0x00000124   Code   RO         3731    i.inv_execute_on_data  data_builder.o
    0x00035014   0x000000a8   Code   RO         4944    i.inv_generate_eMPL_outputs  empl_outputs.o
    0x000350bc   0x00000010   Code   RO         4647    i.inv_generate_results  results_holder.o
    0x000350cc   0x00000014   Code   RO         4648    i.inv_get_6axis_quaternion  results_holder.o
    0x000350e0   0x0000000c   Code   RO         4649    i.inv_get_acc_state  results_holder.o
    0x000350ec   0x0000000c   Code   RO         3732    i.inv_get_accel_accuracy  data_builder.o
    0x000350f8   0x00000010   Code   RO         3734    i.inv_get_accel_on  data_builder.o
    0x00035108   0x00000034   Code   RO         3738    i.inv_get_accel_set  data_builder.o
    0x0003513c   0x0000001c   Code   RO         3739    i.inv_get_compass_bias  data_builder.o
    0x00035158   0x0000001c   Code   RO         4653    i.inv_get_compass_correction  results_holder.o
    0x00035174   0x00000010   Code   RO         3741    i.inv_get_compass_on  data_builder.o
    0x00035184   0x00000044   Code   RO         3744    i.inv_get_compass_set  data_builder.o
    0x000351c8   0x0000000c   Code   RO         4654    i.inv_get_compass_state  results_holder.o
    0x000351d4   0x00000054   Code   RO         4655    i.inv_get_gravity   results_holder.o
    0x00035228   0x00000018   Code   RO         3749    i.inv_get_gyro      data_builder.o
    0x00035240   0x0000000c   Code   RO         3750    i.inv_get_gyro_accuracy  data_builder.o
    0x0003524c   0x0000002c   Code   RO         3751    i.inv_get_gyro_bias  data_builder.o
    0x00035278   0x00000018   Code   RO         3752    i.inv_get_gyro_bias_tc_set  data_builder.o
    0x00035290   0x00000010   Code   RO         3753    i.inv_get_gyro_on   data_builder.o
    0x000352a0   0x00000034   Code   RO         3757    i.inv_get_gyro_set  data_builder.o
    0x000352d4   0x0000001c   Code   RO         4291    i.inv_get_gyro_sum_of_sqr  ml_math_func.o
    0x000352f0   0x0000000c   Code   RO         4658    i.inv_get_large_mag_field  results_holder.o
    0x000352fc   0x00000050   Code   RO         3759    i.inv_get_last_timestamp  data_builder.o
    0x0003534c   0x0000007c   Code   RO         4659    i.inv_get_linear_accel  results_holder.o
    0x000353c8   0x000000bc   Code   RO         4660    i.inv_get_linear_accel_float  results_holder.o
    0x00035484   0x00000014   Code   RO         4661    i.inv_get_local_field  results_holder.o
    0x00035498   0x0000001c   Code   RO         3760    i.inv_get_mag_accuracy  data_builder.o
    0x000354b4   0x00000010   Code   RO         4663    i.inv_get_motion_state  results_holder.o
    0x000354c4   0x00000038   Code   RO         4664    i.inv_get_quaternion  results_holder.o
    0x000354fc   0x00000068   Code   RO         4666    i.inv_get_quaternion_set  results_holder.o
    0x00035564   0x00000018   Code   RO         4945    i.inv_get_sensor_type_accel  empl_outputs.o
    0x0003557c   0x00000018   Code   RO         4946    i.inv_get_sensor_type_compass  empl_outputs.o
    0x00035594   0x000001cc   Code   RO         4947    i.inv_get_sensor_type_euler  empl_outputs.o
    0x00035760   0x00000064   Code   RO         4170    i.inv_get_sensor_type_gravity  hal_outputs.o
    0x000357c4   0x00000018   Code   RO         4948    i.inv_get_sensor_type_gyro  empl_outputs.o
    0x000357dc   0x000000a8   Code   RO         4949    i.inv_get_sensor_type_heading  empl_outputs.o
    0x00035884   0x00000020   Code   RO         4950    i.inv_get_sensor_type_quat  empl_outputs.o
    0x000358a4   0x00000020   Code   RO         4951    i.inv_get_sensor_type_rot_mat  empl_outputs.o
    0x000358c4   0x0000000c   Code   RO         4668    i.inv_got_compass_bias  results_holder.o
    0x000358d0   0x0000009c   Code   RO         3763    i.inv_init_data_builder  data_builder.o
    0x0003596c   0x000000d0   Code   RO         4617    i.inv_init_mpl      mpl.o
    0x00035a3c   0x00000014   Code   RO         4873    i.inv_init_start_manager  start_manager.o
    0x00035a50   0x00000018   Code   RO         4905    i.inv_init_storage_manager  storage_manager.o
    0x00035a68   0x000000a6   Code   RO         4300    i.inv_orientation_matrix_to_scalar  ml_math_func.o
    0x00035b0e   0x0000000c   Code   RO         4301    i.inv_q29_mult      ml_math_func.o
    0x00035b1a   0x0000000c   Code   RO         4303    i.inv_q30_mult      ml_math_func.o
    0x00035b26   0x00000028   Code   RO         4304    i.inv_q_add         ml_math_func.o
    0x00035b4e   0x00000042   Code   RO         4305    i.inv_q_addf        ml_math_func.o
    0x00035b90   0x00000018   Code   RO         4306    i.inv_q_invert      ml_math_func.o
    0x00035ba8   0x0000002e   Code   RO         4307    i.inv_q_invertf     ml_math_func.o
    0x00035bd6   0x00000130   Code   RO         4308    i.inv_q_mult        ml_math_func.o
    0x00035d06   0x000000d2   Code   RO         4309    i.inv_q_multf       ml_math_func.o
    0x00035dd8   0x00000094   Code   RO         4310    i.inv_q_norm4       ml_math_func.o
    0x00035e6c   0x000000b0   Code   RO         4312    i.inv_q_normalizef  ml_math_func.o
    0x00035f1c   0x00000052   Code   RO         4313    i.inv_q_rotate      ml_math_func.o
    0x00035f6e   0x00000132   Code   RO         4315    i.inv_quaternion_to_rotation  ml_math_func.o
    0x000360a0   0x0000010c   Code   RO         3766    i.inv_register_data_cb  data_builder.o
    0x000361ac   0x000000ac   Code   RO         4907    i.inv_register_load_store  storage_manager.o
    0x00036258   0x00000020   Code   RO         4874    i.inv_register_mpl_start_notification  start_manager.o
    0x00036278   0x0000001c   Code   RO         3768    i.inv_set_accel_accuracy  data_builder.o
    0x00036294   0x0000000c   Code   RO         4671    i.inv_set_accel_bias_found  results_holder.o
    0x000362a0   0x00000054   Code   RO         3771    i.inv_set_accel_bias_mask  data_builder.o
    0x000362f4   0x0000000c   Code   RO         3772    i.inv_set_accel_orientation_and_scale  data_builder.o
    0x00036300   0x0000002c   Code   RO         3773    i.inv_set_accel_sample_rate  data_builder.o
    0x0003632c   0x00000054   Code   RO         3775    i.inv_set_compass_bias  data_builder.o
    0x00036380   0x00000014   Code   RO         4672    i.inv_set_compass_bias_error  results_holder.o
    0x00036394   0x0000000c   Code   RO         4673    i.inv_set_compass_bias_found  results_holder.o
    0x000363a0   0x00000024   Code   RO         4674    i.inv_set_compass_correction  results_holder.o
    0x000363c4   0x0000000c   Code   RO         3776    i.inv_set_compass_disturbance  data_builder.o
    0x000363d0   0x00000010   Code   RO         3777    i.inv_set_compass_orientation_and_scale  data_builder.o
    0x000363e0   0x00000030   Code   RO         3778    i.inv_set_compass_sample_rate  data_builder.o
    0x00036410   0x0000000c   Code   RO         4675    i.inv_set_compass_state  results_holder.o
    0x0003641c   0x00000068   Code   RO         3783    i.inv_set_gyro_bias  data_builder.o
    0x00036484   0x0000000c   Code   RO         3784    i.inv_set_gyro_orientation_and_scale  data_builder.o
    0x00036490   0x00000028   Code   RO         3785    i.inv_set_gyro_sample_rate  data_builder.o
    0x000364b8   0x00000018   Code   RO         4260    i.inv_set_message   message_layer.o
    0x000364d0   0x00000034   Code   RO         4680    i.inv_set_motion_state  results_holder.o
    0x00036504   0x00000010   Code   RO         4952    i.inv_start_eMPL_outputs  empl_outputs.o
    0x00036514   0x00000064   Code   RO         4618    i.inv_start_mpl     mpl.o
    0x00036578   0x00000018   Code   RO         4681    i.inv_start_results_holder  results_holder.o
    0x00036590   0x00000024   Code   RO         4682    i.inv_store_gaming_quaternion  results_holder.o
    0x000365b4   0x000000d8   Code   RO         3788    i.inv_unregister_data_cb  data_builder.o
    0x0003668c   0x00000048   Code   RO         4875    i.inv_unregister_mpl_start_notification  start_manager.o
    0x000366d4   0x000001ec   Code   RO          834    i.led_set           m_ui.o
    0x000368c0   0x00000064   Code   RO         2202    i.lis3dh_write_regs  drv_acc_lis3dh.o
    0x00036924   0x00000070   Code   RO         3170    i.m_audio_buffer_handler  drv_mic.o
    0x00036994   0x00000048   Code   RO         3171    i.m_audio_process   drv_mic.o
    0x000369dc   0x000000e8   Code   RO         1197    i.m_batt_meas_enable  m_batt_meas.o
    0x00036ac4   0x00000058   Code   RO            7    i.m_batt_meas_handler  main.o
    0x00036b1c   0x00000220   Code   RO         1198    i.m_batt_meas_init  m_batt_meas.o
    0x00036d3c   0x000000c0   Code   RO          455    i.m_ble_flash_config_load  m_ble_flash.o
    0x00036dfc   0x00000094   Code   RO          456    i.m_ble_flash_config_store  m_ble_flash.o
    0x00036e90   0x000001dc   Code   RO          457    i.m_ble_flash_init  m_ble_flash.o
    0x0003706c   0x0000046c   Code   RO          315    i.m_ble_init        m_ble.o
    0x000374d8   0x000000a0   Code   RO          665    i.m_env_flash_baseline_store  m_environment_flash.o
    0x00037578   0x000000cc   Code   RO          666    i.m_env_flash_config_load  m_environment_flash.o
    0x00037644   0x000000a0   Code   RO          667    i.m_env_flash_config_store  m_environment_flash.o
    0x000376e4   0x000002e0   Code   RO          668    i.m_env_flash_init  m_environment_flash.o
    0x000379c4   0x000001d8   Code   RO          521    i.m_environment_init  m_environment.o
    0x00037b9c   0x000000c8   Code   RO          523    i.m_environment_stop  m_environment.o
    0x00037c64   0x0000006c   Code   RO         1048    i.m_handle_radio_disabled  advertiser_beacon_timeslot.o
    0x00037cd0   0x00000138   Code   RO         1049    i.m_handle_start    advertiser_beacon_timeslot.o
    0x00037e08   0x0000044c   Code   RO         1333    i.m_ioext_cmd_process  drv_ext_light.o
    0x00038254   0x00000114   Code   RO         1334    i.m_ioext_color_select_cmd_send  drv_ext_light.o
    0x00038368   0x000001d0   Code   RO         1335    i.m_ioext_led_drv_ctrl  drv_ext_light.o
    0x00038538   0x00000158   Code   RO         1336    i.m_ioext_osc_status_change  drv_ext_light.o
    0x00038690   0x000001c0   Code   RO         1337    i.m_light_timer_handler  drv_ext_light.o
    0x00038850   0x000000c8   Code   RO          786    i.m_motion_flash_config_load  m_motion_flash.o
    0x00038918   0x0000009c   Code   RO          787    i.m_motion_flash_config_store  m_motion_flash.o
    0x000389b4   0x000001a4   Code   RO          788    i.m_motion_flash_init  m_motion_flash.o
    0x00038b58   0x0000008c   Code   RO          721    i.m_motion_init     m_motion.o
    0x00038be4   0x00000004   Code   RO          722    i.m_motion_sleep_prepare  m_motion.o
    0x00038be8   0x00000074   Code   RO         1338    i.m_port_mask_create  drv_ext_light.o
    0x00038c5c   0x0000003c   Code   RO          982    i.m_sound_init      m_sound.o
    0x00038c98   0x0000009c   Code   RO         1051    i.m_timeslot_callback  advertiser_beacon_timeslot.o
    0x00038d34   0x000000c0   Code   RO          934    i.m_ui_flash_config_load  m_ui_flash.o
    0x00038df4   0x00000098   Code   RO          935    i.m_ui_flash_config_store  m_ui_flash.o
    0x00038e8c   0x000001a4   Code   RO          936    i.m_ui_flash_init   m_ui_flash.o
    0x00039030   0x00000108   Code   RO          835    i.m_ui_init         m_ui.o
    0x00039138   0x0000009c   Code   RO          837    i.m_ui_led_set_event  m_ui.o
    0x000391d4   0x00000214   Code   RO            8    i.main              main.o
    0x000393e8   0x0000006c   Code   RO         9397    i.malloc            mc_w.l(malloc.o)
    0x00039454   0x0000003e   Code   RO         4321    i.mlMatrixVectorMult  ml_math_func.o
    0x00039492   0x00000002   PAD
    0x00039494   0x00000044   Code   RO          789    i.motion_fds_evt_handler  m_motion_flash.o
    0x000394d8   0x00000030   Code   RO          723    i.motion_on_ble_evt  m_motion.o
    0x00039508   0x000000b8   Code   RO          724    i.motion_service_init  m_motion.o
    0x000395c0   0x00000060   Code   RO         3231    i.mpu_configure_fifo  inv_mpu.o
    0x00039620   0x0000003c   Code   RO         3232    i.mpu_get_accel_fsr  inv_mpu.o
    0x0003965c   0x00000058   Code   RO         3233    i.mpu_get_accel_reg  inv_mpu.o
    0x000396b4   0x00000010   Code   RO         3235    i.mpu_get_compass_fsr  inv_mpu.o
    0x000396c4   0x0000009c   Code   RO         3236    i.mpu_get_compass_reg  inv_mpu.o
    0x00039760   0x00000038   Code   RO         3240    i.mpu_get_gyro_fsr  inv_mpu.o
    0x00039798   0x0000001c   Code   RO         3246    i.mpu_get_sample_rate  inv_mpu.o
    0x000397b4   0x00000088   Code   RO         3247    i.mpu_get_temperature  inv_mpu.o
    0x0003983c   0x00000308   Code   RO         3248    i.mpu_init          inv_mpu.o
    0x00039b44   0x00000134   Code   RO         3249    i.mpu_load_firmware  inv_mpu.o
    0x00039c78   0x000000c8   Code   RO         3250    i.mpu_lp_accel_mode  inv_mpu.o
    0x00039d40   0x0000016c   Code   RO         3255    i.mpu_read_fifo     inv_mpu.o
    0x00039eac   0x0000009c   Code   RO         3256    i.mpu_read_fifo_stream  inv_mpu.o
    0x00039f48   0x0000005c   Code   RO         3257    i.mpu_read_mem      inv_mpu.o
    0x00039fa4   0x00000174   Code   RO         3260    i.mpu_reset_fifo    inv_mpu.o
    0x0003a118   0x00000064   Code   RO         3265    i.mpu_set_accel_fsr  inv_mpu.o
    0x0003a17c   0x0000010c   Code   RO         3266    i.mpu_set_bypass    inv_mpu.o
    0x0003a288   0x0000004c   Code   RO         3267    i.mpu_set_compass_sample_rate  inv_mpu.o
    0x0003a2d4   0x00000078   Code   RO         3268    i.mpu_set_dmp_state  inv_mpu.o
    0x0003a34c   0x0000006c   Code   RO         3270    i.mpu_set_gyro_fsr  inv_mpu.o
    0x0003a3b8   0x00000064   Code   RO         3271    i.mpu_set_int_latched  inv_mpu.o
    0x0003a41c   0x0000006c   Code   RO         3273    i.mpu_set_lpf       inv_mpu.o
    0x0003a488   0x000000cc   Code   RO         3274    i.mpu_set_sample_rate  inv_mpu.o
    0x0003a554   0x00000144   Code   RO         3275    i.mpu_set_sensors   inv_mpu.o
    0x0003a698   0x0000005c   Code   RO         3276    i.mpu_write_mem     inv_mpu.o
    0x0003a6f4   0x000002fc   Code   RO         2029    i.mpulib_data_handler_cb  drv_motion.o
    0x0003a9f0   0x0000002c   Code   RO         2030    i.mpulib_orient_cb  drv_motion.o
    0x0003aa1c   0x00000030   Code   RO         2031    i.mpulib_tap_cb     drv_motion.o
    0x0003aa4c   0x00000044   Code   RO         1446    i.multi_byte_register_get  drv_ccs811.o
    0x0003aa90   0x00000090   Code   RO            9    i.nrf_delay_us      main.o
    0x0003ab20   0x00000090   Code   RO         1594    i.nrf_delay_us      drv_gas_sensor.o
    0x0003abb0   0x00000090   Code   RO         3277    i.nrf_delay_us      inv_mpu.o
    0x0003ac40   0x00000090   Code   RO         5982    i.nrf_delay_us      nrf_drv_twi.o
    0x0003acd0   0x00000090   Code   RO         6627    i.nrf_delay_us      app_timer.o
    0x0003ad60   0x0000004c   Code   RO         7249    i.nrf_dfu_flash_erase  nrf_dfu_flash_buttonless.o
    0x0003adac   0x00000010   Code   RO         7251    i.nrf_dfu_flash_init  nrf_dfu_flash_buttonless.o
    0x0003adbc   0x0000004c   Code   RO         7252    i.nrf_dfu_flash_store  nrf_dfu_flash_buttonless.o
    0x0003ae08   0x0000009c   Code   RO         7182    i.nrf_dfu_settings_init  nrf_dfu_settings.o
    0x0003aea4   0x00000068   Code   RO         7183    i.nrf_dfu_settings_write  nrf_dfu_settings.o
    0x0003af0c   0x00000050   Code   RO         6180    i.nrf_drv_clock_on_sd_enable  nrf_drv_clock.o
    0x0003af5c   0x00000024   Code   RO         6181    i.nrf_drv_clock_on_soc_event  nrf_drv_clock.o
    0x0003af80   0x00000038   Code   RO         5775    i.nrf_drv_common_irq_enable  nrf_drv_common.o
    0x0003afb8   0x00000060   Code   RO         5810    i.nrf_drv_gpiote_in_event_disable  nrf_drv_gpiote.o
    0x0003b018   0x000000c4   Code   RO         5811    i.nrf_drv_gpiote_in_event_enable  nrf_drv_gpiote.o
    0x0003b0dc   0x000000e4   Code   RO         5812    i.nrf_drv_gpiote_in_init  nrf_drv_gpiote.o
    0x0003b1c0   0x00000014   Code   RO         5813    i.nrf_drv_gpiote_in_is_set  nrf_drv_gpiote.o
    0x0003b1d4   0x00000094   Code   RO         5814    i.nrf_drv_gpiote_in_uninit  nrf_drv_gpiote.o
    0x0003b268   0x0000006c   Code   RO         5815    i.nrf_drv_gpiote_init  nrf_drv_gpiote.o
    0x0003b2d4   0x00000014   Code   RO         5816    i.nrf_drv_gpiote_is_init  nrf_drv_gpiote.o
    0x0003b2e8   0x000000f4   Code   RO         6414    i.nrf_drv_pdm_init  nrf_drv_pdm.o
    0x0003b3dc   0x00000044   Code   RO         6415    i.nrf_drv_pdm_start  nrf_drv_pdm.o
    0x0003b420   0x00000034   Code   RO         6416    i.nrf_drv_pdm_stop  nrf_drv_pdm.o
    0x0003b454   0x000000b4   Code   RO         6101    i.nrf_drv_pwm_complex_playback  nrf_drv_pwm.o
    0x0003b508   0x00000114   Code   RO         6102    i.nrf_drv_pwm_init  nrf_drv_pwm.o
    0x0003b61c   0x000000c8   Code   RO         6104    i.nrf_drv_pwm_simple_playback  nrf_drv_pwm.o
    0x0003b6e4   0x00000054   Code   RO         6105    i.nrf_drv_pwm_stop  nrf_drv_pwm.o
    0x0003b738   0x000000d0   Code   RO         6285    i.nrf_drv_saadc_buffer_convert  nrf_drv_saadc.o
    0x0003b808   0x00000044   Code   RO         6286    i.nrf_drv_saadc_calibrate_offset  nrf_drv_saadc.o
    0x0003b84c   0x00000054   Code   RO         6287    i.nrf_drv_saadc_channel_init  nrf_drv_saadc.o
    0x0003b8a0   0x00000098   Code   RO         6289    i.nrf_drv_saadc_init  nrf_drv_saadc.o
    0x0003b938   0x0000002c   Code   RO         6292    i.nrf_drv_saadc_sample  nrf_drv_saadc.o
    0x0003b964   0x000000e0   Code   RO         6295    i.nrf_drv_saadc_uninit  nrf_drv_saadc.o
    0x0003ba44   0x00000030   Code   RO         5984    i.nrf_drv_twi_disable  nrf_drv_twi.o
    0x0003ba74   0x00000020   Code   RO         5985    i.nrf_drv_twi_enable  nrf_drv_twi.o
    0x0003ba94   0x00000150   Code   RO         5986    i.nrf_drv_twi_init  nrf_drv_twi.o
    0x0003bbe4   0x0000002c   Code   RO         5987    i.nrf_drv_twi_rx    nrf_drv_twi.o
    0x0003bc10   0x0000002c   Code   RO         5990    i.nrf_drv_twi_tx    nrf_drv_twi.o
    0x0003bc3c   0x00000090   Code   RO         5991    i.nrf_drv_twi_uninit  nrf_drv_twi.o
    0x0003bccc   0x000000ac   Code   RO         5992    i.nrf_drv_twi_xfer  nrf_drv_twi.o
    0x0003bd78   0x0000005c   Code   RO         7475    i.nrf_log_frontend_std_1  nrf_log_frontend.o
    0x0003bdd4   0x0000006a   Code   RO         6386    i.nrf_saadc_channel_init  nrf_saadc.o
    0x0003be3e   0x00000002   PAD
    0x0003be40   0x00000030   Code   RO          316    i.on_adv_evt        m_ble.o
    0x0003be70   0x00000020   Code   RO          317    i.on_conn_params_evt  m_ble.o
    0x0003be90   0x000000b4   Code   RO         6967    i.op_enqueue        fds.o
    0x0003bf44   0x0000000c   Code   RO         2032    i.pedo_timeout_handler  drv_motion.o
    0x0003bf50   0x00000014   Code   RO          524    i.pressure_timeout_handler  m_environment.o
    0x0003bf64   0x00000040   Code   RO         1865    i.pwm_handler       drv_speaker.o
    0x0003bfa4   0x000000c4   Code   RO         6833    i.queue_process     fstorage.o
    0x0003c068   0x000006d8   Code   RO         6968    i.queue_process     fds.o
    0x0003c740   0x0000016c   Code   RO         6969    i.record_find       fds.o
    0x0003c8ac   0x00000158   Code   RO         6970    i.record_find_by_desc  fds.o
    0x0003ca04   0x00000044   Code   RO         1447    i.reg_get           drv_ccs811.o
    0x0003ca48   0x00000044   Code   RO         2528    i.reg_get           drv_sx1509.o
    0x0003ca8c   0x0000008c   Code   RO         1688    i.reg_read          drv_bh1745.o
    0x0003cb18   0x0000008c   Code   RO         2345    i.reg_read          drv_lps22hb.o
    0x0003cba4   0x0000008c   Code   RO         2835    i.reg_read          drv_hts221.o
    0x0003cc30   0x0000006c   Code   RO         1689    i.reg_write         drv_bh1745.o
    0x0003cc9c   0x0000006c   Code   RO         2346    i.reg_write         drv_lps22hb.o
    0x0003cd08   0x00000048   Code   RO         2836    i.reg_write         drv_hts221.o
    0x0003cd50   0x00000084   Code   RO         2529    i.register_bits_modify  drv_sx1509.o
    0x0003cdd4   0x00000004   PAD
    0x0003cdd8   0x000000d4   Code   RO         1199    i.saadc_event_handler_interrupt  m_batt_meas.o
    0x0003ceac   0x00000080   Code   RO         7126    i.sdk_mapped_flags_bulk_update_by_key  sdk_mapped_flags.o
    0x0003cf2c   0x00000054   Code   RO         7127    i.sdk_mapped_flags_first_key_index_get  sdk_mapped_flags.o
    0x0003cf80   0x00000062   Code   RO         7129    i.sdk_mapped_flags_key_list_get  sdk_mapped_flags.o
    0x0003cfe2   0x00000002   PAD
    0x0003cfe4   0x0000007c   Code   RO         7131    i.sdk_mapped_flags_update_by_key  sdk_mapped_flags.o
    0x0003d060   0x000000dc   Code   RO         1866    i.seq0_buffer_update  drv_speaker.o
    0x0003d13c   0x000000e8   Code   RO         1867    i.seq1_buffer_update  drv_speaker.o
    0x0003d224   0x00000078   Code   RO         3278    i.set_int_enable    inv_mpu.o
    0x0003d29c   0x00000014   Code   RO         7343    i.softdevice_ble_evt_handler_set  softdevice_handler.o
    0x0003d2b0   0x000000b0   Code   RO         7344    i.softdevice_enable  softdevice_handler.o
    0x0003d360   0x0000002a   Code   RO         7345    i.softdevice_enable_get_default_config  softdevice_handler.o
    0x0003d38a   0x00000014   Code   RO         7307    i.softdevice_evt_get  softdevice_handler_appsh.o
    0x0003d39e   0x00000002   PAD
    0x0003d3a0   0x00000010   Code   RO         7308    i.softdevice_evt_schedule  softdevice_handler_appsh.o
    0x0003d3b0   0x00000004   Code   RO         7346    i.softdevice_fault_handler  softdevice_handler.o
    0x0003d3b4   0x0000009c   Code   RO         7347    i.softdevice_handler_init  softdevice_handler.o
    0x0003d450   0x0000000c   Code   RO         7348    i.softdevice_handler_is_enabled  softdevice_handler.o
    0x0003d45c   0x00000014   Code   RO         7353    i.softdevice_sys_evt_handler_set  softdevice_handler.o
    0x0003d470   0x0000002c   Code   RO          983    i.sound_on_ble_evt  m_sound.o
    0x0003d49c   0x0000002c   Code   RO          984    i.sound_service_init  m_sound.o
    0x0003d4c8   0x0000006e   Code   RO         9081    i.sqrt              m_wm.l(sqrt_full.o)
    0x0003d536   0x0000003e   Code   RO         9087    i.sqrtf             m_wm.l(sqrtf_full.o)
    0x0003d574   0x000000e4   Code   RO         1287    i.support_func_ble_mac_address_print_rtt  support_func.o
    0x0003d658   0x000005a4   Code   RO         3133    i.sx150x_led_drv_calc_convert  sx150x_led_drv_calc.o
    0x0003dbfc   0x00000020   Code   RO         3134    i.sx150x_led_drv_calc_fade_supp  sx150x_led_drv_calc.o
    0x0003dc1c   0x0000001c   Code   RO         3135    i.sx150x_led_drv_calc_init  sx150x_led_drv_calc.o
    0x0003dc38   0x0000005c   Code   RO          318    i.sys_evt_dispatch  m_ble.o
    0x0003dc94   0x00000054   Code   RO          458    i.tc_fds_evt_handler  m_ble_flash.o
    0x0003dce8   0x00000194   Code   RO          319    i.tcs_evt_handler   m_ble.o
    0x0003de7c   0x0000000c   Code   RO         2033    i.temp_timeout_handler  drv_motion.o
    0x0003de88   0x00000020   Code   RO          525    i.temperature_timeout_handler  m_environment.o
    0x0003dea8   0x0000015c   Code   RO           10    i.thingy_ble_evt_handler  main.o
    0x0003e004   0x00000074   Code   RO          838    i.thingy_ui_on_ble_evt  m_ui.o
    0x0003e078   0x0000007c   Code   RO          839    i.thingy_ui_service_init  m_ui.o
    0x0003e0f4   0x000002f4   Code   RO         6628    i.timer_list_handler  app_timer.o
    0x0003e3e8   0x00000010   Code   RO         1124    i.twi_manager_init  twi_manager.o
    0x0003e3f8   0x0000005c   Code   RO         1126    i.twi_manager_request  twi_manager.o
    0x0003e454   0x000000b6   Code   RO         5993    i.twi_rx_start_transfer  nrf_drv_twi.o
    0x0003e50a   0x00000112   Code   RO         5994    i.twi_transfer      nrf_drv_twi.o
    0x0003e61c   0x000000d4   Code   RO         5995    i.twi_tx_start_transfer  nrf_drv_twi.o
    0x0003e6f0   0x00000044   Code   RO          937    i.ui_fds_evt_handler  m_ui_flash.o
    0x0003e734   0x0000006c   Code   RO         5174    i.update_timeout_handler  ble_conn_params.o
    0x0003e7a0   0x00000164   Code   RO         5046    i.uuid_list_encode  ble_advdata.o
    0x0003e904   0x000001e8   Code   RO         6971    i.write_enqueue     fds.o
    0x0003eaec   0x00000154   Data   RO           12    .constdata          main.o
    0x0003ec40   0x00000010   Data   RO           13    .constdata          main.o
    0x0003ec50   0x00000132   Data   RO          321    .constdata          m_ble.o
    0x0003ed82   0x00000002   PAD
    0x0003ed84   0x0000006c   Data   RO          532    .constdata          m_environment.o
    0x0003edf0   0x00000010   Data   RO          533    .constdata          m_environment.o
    0x0003ee00   0x00000050   Data   RO          726    .constdata          m_motion.o
    0x0003ee50   0x00000070   Data   RO          845    .constdata          m_ui.o
    0x0003eec0   0x00000015   Data   RO         1202    .constdata          m_batt_meas.o
    0x0003eed5   0x00000003   PAD
    0x0003eed8   0x00000054   Data   RO         1339    .constdata          drv_ext_light.o
    0x0003ef2c   0x00005304   Data   RO         1869    .constdata          drv_speaker.o
    0x00044230   0x0000000c   Data   RO         2038    .constdata          drv_motion.o
    0x0004423c   0x0000000a   Data   RO         2253    .constdata          drv_pressure.o
    0x00044246   0x0000000c   Data   RO         2939    .constdata          drv_humidity.o
    0x00044252   0x00000002   PAD
    0x00044254   0x00000006   Data   RO         3136    .constdata          sx150x_led_drv_calc.o
    0x0004425a   0x0000002a   Data   RO         3279    .constdata          inv_mpu.o
    0x00044284   0x0000000e   Data   RO         3280    .constdata          inv_mpu.o
    0x00044292   0x00000002   PAD
    0x00044294   0x00000030   Data   RO         3281    .constdata          inv_mpu.o
    0x000442c4   0x00000bf6   Data   RO         3571    .constdata          inv_mpu_dmp_motion_driver.o
    0x00044eba   0x0000002f   Data   RO         4619    .constdata          mpl.o
    0x00044ee9   0x00000003   PAD
    0x00044eec   0x00000004   Data   RO         5177    .constdata          ble_conn_params.o
    0x00044ef0   0x00000010   Data   RO         5420    .constdata          ble_tes.o
    0x00044f00   0x00000010   Data   RO         5477    .constdata          ble_tcs.o
    0x00044f10   0x00000010   Data   RO         5514    .constdata          ble_uis.o
    0x00044f20   0x00000010   Data   RO         5559    .constdata          ble_tms.o
    0x00044f30   0x00000010   Data   RO         5636    .constdata          ble_dfu.o
    0x00044f40   0x00000010   Data   RO         5700    .constdata          ble_tss.o
    0x00044f50   0x0000000c   Data   RO         5997    .constdata          nrf_drv_twi.o
    0x00044f5c   0x00000004   Data   RO         6297    .constdata          nrf_drv_saadc.o
    0x00044f60   0x00000008   Data   RO         6476    .constdata          app_button.o
    0x00044f68   0x00000014   Data   RO         6973    .constdata          fds.o
    0x00044f7c   0x00000024   Data   RO         7486    .constdata          nrf_log_frontend.o
    0x00044fa0   0x00000010   Data   RO         7867    .constdata          segger_rtt_printf.o
    0x00044fb0   0x000000c2   Data   RO         8310    .constdata          dvi_adpcm.o
    0x00045072   0x00000002   PAD
    0x00045074   0x00000018   Data   RO         8407    .constdata          drv_audio_pdm.o
    0x0004508c   0x00000804   Data   RO         8840    .constdata          arm_cortexM4lf_math.lib(arm_common_tables.o)
    0x00045890   0x00000038   Data   RO         8998    .constdata          m_wm.l(log.o)
    0x000458c8   0x00000088   Data   RO         9026    .constdata          m_wm.l(pow.o)
    0x00045950   0x00000030   Data   RO         9451    .constdata          m_wm.l(cos_i.o)
    0x00045980   0x00000008   Data   RO         9487    .constdata          m_wm.l(qnan.o)
    0x00045988   0x000000c8   Data   RO         9490    .constdata          m_wm.l(rred.o)
    0x00045a50   0x00000020   Data   RO         9494    .constdata          m_wm.l(rredf.o)
    0x00045a70   0x00000028   Data   RO         9497    .constdata          m_wm.l(sin_i.o)
    0x00045a98   0x00000150   Data   RO           14    .conststring        main.o
    0x00045be8   0x00000048   Data   RO          460    .conststring        m_ble_flash.o
    0x00045c30   0x00000009   Data   RO         2039    .conststring        drv_motion.o
    0x00045c39   0x00000003   PAD
    0x00045c3c   0x00000044   Data   RO         3791    .conststring        data_builder.o
    0x00045c80   0x00000045   Data   RO         7354    .conststring        softdevice_handler.o
    0x00045cc5   0x00000003   PAD
    0x00045cc8   0x0000000b   Data   RO         7487    .conststring        nrf_log_frontend.o
    0x00045cd3   0x00000001   PAD
    0x00045cd4   0x00000020   Data   RO         9550    Region$$Table       anon$$obj.o


    Execution Region RW_IRAM1 (Base: 0x20004068, Size: 0x00009288, Max: 0x0000bf98, ABSOLUTE, COMPRESSED[0x0000006c])

    Base Addr    Size         Type   Attr      Idx    E Section Name        Object

    0x20004068   0x00000018   Data   RW          322    .data               m_ble.o
    0x20004080   0x00000003   Data   RW          461    .data               m_ble_flash.o
    0x20004083   0x00000001   PAD
    0x20004084   0x00000010   Data   RW          535    .data               m_environment.o
    0x20004094   0x00000004   Data   RW          671    .data               m_environment_flash.o
    0x20004098   0x00000004   Data   RW          728    .data               m_motion.o
    0x2000409c   0x00000002   Data   RW          792    .data               m_motion_flash.o
    0x2000409e   0x00000002   PAD
    0x200040a0   0x00000008   Data   RW          847    .data               m_ui.o
    0x200040a8   0x00000008   Data   RW          848    .data               m_ui.o
    0x200040b0   0x00000004   Data   RW          849    .data               m_ui.o
    0x200040b4   0x00000002   Data   RW          940    .data               m_ui_flash.o
    0x200040b6   0x00000001   Data   RW          986    .data               m_sound.o
    0x200040b7   0x00000001   PAD
    0x200040b8   0x0000000c   Data   RW         1053    .data               advertiser_beacon_timeslot.o
    0x200040c4   0x00000008   Data   RW         1127    .data               twi_manager.o
    0x200040cc   0x00000010   Data   RW         1204    .data               m_batt_meas.o
    0x200040dc   0x00000014   Data   RW         1341    .data               drv_ext_light.o
    0x200040f0   0x00000004   Data   RW         1448    .data               drv_ccs811.o
    0x200040f4   0x00000010   Data   RW         1597    .data               drv_gas_sensor.o
    0x20004104   0x00000004   Data   RW         1691    .data               drv_bh1745.o
    0x20004108   0x00000008   Data   RW         1812    .data               drv_color.o
    0x20004110   0x00000010   Data   RW         1870    .data               drv_speaker.o
    0x20004120   0x00000004   Data   RW         2041    .data               drv_motion.o
    0x20004124   0x00000023   Data   RW         2042    .data               drv_motion.o
    0x20004147   0x00000001   Data   RW         2205    .data               drv_acc_lis3dh.o
    0x20004148   0x00000004   Data   RW         2348    .data               drv_lps22hb.o
    0x2000414c   0x00000004   Data   RW         2531    .data               drv_sx1509.o
    0x20004150   0x00000004   Data   RW         2838    .data               drv_hts221.o
    0x20004154   0x00000004   Data   RW         3025    .data               drv_ext_gpio.o
    0x20004158   0x00000008   Data   RW         3137    .data               sx150x_led_drv_calc.o
    0x20004160   0x00000008   Data   RW         3174    .data               drv_mic.o
    0x20004168   0x00000038   Data   RW         3283    .data               inv_mpu.o
    0x200041a0   0x00000004   Data   RW         4261    .data               message_layer.o
    0x200041a4   0x0000001f   Data   RW         5103    .data               ble_advertising.o
    0x200041c3   0x00000001   PAD
    0x200041c4   0x00000014   Data   RW         5178    .data               ble_conn_params.o
    0x200041d8   0x00000004   Data   RW         5637    .data               ble_dfu.o
    0x200041dc   0x00000008   Data   RW         6107    .data               nrf_drv_pwm.o
    0x200041e4   0x00000014   Data   RW         6477    .data               app_button.o
    0x200041f8   0x00000010   Data   RW         6578    .data               app_scheduler.o
    0x20004208   0x00000020   Data   RW         6629    .data               app_timer.o
    0x20004228   0x00000002   Data   RW         6835    .data               fstorage.o
    0x2000422a   0x00000002   PAD
    0x2000422c   0x00000018   Data   RW         6974    .data               fds.o
    0x20004244   0x00000008   Data   RW         7188    .data               nrf_dfu_settings.o
    0x2000424c   0x00000004   Data   RW         7254    .data               nrf_dfu_flash_buttonless.o
    0x20004250   0x00000014   Data   RW         7355    .data               softdevice_handler.o
    0x20004264   0x00000004   Data   RW         7488    .data               nrf_log_frontend.o
    0x20004268   0x00000003   Data   RW         8336    .data               drv_audio_coder_adpcm.o
    0x2000426b   0x00000001   PAD
    0x2000426c   0x00000008   Data   RW         8408    .data               drv_audio_pdm.o
    0x20004274   0x00000004   Data   RW         8462    .data               system_nrf52.o
    0x20004278   0x00000010   Data   RW         8593    .data               libmpllib.lib(compass_vec_cal.o)
    0x20004288   0x00000004   Data   RW         9521    .data               mc_w.l(mvars.o)
    0x2000428c   0x00000004   Data   RW         9522    .data               mc_w.l(mvars.o)
    0x20004290   0x00000004   Data   RW         9526    .data               mc_w.l(errno.o)
    0x20004294   0x00000010   Data   RW         6975    fs_data             fds.o
    0x200042a4   0x00000010   Data   RW         7255    fs_data             nrf_dfu_flash_buttonless.o
    0x200042b4   0x00000b18   Zero   RW           11    .bss                main.o
    0x20004dcc   0x000000c4   Zero   RW          320    .bss                m_ble.o
    0x20004e90   0x0000013c   Zero   RW          459    .bss                m_ble_flash.o
    0x20004fcc   0x00000020   Zero   RW          526    .bss                m_environment.o
    0x20004fec   0x00000020   Zero   RW          527    .bss                m_environment.o
    0x2000500c   0x00000020   Zero   RW          528    .bss                m_environment.o
    0x2000502c   0x00000020   Zero   RW          529    .bss                m_environment.o
    0x2000504c   0x00000020   Zero   RW          530    .bss                m_environment.o
    0x2000506c   0x00000040   Zero   RW          531    .bss                m_environment.o
    0x200050ac   0x00000034   Zero   RW          669    .bss                m_environment_flash.o
    0x200050e0   0x00000064   Zero   RW          725    .bss                m_motion.o
    0x20005144   0x0000001c   Zero   RW          790    .bss                m_motion_flash.o
    0x20005160   0x0000000c   Zero   RW          840    .bss                m_ui.o
    0x2000516c   0x00000020   Zero   RW          841    .bss                m_ui.o
    0x2000518c   0x0000000c   Zero   RW          842    .bss                m_ui.o
    0x20005198   0x00000020   Zero   RW          843    .bss                m_ui.o
    0x200051b8   0x00000034   Zero   RW          844    .bss                m_ui.o
    0x200051ec   0x00000018   Zero   RW          938    .bss                m_ui_flash.o
    0x20005204   0x0000002c   Zero   RW          985    .bss                m_sound.o
    0x20005230   0x00000058   Zero   RW         1052    .bss                advertiser_beacon_timeslot.o
    0x20005288   0x00000020   Zero   RW         1200    .bss                m_batt_meas.o
    0x200052a8   0x0000002c   Zero   RW         1201    .bss                m_batt_meas.o
    0x200052d4   0x0000000c   Zero   RW         1595    .bss                drv_gas_sensor.o
    0x200052e0   0x0000000c   Zero   RW         1810    .bss                drv_color.o
    0x200052ec   0x0000090c   Zero   RW         1868    .bss                drv_speaker.o
    0x20005bf8   0x00000014   Zero   RW         1947    .bss                drv_mpu9250.o
    0x20005c0c   0x00000020   Zero   RW         2034    .bss                drv_motion.o
    0x20005c2c   0x00000020   Zero   RW         2035    .bss                drv_motion.o
    0x20005c4c   0x00000020   Zero   RW         2036    .bss                drv_motion.o
    0x20005c6c   0x00000020   Zero   RW         2037    .bss                drv_motion.o
    0x20005c8c   0x00000010   Zero   RW         2203    .bss                drv_acc_lis3dh.o
    0x20005c9c   0x00000018   Zero   RW         2252    .bss                drv_pressure.o
    0x20005cb4   0x00000024   Zero   RW         2938    .bss                drv_humidity.o
    0x20005cd8   0x00000c18   Zero   RW         3172    .bss                drv_mic.o
    0x200068f0   0x00000010   Zero   RW         3570    .bss                inv_mpu_dmp_motion_driver.o
    0x20006900   0x000002d8   Zero   RW         3790    .bss                data_builder.o
    0x20006bd8   0x000000c4   Zero   RW         4180    .bss                hal_outputs.o
    0x20006c9c   0x00000088   Zero   RW         4683    .bss                results_holder.o
    0x20006d24   0x00000054   Zero   RW         4876    .bss                start_manager.o
    0x20006d78   0x00000198   Zero   RW         4909    .bss                storage_manager.o
    0x20006f10   0x00000028   Zero   RW         4953    .bss                empl_outputs.o
    0x20006f38   0x000000af   Zero   RW         5102    .bss                ble_advertising.o
    0x20006fe7   0x00000001   PAD
    0x20006fe8   0x00000020   Zero   RW         5175    .bss                ble_conn_params.o
    0x20007008   0x0000001c   Zero   RW         5176    .bss                ble_conn_params.o
    0x20007024   0x00000034   Zero   RW         5244    .bss                ble_conn_state.o
    0x20007058   0x0000006c   Zero   RW         5830    .bss                nrf_drv_gpiote.o
    0x200070c4   0x00000028   Zero   RW         5996    .bss                nrf_drv_twi.o
    0x200070ec   0x00000014   Zero   RW         6183    .bss                nrf_drv_clock.o
    0x20007100   0x00000030   Zero   RW         6296    .bss                nrf_drv_saadc.o
    0x20007130   0x00000014   Zero   RW         6418    .bss                nrf_drv_pdm.o
    0x20007144   0x00000020   Zero   RW         6475    .bss                app_button.o
    0x20007164   0x000000c8   Zero   RW         6834    .bss                fstorage.o
    0x2000722c   0x0000000c   Zero   RW         6897    .bss                app_util_platform.o
    0x20007238   0x00000184   Zero   RW         6972    .bss                fds.o
    0x200073bc   0x000002b8   Zero   RW         7187    .bss                nrf_dfu_settings.o
    0x20007674   0x00000418   Zero   RW         7485    .bss                nrf_log_frontend.o
    0x20007a8c   0x00000488   Zero   RW         7759    .bss                segger_rtt.o
    0x20007f14   0x00000400   Zero   RW         8406    .bss                drv_audio_pdm.o
    0x20008314   0x00000004   PAD
    0x20008318   0x000004b8   Zero   RW         8494    .bss                libmpllib.lib(accel_auto_cal.o)
    0x200087d0   0x00000460   Zero   RW         8592    .bss                libmpllib.lib(compass_vec_cal.o)
    0x20008c30   0x000002a0   Zero   RW         8622    .bss                libmpllib.lib(fast_no_motion.o)
    0x20008ed0   0x00000138   Zero   RW         8646    .bss                libmpllib.lib(fusion_9axis.o)
    0x20009008   0x000001c4   Zero   RW         8668    .bss                libmpllib.lib(gyro_tc.o)
    0x200091cc   0x000000b8   Zero   RW         8686    .bss                libmpllib.lib(mag_disturb.o)
    0x20009284   0x0000006c   Zero   RW         8708    .bss                libmpllib.lib(quaternion_supervisor.o)
    0x200092f0   0x00002000   Zero   RW         8451    HEAP                arm_startup_nrf52.o
    0x2000b2f0   0x00002000   Zero   RW         8450    STACK               arm_startup_nrf52.o



  Load Region LR$$.ARM.__AT_0x0007E000 (Base: 0x0007e000, Size: 0x00000000, Max: 0x00001000, ABSOLUTE)

    Execution Region ER$$.ARM.__AT_0x0007E000 (Base: 0x0007e000, Size: 0x00001000, Max: 0x00001000, ABSOLUTE, UNINIT)

    Base Addr    Size         Type   Attr      Idx    E Section Name        Object

    0x0007e000   0x00001000   Zero   RW         7184    .ARM.__AT_0x0007E000  nrf_dfu_settings.o



  Load Region LR$$.ARM.__AT_0x0007F000 (Base: 0x0007f000, Size: 0x00000000, Max: 0x00001000, ABSOLUTE)

    Execution Region ER$$.ARM.__AT_0x0007F000 (Base: 0x0007f000, Size: 0x00001000, Max: 0x00001000, ABSOLUTE, UNINIT)

    Base Addr    Size         Type   Attr      Idx    E Section Name        Object

    0x0007f000   0x00001000   Zero   RW         7185    .ARM.__AT_0x0007F000  nrf_dfu_settings.o



  Load Region LR$$.ARM.__AT_0x10001018 (Base: 0x10001018, Size: 0x00000004, Max: 0x00000004, ABSOLUTE)

    Execution Region ER$$.ARM.__AT_0x10001018 (Base: 0x10001018, Size: 0x00000004, Max: 0x00000004, ABSOLUTE, UNINIT)

    Base Addr    Size         Type   Attr      Idx    E Section Name        Object

    0x10001018   0x00000004   Data   RW         7186    .ARM.__AT_0x10001018  nrf_dfu_settings.o


==============================================================================

Image component sizes


      Code (inc. data)   RO Data    RW Data    ZI Data      Debug   Object Name

       832        154          0         12         88      34775   advertiser_beacon_timeslot.o
       364         38          8         20         32       5402   app_button.o
        26          0          0          0          0       3365   app_error.o
       272         14          0         16          0       4463   app_scheduler.o
      1600        102          0         32          0      41919   app_timer.o
        52          6          0          0          0       2017   app_timer_appsh.o
       148         12          0          0         12       9390   app_util_platform.o
        36          8       1024          0      16384        904   arm_startup_nrf52.o
      1436          0          0          0          0      16060   ble_advdata.o
      1062         58          0         31        175       7665   ble_advertising.o
       642          0          0          0          0       4751   ble_bas.o
       576         76          4         20         60       6157   ble_conn_params.o
       280          6          0          0         52       3219   ble_conn_state.o
       812         28         16          4          0      10191   ble_dfu.o
        20          0          0          0          0       2102   ble_srv_common.o
      1732          6         16          0          0       7718   ble_tcs.o
      2250          6         16          0          0      12130   ble_tes.o
      3790          4         16          0          0      18822   ble_tms.o
      1378          6         16          0          0       7886   ble_tss.o
      1174          4         16          0          0       6383   ble_uis.o
        76          6          0          0          0       1400   crc32.o
      2518        240         68          0        728      35758   data_builder.o
      1580        178          0          1         16       6816   drv_acc_lis3dh.o
        40          4          0          3          0       1749   drv_audio_coder_adpcm.o
       120         26         24          8       1024       7320   drv_audio_pdm.o
      1332        432          0          4          0      13263   drv_bh1745.o
      1080         60          0          4          0      14385   drv_ccs811.o
      1340        256          0          8         12       7159   drv_color.o
      1620        262          0          4          0       7590   drv_ext_gpio.o
      4452        492         84         20          0      17876   drv_ext_light.o
      2580        446          0         16         12      14657   drv_gas_sensor.o
      1552        460          0          4          0      14026   drv_hts221.o
      1552        388         12          0         36       9302   drv_humidity.o
      1700        494          0          4          0      11021   drv_lps22hb.o
       412         76          0          8       3096       5922   drv_mic.o
      2292        220         21         39        128      14956   drv_motion.o
       502         52          0          0         20      12567   drv_mpu9250.o
      1056        230         10          0         24      14030   drv_pressure.o
      1584        210      21252         16       2316      17142   drv_speaker.o
      1220         42          0          4          0      17926   drv_sx1509.o
       284         12        194          0          0       3071   dvi_adpcm.o
       988         96          0          0         40       9418   empl_outputs.o
      4248        256         20         40        388      29640   fds.o
      1368         70          0          2        200      10371   fstorage.o
       100          8          0          0        196       2594   hal_outputs.o
      4668        164        104         56          0      31774   inv_mpu.o
      2150        136       3062          0         16      18637   inv_mpu_dmp_motion_driver.o
       170         10          0          0          0       1110   log_nrf52.o
      1702        328         21         16         76      19988   m_batt_meas.o
      1990        148        306         24        196      53313   m_ble.o
       900        182         72          3        316      10164   m_ble_flash.o
      3432        380        124         16        224      27978   m_environment.o
      1340        280          0          4         52       7467   m_environment_flash.o
      1310        154         80          4        100      16901   m_motion.o
       844        192          0          2         28       5353   m_motion_flash.o
       388         50          0          1         44       8971   m_sound.o
      1334        232        112         20        140      16921   m_ui.o
       832        186          0          2         24       5325   m_ui_flash.o
      1476        318        692          0       2840     173632   main.o
        24          4          0          4          0       1394   message_layer.o
      2020         18          0          0          0      17323   ml_math_func.o
       308        116         47          0          0       5608   mpl.o
       208         32          0         20          0       4133   nrf_dfu_flash_buttonless.o
       284         42          0         12       8888       3708   nrf_dfu_settings.o
       252         28          0          0         20       8528   nrf_drv_clock.o
        56          0          0          0          0      28847   nrf_drv_common.o
      1200         76          0          0        108      21305   nrf_drv_gpiote.o
       528         92          0          0         20       8931   nrf_drv_pdm.o
       900         36          0          8          0      16090   nrf_drv_pwm.o
      1204        118          4          0         48      18533   nrf_drv_saadc.o
      1860         52         12          0         40      51748   nrf_drv_twi.o
       196         22         47          4       1048       5090   nrf_log_frontend.o
       106          0          0          0          0       6513   nrf_saadc.o
       968        130          0          0        136      17233   results_holder.o
       434          0          0          0          0       5390   sdk_mapped_flags.o
       466         44          0          0       1160       9005   segger_rtt.o
       960         10         16          0          0       5805   segger_rtt_printf.o
       706        144         69         20          0      39690   softdevice_handler.o
        36          6          0          0          0       2083   softdevice_handler_appsh.o
       172         18          0          0         84       3804   start_manager.o
       196         10          0          0        408       2953   storage_manager.o
       228         86          0          0          0       1045   support_func.o
      1588         52          6          8          0       6997   sx150x_led_drv_calc.o
       624        132          0          4          0       2347   system_nrf52.o
       108         10          0          8          0      35220   twi_manager.o

    ----------------------------------------------------------------------
     92294       9590      27644        564      41060    1232135   Object Totals
         0          0         32          0          0          0   (incl. Generated)
        48          8         21          8          5          0   (incl. Padding)

    ----------------------------------------------------------------------

      Code (inc. data)   RO Data    RW Data    ZI Data      Debug   Library Member Name

         0          0       2052          0          0       4636   arm_common_tables.o
       132         14          0          0          0      17062   arm_sin_f32.o
      3140        190          0          0       1208      21008   accel_auto_cal.o
      9456        298          0         16       1120       9988   compass_vec_cal.o
      2584         42          0          0        672      12312   fast_no_motion.o
      1712         72          0          0        312       5636   fusion_9axis.o
      1220         32          0          0        452       5735   gyro_tc.o
      1472         48          0          0        184       7614   mag_disturb.o
      2452        130          0          0        108       5637   quaternion_supervisor.o
       280         46          0          0          0        176   acosf.o
       592         90          0          0          0        184   atan2f.o
       200         20          0          0          0        164   cos.o
       368         46         48          0          0        200   cos_i.o
       336         56          0          0          0        136   cosf.o
       184         44          0          0          0        744   dunder.o
        44          0          0          0          0        248   fabs.o
        48          0          0          0          0        124   fpclassify.o
        38          0          0          0          0        116   fpclassifyf.o
        44         12          0          0          0        464   funder.o
       964         92         56          0          0        316   log.o
       248          0          0          0          0        152   poly.o
      3152        296        136          0          0        352   pow.o
         0          0          8          0          0          0   qnan.o
       224         30          0          0          0        172   round.o
      1080        142        200          0          0        188   rred.o
       340         24         32          0          0        160   rredf.o
       304         24         40          0          0        208   sin_i.o
       400         56          0          0          0        212   sinf.o
       232          0          0          0          0        296   sqrt_full.o
       120          0          0          0          0        272   sqrtf_full.o
        86          0          0          0          0          0   __dczerorl2.o
         0          0          0          0          0          0   entry.o
         0          0          0          0          0          0   entry10a.o
         0          0          0          0          0          0   entry11a.o
         8          4          0          0          0          0   entry2.o
         4          0          0          0          0          0   entry5.o
         0          0          0          0          0          0   entry7b.o
         0          0          0          0          0          0   entry8b.o
         8          4          0          0          0          0   entry9a.o
        12          6          0          4          0         68   errno.o
        30          0          0          0          0          0   handlers.o
        36          8          0          0          0         68   init.o
         0          0          0          0          0          0   iusefp.o
        98          0          0          0          0         84   ldiv.o
        30          0          0          0          0         68   llshl.o
        36          0          0          0          0         68   llsshr.o
        32          0          0          0          0         68   llushr.o
       188         20          0          0          0        160   malloc.o
        26          0          0          0          0         80   memcmp.o
        64          0          0          0          0         76   memmovea.o
        36          0          0          0          0        108   memseta.o
         0          0          0          8          0          0   mvars.o
      2272         86          0          0          0        516   printfa.o
        14          0          0          0          0         68   strlen.o
        44          0          0          0          0         80   uidiv.o
        98          0          0          0          0         92   uldiv.o
        48          0          0          0          0         68   cdcmple.o
        48          0          0          0          0         68   cdrcmple.o
        56          0          0          0          0         88   d2f.o
       334          0          0          0          0        148   dadd.o
       222          0          0          0          0        100   ddiv.o
       186          0          0          0          0        176   depilogue.o
        62          0          0          0          0         80   dfixi.o
        50          0          0          0          0         76   dfixui.o
        48          0          0          0          0         68   dfixul.o
        34          0          0          0          0         76   dflti.o
        26          0          0          0          0         76   dfltui.o
       228          0          0          0          0         96   dmul.o
       136          4          0          0          0         92   drnd.o
        46          0          0          0          0         80   dscalb.o
       162          0          0          0          0        100   dsqrt.o
        38          0          0          0          0         68   f2d.o
       110          0          0          0          0        168   fepilogue.o
        66          0          0          0          0         76   ffixl.o
        44          0          0          0          0         92   ffltl.o

    ----------------------------------------------------------------------
     36454       1944       2572         28       4056      97912   Library Totals
        22          8          0          0          0          0   (incl. Padding)

    ----------------------------------------------------------------------

      Code (inc. data)   RO Data    RW Data    ZI Data      Debug   Library Name

       132         14       2052          0          0      21698   arm_cortexM4lf_math.lib
     22036        812          0         16       4056      67930   libmpllib.lib
      9198        978        520          0          0       4884   m_wm.l
      3122        128          0         12          0       1604   mc_w.l
      1944          4          0          0          0       1796   mf_w.l

    ----------------------------------------------------------------------
     36454       1944       2572         28       4056      97912   Library Totals

    ----------------------------------------------------------------------

==============================================================================


      Code (inc. data)   RO Data    RW Data    ZI Data      Debug   

    128748      11534      30216        592      45116    1268359   Grand Totals
    128748      11534      30216        112      45116    1268359   ELF Image Totals (compressed)
    128748      11534      30216        112          0          0   ROM Totals

==============================================================================

    Total RO  Size (Code + RO Data)               158964 ( 155.24kB)
    Total RW  Size (RW Data + ZI Data)             45708 (  44.64kB)
    Total ROM Size (Code + RO Data + RW Data)     159076 ( 155.35kB)

==============================================================================

